10-30 23:01:30.771  9981  9981 E libbinder.IPCThreadState: Binder transaction failure. id: 1393587, cmd: BR_FAILED_REPLY (29201), error: -1 (Operation not permitted)
10-30 23:01:30.771  9981  9981 E libbinder.IPCThreadState: Binder transaction failure. id: 1393592, cmd: BR_FAILED_REPLY (29201), error: -1 (Operation not permitted)
10-30 23:01:30.772  9981  9981 E libbinder.IPCThreadState: Binder transaction failure. id: 1393596, cmd: BR_FAILED_REPLY (29201), error: -1 (Operation not permitted)
10-30 23:01:30.779  9981  9981 E libbinder.IPCThreadState: Binder transaction failure. id: 1393671, cmd: BR_FAILED_REPLY (29201), error: -1 (Operation not permitted)
10-30 23:01:30.780  9981  9981 E libbinder.IPCThreadState: Binder transaction failure. id: 1393675, cmd: BR_FAILED_REPLY (29201), error: -1 (Operation not permitted)
10-30 23:01:30.781  9981  9981 E libbinder.IPCThreadState: Binder transaction failure. id: 1393681, cmd: BR_FAILED_REPLY (29201), error: -1 (Operation not permitted)
10-30 23:01:30.781  9981  9981 E libbinder.IPCThreadState: Binder transaction failure. id: 1393685, cmd: BR_FAILED_REPLY (29201), error: -1 (Operation not permitted)
10-30 23:01:30.781  9981  9981 E libbinder.IPCThreadState: Binder transaction failure. id: 1393689, cmd: BR_FAILED_REPLY (29201), error: -1 (Operation not permitted)
10-30 23:01:30.781  9981  9981 E libbinder.IPCThreadState: Binder transaction failure. id: 1393693, cmd: BR_FAILED_REPLY (29201), error: -1 (Operation not permitted)
10-30 23:01:30.781  9981  9981 E libbinder.IPCThreadState: Binder transaction failure. id: 1393697, cmd: BR_FAILED_REPLY (29201), error: -1 (Operation not permitted)
10-30 23:01:30.782  9981  9981 E libbinder.IPCThreadState: Binder transaction failure. id: 1393702, cmd: BR_FAILED_REPLY (29201), error: -1 (Operation not permitted)
10-30 23:01:30.782  9981  9981 E libbinder.IPCThreadState: Binder transaction failure. id: 1393706, cmd: BR_FAILED_REPLY (29201), error: -1 (Operation not permitted)
10-30 23:01:30.782  9981  9981 E libbinder.IPCThreadState: Binder transaction failure. id: 1393710, cmd: BR_FAILED_REPLY (29201), error: -1 (Operation not permitted)
10-30 23:01:30.784  9981  9981 E libbinder.IPCThreadState: Binder transaction failure. id: 1393716, cmd: BR_FAILED_REPLY (29201), error: -1 (Operation not permitted)
10-30 23:01:30.784  9981  9981 E libbinder.IPCThreadState: Binder transaction failure. id: 1393720, cmd: BR_FAILED_REPLY (29201), error: -1 (Operation not permitted)
10-30 23:01:30.784  9981  9981 E libbinder.IPCThreadState: Binder transaction failure. id: 1393724, cmd: BR_FAILED_REPLY (29201), error: -1 (Operation not permitted)
10-30 23:01:30.787   690   710 V WindowManager:     startWCT=WindowContainerTransaction { changes= {} hops= [] errorCallbackToken=null taskFragmentOrganizer=null }
10-30 23:01:30.787  9981  9981 E libbinder.IPCThreadState: Binder transaction failure. id: 1393745, cmd: BR_FAILED_REPLY (29201), error: -1 (Operation not permitted)
10-30 23:01:30.787  9981  9981 E libbinder.IPCThreadState: Binder transaction failure. id: 1393749, cmd: BR_FAILED_REPLY (29201), error: -1 (Operation not permitted)
10-30 23:01:30.788  9981  9981 E libbinder.IPCThreadState: Binder transaction failure. id: 1393753, cmd: BR_FAILED_REPLY (29201), error: -1 (Operation not permitted)
10-30 23:01:30.788  9981  9981 E libbinder.IPCThreadState: Binder transaction failure. id: 1393757, cmd: BR_FAILED_REPLY (29201), error: -1 (Operation not permitted)
10-30 23:01:30.788  9981  9981 E libbinder.IPCThreadState: Binder transaction failure. id: 1393761, cmd: BR_FAILED_REPLY (29201), error: -1 (Operation not permitted)
10-30 23:01:30.788  9981  9981 E libbinder.IPCThreadState: Binder transaction failure. id: 1393765, cmd: BR_FAILED_REPLY (29201), error: -1 (Operation not permitted)
10-30 23:01:30.788  9981  9981 E libbinder.IPCThreadState: Binder transaction failure. id: 1393772, cmd: BR_FAILED_REPLY (29201), error: -1 (Operation not permitted)
10-30 23:01:30.789  9981  9981 E libbinder.IPCThreadState: Binder transaction failure. id: 1393776, cmd: BR_FAILED_REPLY (29201), error: -1 (Operation not permitted)
10-30 23:01:30.789  9981  9981 E libbinder.IPCThreadState: Binder transaction failure. id: 1393780, cmd: BR_FAILED_REPLY (29201), error: -1 (Operation not permitted)
10-30 23:01:30.789  9981  9981 E libbinder.IPCThreadState: Binder transaction failure. id: 1393784, cmd: BR_FAILED_REPLY (29201), error: -1 (Operation not permitted)
10-30 23:01:30.793  9981  9981 E libbinder.IPCThreadState: Binder transaction failure. id: 1393836, cmd: BR_FAILED_REPLY (29201), error: -1 (Operation not permitted)
10-30 23:01:30.793  9981  9981 E libbinder.IPCThreadState: Binder transaction failure. id: 1393840, cmd: BR_FAILED_REPLY (29201), error: -1 (Operation not permitted)
10-30 23:01:30.793  9981  9981 E libbinder.IPCThreadState: Binder transaction failure. id: 1393844, cmd: BR_FAILED_REPLY (29201), error: -1 (Operation not permitted)
10-30 23:01:30.956  9981  9981 E libbinder.IPCThreadState: Binder transaction failure. id: 1394755, cmd: BR_FAILED_REPLY (29201), error: -1 (Operation not permitted)
10-30 23:01:30.991  9981  9981 E libbinder.IPCThreadState: Binder transaction failure. id: 1395294, cmd: BR_FAILED_REPLY (29201), error: -1 (Operation not permitted)
10-30 23:01:31.050  8291  8291 E studio.deploy: ERROR: Could not remove dir '/data/data/com.mindgardenmobile/code_cache/.ll/': No such file or directory
10-30 23:01:31.274  9991  9991 E libbinder.IPCThreadState: Binder transaction failure. id: 1395594, cmd: BR_FAILED_REPLY (29201), error: -1 (Operation not permitted)
10-30 23:01:31.274  9991  9991 E libbinder.IPCThreadState: Binder transaction failure. id: 1395598, cmd: BR_FAILED_REPLY (29201), error: -1 (Operation not permitted)
10-30 23:01:31.274  9991  9991 E libbinder.IPCThreadState: Binder transaction failure. id: 1395602, cmd: BR_FAILED_REPLY (29201), error: -1 (Operation not permitted)
10-30 23:01:31.274  9991  9991 E libbinder.IPCThreadState: Binder transaction failure. id: 1395606, cmd: BR_FAILED_REPLY (29201), error: -1 (Operation not permitted)
10-30 23:01:31.274  9991  9991 E libbinder.IPCThreadState: Binder transaction failure. id: 1395610, cmd: BR_FAILED_REPLY (29201), error: -1 (Operation not permitted)
10-30 23:01:31.274  9991  9991 E libbinder.IPCThreadState: Binder transaction failure. id: 1395614, cmd: BR_FAILED_REPLY (29201), error: -1 (Operation not permitted)
10-30 23:01:31.274  9991  9991 E libbinder.IPCThreadState: Binder transaction failure. id: 1395618, cmd: BR_FAILED_REPLY (29201), error: -1 (Operation not permitted)
10-30 23:01:31.275  9991  9991 E libbinder.IPCThreadState: Binder transaction failure. id: 1395627, cmd: BR_FAILED_REPLY (29201), error: -1 (Operation not permitted)
10-30 23:01:31.275  9991  9991 E libbinder.IPCThreadState: Binder transaction failure. id: 1395636, cmd: BR_FAILED_REPLY (29201), error: -1 (Operation not permitted)
10-30 23:01:31.276  9991  9991 E libbinder.IPCThreadState: Binder transaction failure. id: 1395640, cmd: BR_FAILED_REPLY (29201), error: -1 (Operation not permitted)
10-30 23:01:31.276  9991  9991 E libbinder.IPCThreadState: Binder transaction failure. id: 1395649, cmd: BR_FAILED_REPLY (29201), error: -1 (Operation not permitted)
10-30 23:01:31.278  9991  9991 E libbinder.IPCThreadState: Binder transaction failure. id: 1395653, cmd: BR_FAILED_REPLY (29201), error: -1 (Operation not permitted)
10-30 23:01:31.279  9991  9991 E libbinder.IPCThreadState: Binder transaction failure. id: 1395657, cmd: BR_FAILED_REPLY (29201), error: -1 (Operation not permitted)
10-30 23:01:31.279  9991  9991 E libbinder.IPCThreadState: Binder transaction failure. id: 1395661, cmd: BR_FAILED_REPLY (29201), error: -1 (Operation not permitted)
10-30 23:01:31.286  9991  9991 E libbinder.IPCThreadState: Binder transaction failure. id: 1395687, cmd: BR_FAILED_REPLY (29201), error: -1 (Operation not permitted)
10-30 23:01:31.286  9991  9991 E libbinder.IPCThreadState: Binder transaction failure. id: 1395691, cmd: BR_FAILED_REPLY (29201), error: -1 (Operation not permitted)
10-30 23:01:31.286  9991  9991 E libbinder.IPCThreadState: Binder transaction failure. id: 1395695, cmd: BR_FAILED_REPLY (29201), error: -1 (Operation not permitted)
10-30 23:01:31.287  9991  9991 E libbinder.IPCThreadState: Binder transaction failure. id: 1395699, cmd: BR_FAILED_REPLY (29201), error: -1 (Operation not permitted)
10-30 23:01:31.287  9991  9991 E libbinder.IPCThreadState: Binder transaction failure. id: 1395703, cmd: BR_FAILED_REPLY (29201), error: -1 (Operation not permitted)
10-30 23:01:31.287  9991  9991 E libbinder.IPCThreadState: Binder transaction failure. id: 1395707, cmd: BR_FAILED_REPLY (29201), error: -1 (Operation not permitted)
10-30 23:01:31.287  9991  9991 E libbinder.IPCThreadState: Binder transaction failure. id: 1395711, cmd: BR_FAILED_REPLY (29201), error: -1 (Operation not permitted)
10-30 23:01:31.287  9991  9991 E libbinder.IPCThreadState: Binder transaction failure. id: 1395715, cmd: BR_FAILED_REPLY (29201), error: -1 (Operation not permitted)
10-30 23:01:31.287  9991  9991 E libbinder.IPCThreadState: Binder transaction failure. id: 1395719, cmd: BR_FAILED_REPLY (29201), error: -1 (Operation not permitted)
10-30 23:01:31.287  9991  9991 E libbinder.IPCThreadState: Binder transaction failure. id: 1395723, cmd: BR_FAILED_REPLY (29201), error: -1 (Operation not permitted)
10-30 23:01:31.287  9991  9991 E libbinder.IPCThreadState: Binder transaction failure. id: 1395727, cmd: BR_FAILED_REPLY (29201), error: -1 (Operation not permitted)
10-30 23:01:31.287  9991  9991 E libbinder.IPCThreadState: Binder transaction failure. id: 1395731, cmd: BR_FAILED_REPLY (29201), error: -1 (Operation not permitted)
10-30 23:01:31.288  9991  9991 E libbinder.IPCThreadState: Binder transaction failure. id: 1395735, cmd: BR_FAILED_REPLY (29201), error: -1 (Operation not permitted)
10-30 23:01:31.290  9991  9991 E libbinder.IPCThreadState: Binder transaction failure. id: 1395751, cmd: BR_FAILED_REPLY (29201), error: -1 (Operation not permitted)
10-30 23:01:31.290  9991  9991 E libbinder.IPCThreadState: Binder transaction failure. id: 1395759, cmd: BR_FAILED_REPLY (29201), error: -1 (Operation not permitted)
10-30 23:01:31.291  9991  9991 E libbinder.IPCThreadState: Binder transaction failure. id: 1395766, cmd: BR_FAILED_REPLY (29201), error: -1 (Operation not permitted)
10-30 23:01:31.292  9991  9991 E libbinder.IPCThreadState: Binder transaction failure. id: 1395770, cmd: BR_FAILED_REPLY (29201), error: -1 (Operation not permitted)
10-30 23:01:31.292  9991  9991 E libbinder.IPCThreadState: Binder transaction failure. id: 1395774, cmd: BR_FAILED_REPLY (29201), error: -1 (Operation not permitted)
10-30 23:01:31.293  9991  9991 E libbinder.IPCThreadState: Binder transaction failure. id: 1395780, cmd: BR_FAILED_REPLY (29201), error: -1 (Operation not permitted)
10-30 23:01:31.294  9991  9991 E libbinder.IPCThreadState: Binder transaction failure. id: 1395784, cmd: BR_FAILED_REPLY (29201), error: -1 (Operation not permitted)
10-30 23:01:31.295  9991  9991 E libbinder.IPCThreadState: Binder transaction failure. id: 1395788, cmd: BR_FAILED_REPLY (29201), error: -1 (Operation not permitted)
10-30 23:01:31.295  9991  9991 E libbinder.IPCThreadState: Binder transaction failure. id: 1395792, cmd: BR_FAILED_REPLY (29201), error: -1 (Operation not permitted)
10-30 23:01:31.296  9991  9991 E libbinder.IPCThreadState: Binder transaction failure. id: 1395796, cmd: BR_FAILED_REPLY (29201), error: -1 (Operation not permitted)
10-30 23:01:31.301  9991  9991 E libbinder.IPCThreadState: Binder transaction failure. id: 1395845, cmd: BR_FAILED_REPLY (29201), error: -1 (Operation not permitted)
10-30 23:01:31.301  9991  9991 E libbinder.IPCThreadState: Binder transaction failure. id: 1395849, cmd: BR_FAILED_REPLY (29201), error: -1 (Operation not permitted)
10-30 23:01:31.301  9991  9991 E libbinder.IPCThreadState: Binder transaction failure. id: 1395853, cmd: BR_FAILED_REPLY (29201), error: -1 (Operation not permitted)
10-30 23:01:31.352  9991  9991 E libbinder.IPCThreadState: Binder transaction failure. id: 1396540, cmd: BR_FAILED_REPLY (29201), error: -1 (Operation not permitted)
10-30 23:01:31.381  9991  9991 E libbinder.IPCThreadState: Binder transaction failure. id: 1397075, cmd: BR_FAILED_REPLY (29201), error: -1 (Operation not permitted)
10-30 23:01:31.596   690   710 V WindowManager:     startWCT=WindowContainerTransaction { changes= {} hops= [] errorCallbackToken=null taskFragmentOrganizer=null }
10-30 23:01:31.601   690  1932 E libbinder.IPCThreadState: Binder transaction failure. id: 1397492, cmd: BR_DEAD_REPLY (29189), error: -22 (Invalid argument)
10-30 23:01:31.601   690  1932 W ActivityManager: pid 690 system sent binder code 7 with flags 1 and got error -32
10-30 23:01:31.610   690  1932 W WindowManager: Exception thrown during dispatchAppVisibility Window{c0f35e u0 com.mindgardenmobile/com.mindgardenmobile.MainActivity EXITING}
10-30 23:01:31.610   690  1932 W WindowManager: android.os.DeadObjectException
10-30 23:01:32.247  9998 10013 W HWUI    : Failed to initialize 101010-2 format, error = EGL_SUCCESS
10-30 23:01:32.354  9998  9998 W unknown:BridgelessReact: ReactHost{0}.raiseSoftException(onWindowFocusChange(hasFocus = "true")): Tried to access onWindowFocusChange while context is not ready
10-30 23:01:32.355  9998  9998 E unknown:ReactHost: Unhandled SoftException
10-30 23:01:32.355  9998  9998 E unknown:ReactHost: com.facebook.react.bridge.ReactNoCrashSoftException: raiseSoftException(onWindowFocusChange(hasFocus = "true")): Tried to access onWindowFocusChange while context is not ready
10-30 23:01:32.355  9998  9998 E unknown:ReactHost: 	at com.facebook.react.runtime.ReactHostImpl.raiseSoftException(ReactHostImpl.kt:826)
10-30 23:01:32.355  9998  9998 E unknown:ReactHost: 	at com.facebook.react.runtime.ReactHostImpl.raiseSoftException$default(ReactHostImpl.kt:817)
10-30 23:01:35.253  9998 10043 E chromium: [1030/230135.253815:ERROR:variations_seed_loader.cc(39)] Seed missing signature.
10-30 23:01:35.485   690  3158 E TaskPersister: File error accessing recents directory (directory doesn't exist?).
10-30 23:03:51.734  6419 10073 E igsq    : java.lang.RuntimeException: ManagedChannel allocation site
10-30 23:03:51.735  6419 10073 E igsq    : java.lang.RuntimeException: ManagedChannel allocation site
10-30 23:03:51.735  6419 10073 E igsq    : java.lang.RuntimeException: ManagedChannel allocation site
10-30 23:03:52.196  6436  6875 W GLSUser : [AppCertManager] Exception while requesting key: 
10-30 23:03:52.196  6436  6875 W GLSUser : java.util.concurrent.ExecutionException: cnwu: Parse Proto Exception with response code 400
10-30 23:03:52.196  6436  6875 W GLSUser : Caused by: cnwu: Parse Proto Exception with response code 400
10-30 23:03:52.404  6419  8193 W Conscrypt: Could not set socket write timeout: java.net.SocketException: Socket closed
10-30 23:03:52.562  6419  8193 W Conscrypt: Could not set socket write timeout: java.net.SocketException: Socket closed
10-30 23:03:53.966  6419 10073 E constellation: Exception: 
10-30 23:03:53.981  7073 10072 W BugleRcsEngine: UPI - verifyPhoneNumber API returned an exception: 5008: sync [41955078-fea6-421f-b352-855cfa19a188] [CONTEXT log_prefix="(PEv2-SM33620755-DefaultCallSmsData-1-e2f)" thread_id=133 ]
10-30 23:21:43.624  1362  2133 W HWUI    : Failed to initialize 101010-2 format, error = EGL_SUCCESS
10-30 23:21:59.703   690   730 E BluetoothPowerStatsCollector: java.util.concurrent.ExecutionException: java.lang.RuntimeException: error: 11
10-30 23:21:59.703   690   730 E BluetoothPowerStatsCollector: Caused by: java.lang.RuntimeException: error: 11
10-30 23:21:59.703   690   730 E BluetoothPowerStatsCollector: 	at com.android.server.power.stats.BluetoothPowerStatsCollector$1.onBluetoothActivityEnergyInfoError(BluetoothPowerStatsCollector.java:180)
10-30 23:40:29.190  1362  2133 W HWUI    : Failed to initialize 101010-2 format, error = EGL_SUCCESS
10-31 01:24:50.194  1362  2133 W HWUI    : Failed to initialize 101010-2 format, error = EGL_SUCCESS
10-31 02:14:31.176   690   730 E BluetoothPowerStatsCollector: java.util.concurrent.ExecutionException: java.lang.RuntimeException: error: 11
10-31 02:14:31.176   690   730 E BluetoothPowerStatsCollector: Caused by: java.lang.RuntimeException: error: 11
10-31 02:14:31.176   690   730 E BluetoothPowerStatsCollector: 	at com.android.server.power.stats.BluetoothPowerStatsCollector$1.onBluetoothActivityEnergyInfoError(BluetoothPowerStatsCollector.java:180)
10-31 02:14:31.231   690   730 E BluetoothPowerStatsCollector: java.util.concurrent.ExecutionException: java.lang.RuntimeException: error: 11
10-31 02:14:31.231   690   730 E BluetoothPowerStatsCollector: Caused by: java.lang.RuntimeException: error: 11
10-31 02:14:31.231   690   730 E BluetoothPowerStatsCollector: 	at com.android.server.power.stats.BluetoothPowerStatsCollector$1.onBluetoothActivityEnergyInfoError(BluetoothPowerStatsCollector.java:180)
10-31 04:13:35.140  1362  2133 W HWUI    : Failed to initialize 101010-2 format, error = EGL_SUCCESS
10-31 06:27:42.336   690   730 E BluetoothPowerStatsCollector: java.util.concurrent.ExecutionException: java.lang.RuntimeException: error: 11
10-31 06:27:42.336   690   730 E BluetoothPowerStatsCollector: Caused by: java.lang.RuntimeException: error: 11
10-31 06:27:42.336   690   730 E BluetoothPowerStatsCollector: 	at com.android.server.power.stats.BluetoothPowerStatsCollector$1.onBluetoothActivityEnergyInfoError(BluetoothPowerStatsCollector.java:180)
10-31 06:28:07.763  6436  6538 V NativeCrypto: Read error: ssl=0xb400006ea5a153d8: I/O error during system call, Connection reset by peer
10-31 06:28:07.770  6436 10235 V NativeCrypto: SSL shutdown failed: ssl=0xb400006ea5a153d8: I/O error during system call, Broken pipe
10-31 06:28:08.137  6436  6446 W GLSUser : [AppCertManager] Exception while requesting key: 
10-31 06:28:08.137  6436  6446 W GLSUser : java.util.concurrent.ExecutionException: cnwu: Parse Proto Exception with response code 400
10-31 06:28:08.137  6436  6446 W GLSUser : Caused by: cnwu: Parse Proto Exception with response code 400
10-31 06:46:05.273  1362  2133 W HWUI    : Failed to initialize 101010-2 format, error = EGL_SUCCESS
10-31 07:02:40.230   690   730 E BluetoothPowerStatsCollector: java.util.concurrent.ExecutionException: java.lang.RuntimeException: error: 11
10-31 07:02:40.230   690   730 E BluetoothPowerStatsCollector: Caused by: java.lang.RuntimeException: error: 11
10-31 07:02:40.230   690   730 E BluetoothPowerStatsCollector: 	at com.android.server.power.stats.BluetoothPowerStatsCollector$1.onBluetoothActivityEnergyInfoError(BluetoothPowerStatsCollector.java:180)
10-31 07:02:40.272   690   730 E BluetoothPowerStatsCollector: java.util.concurrent.ExecutionException: java.lang.RuntimeException: error: 11
10-31 07:02:40.272   690   730 E BluetoothPowerStatsCollector: Caused by: java.lang.RuntimeException: error: 11
10-31 07:02:40.272   690   730 E BluetoothPowerStatsCollector: 	at com.android.server.power.stats.BluetoothPowerStatsCollector$1.onBluetoothActivityEnergyInfoError(BluetoothPowerStatsCollector.java:180)
10-31 08:44:45.904  7399  7447 E bluetooth: system/gd/os/linux_generic/files.cc:223 FileCreatedTime: unable to read '/data/misc/bluetooth/logs/btsnooz_hci.log' file metadata, error: No such file or directory
10-31 08:48:15.764  6436  6875 W GLSUser : [AppCertManager] Exception while requesting key: 
10-31 08:48:15.764  6436  6875 W GLSUser : java.util.concurrent.ExecutionException: cnwu: Parse Proto Exception with response code 400
10-31 08:48:15.764  6436  6875 W GLSUser : Caused by: cnwu: Parse Proto Exception with response code 400
10-31 08:48:15.781  6419  6806 E igsq    : java.lang.RuntimeException: ManagedChannel allocation site
10-31 08:48:57.006  9998 10037 E ReactNativeJS: 'React has detected a change in the order of Hooks called by %s. This will lead to bugs and errors if not fixed. For more information, read the Rules of Hooks: https://react.dev/link/rules-of-hooks\n\n   Previous render            Next render\n   ------------------------------------------------------\n%s   ^^^^^^^^^^^^^^^^^^^^^^^^^^^^^^^^^^^^^^^^^^^^^^^^^^^^^^\n', 'LoginScreen', '1. useContext                 useContext\n2. useState                   useState\n3. useState                   useState\n4. useState                   useState\n5. useState                   useState\n6. useState                   useState\n7. useState                   useEffect\n', { [Stack] name: 'Stack' }
10-31 08:48:57.061  9998 10037 E ReactNativeJS: { [ReferenceError: Property 'activeTab' doesn't exist]
10-31 08:48:57.061  9998 10037 E ReactNativeJS:   isComponentError: true }, { [Stack] name: 'Stack' }
10-31 08:49:05.146  9998 10037 E ReactNativeJS: { [Error: TransformError SyntaxError: /Users/mind/mindGarden/mobile/src/screens/auth/LoginScreen.js: Expected corresponding JSX closing tag for <View>. (287:8)
10-31 08:49:13.053  9998 10037 E ReactNativeJS: { [Error: TransformError SyntaxError: /Users/mind/mindGarden/mobile/src/screens/auth/LoginScreen.js: Expected corresponding JSX closing tag for <View>. (291:8)
10-31 08:49:17.761  9998 10037 E ReactNativeJS: { [Error: TransformError SyntaxError: /Users/mind/mindGarden/mobile/src/screens/auth/LoginScreen.js: Expected corresponding JSX closing tag for <View>. (291:8)
10-31 08:49:22.677  9998 10037 E ReactNativeJS: { [Error: TransformError SyntaxError: /Users/mind/mindGarden/mobile/src/screens/auth/LoginScreen.js: Expected corresponding JSX closing tag for <View>. (291:8)
10-31 08:49:27.752  9998 10037 E ReactNativeJS: { [Error: UnableToResolveError Unable to resolve module @react-native-picker/picker from /Users/mind/mindGarden/mobile/src/screens/auth/LoginScreen.js: @react-native-picker/picker could not be found within the project or in these directories:
10-31 08:49:34.809  9998 10037 E ReactNativeJS: { [Error: UnableToResolveError Unable to resolve module @react-native-picker/picker from /Users/mind/mindGarden/mobile/src/screens/auth/LoginScreen.js: @react-native-picker/picker could not be found within the project or in these directories:
10-31 08:49:39.653  9998 10037 E ReactNativeJS: { [Error: UnableToResolveError Unable to resolve module @react-native-picker/picker from /Users/mind/mindGarden/mobile/src/screens/auth/LoginScreen.js: @react-native-picker/picker could not be found within the project or in these directories:
10-31 08:49:44.639  9998 10037 E ReactNativeJS: { [Error: UnableToResolveError Unable to resolve module @react-native-picker/picker from /Users/mind/mindGarden/mobile/src/screens/auth/LoginScreen.js: @react-native-picker/picker could not be found within the project or in these directories:
10-31 08:49:53.978  9998 10037 E ReactNativeJS: { [Error: UnableToResolveError Unable to resolve module @react-native-picker/picker from /Users/mind/mindGarden/mobile/src/screens/auth/LoginScreen.js: @react-native-picker/picker could not be found within the project or in these directories:
10-31 08:49:57.407   690   730 E BluetoothPowerStatsCollector: java.util.concurrent.ExecutionException: java.lang.RuntimeException: error: 11
10-31 08:49:57.407   690   730 E BluetoothPowerStatsCollector: Caused by: java.lang.RuntimeException: error: 11
10-31 08:49:57.407   690   730 E BluetoothPowerStatsCollector: 	at com.android.server.power.stats.BluetoothPowerStatsCollector$1.onBluetoothActivityEnergyInfoError(BluetoothPowerStatsCollector.java:180)
10-31 08:49:59.644  9998 10037 E ReactNativeJS: { [Error: UnableToResolveError Unable to resolve module @react-native-picker/picker from /Users/mind/mindGarden/mobile/src/screens/auth/LoginScreen.js: @react-native-picker/picker could not be found within the project or in these directories:
10-31 08:50:13.162  9998 10037 E ReactNativeJS: { [Error: UnableToResolveError Unable to resolve module @react-native-picker/picker from /Users/mind/mindGarden/mobile/src/screens/auth/LoginScreen.js: @react-native-picker/picker could not be found within the project or in these directories:
10-31 08:52:10.518  9998 10037 E ReactNativeJS: { [Error: UnableToResolveError Unable to resolve module @react-native-picker/picker from /Users/mind/mindGarden/mobile/src/screens/auth/LoginScreen.js: @react-native-picker/picker could not be found within the project or in these directories:
10-31 08:52:10.624  9998 10037 E ReactNativeJS: { [Error: UnableToResolveError Unable to resolve module @react-native-picker/picker from /Users/mind/mindGarden/mobile/src/screens/auth/LoginScreen.js: @react-native-picker/picker could not be found within the project or in these directories:
10-31 08:52:23.959  9998 10037 E ReactNativeJS: { [Error: UnableToResolveError Unable to resolve module @react-native-picker/picker from /Users/mind/mindGarden/mobile/src/screens/auth/LoginScreen.js: @react-native-picker/picker could not be found within the project or in these directories:
10-31 08:52:24.029  9998 10037 E ReactNativeJS: { [Error: UnableToResolveError Unable to resolve module @react-native-picker/picker from /Users/mind/mindGarden/mobile/src/screens/auth/LoginScreen.js: @react-native-picker/picker could not be found within the project or in these directories:
10-31 08:52:24.095  9998 10037 E ReactNativeJS: { [Error: UnableToResolveError Unable to resolve module @react-native-picker/picker from /Users/mind/mindGarden/mobile/src/screens/auth/LoginScreen.js: @react-native-picker/picker could not be found within the project or in these directories:
10-31 08:53:33.263  9998 10037 E ReactNativeJS: { [Error: UnableToResolveError Unable to resolve module @react-native-picker/picker from /Users/mind/mindGarden/mobile/src/screens/auth/LoginScreen.js: @react-native-picker/picker could not be found within the project or in these directories:
10-31 08:53:33.302  9998 10037 E ReactNativeJS: { [Error: UnableToResolveError Unable to resolve module @react-native-picker/picker from /Users/mind/mindGarden/mobile/src/screens/auth/LoginScreen.js: @react-native-picker/picker could not be found within the project or in these directories:
10-31 08:53:33.303  9998 10037 E ReactNativeJS: { [Error: UnableToResolveError Unable to resolve module @react-native-picker/picker from /Users/mind/mindGarden/mobile/src/screens/auth/LoginScreen.js: @react-native-picker/picker could not be found within the project or in these directories:
10-31 08:53:47.223  9998 10037 E ReactNativeJS: { [Error: UnableToResolveError Unable to resolve module @react-native-picker/picker from /Users/mind/mindGarden/mobile/src/screens/auth/LoginScreen.js: @react-native-picker/picker could not be found within the project or in these directories:
10-31 08:53:47.397  9998 10037 E ReactNativeJS: { [Error: UnableToResolveError Unable to resolve module @react-native-picker/picker from /Users/mind/mindGarden/mobile/src/screens/auth/LoginScreen.js: @react-native-picker/picker could not be found within the project or in these directories:
10-31 08:53:47.475  9998 10037 E ReactNativeJS: { [Error: UnableToResolveError Unable to resolve module @react-native-picker/picker from /Users/mind/mindGarden/mobile/src/screens/auth/LoginScreen.js: @react-native-picker/picker could not be found within the project or in these directories:
10-31 08:54:03.094  9998 10037 E ReactNativeJS: { [Error: UnableToResolveError Unable to resolve module @react-native-picker/picker from /Users/mind/mindGarden/mobile/src/screens/auth/LoginScreen.js: @react-native-picker/picker could not be found within the project or in these directories:
10-31 08:54:03.195  9998 10037 E ReactNativeJS: { [Error: UnableToResolveError Unable to resolve module @react-native-picker/picker from /Users/mind/mindGarden/mobile/src/screens/auth/LoginScreen.js: @react-native-picker/picker could not be found within the project or in these directories:
10-31 08:54:03.281  9998 10037 E ReactNativeJS: { [Error: UnableToResolveError Unable to resolve module @react-native-picker/picker from /Users/mind/mindGarden/mobile/src/screens/auth/LoginScreen.js: @react-native-picker/picker could not be found within the project or in these directories:
10-31 08:54:03.346  9998 10037 E ReactNativeJS: { [Error: UnableToResolveError Unable to resolve module @react-native-picker/picker from /Users/mind/mindGarden/mobile/src/screens/auth/LoginScreen.js: @react-native-picker/picker could not be found within the project or in these directories:
10-31 08:54:19.157  9998 10037 E ReactNativeJS: { [Error: UnableToResolveError Unable to resolve module @react-native-picker/picker from /Users/mind/mindGarden/mobile/src/screens/auth/LoginScreen.js: @react-native-picker/picker could not be found within the project or in these directories:
10-31 08:54:19.193  9998 10037 E ReactNativeJS: { [Error: UnableToResolveError Unable to resolve module @react-native-picker/picker from /Users/mind/mindGarden/mobile/src/screens/auth/LoginScreen.js: @react-native-picker/picker could not be found within the project or in these directories:
10-31 08:54:19.304  9998 10037 E ReactNativeJS: { [Error: UnableToResolveError Unable to resolve module @react-native-picker/picker from /Users/mind/mindGarden/mobile/src/screens/auth/LoginScreen.js: @react-native-picker/picker could not be found within the project or in these directories:
10-31 08:54:19.371  9998 10037 E ReactNativeJS: { [Error: UnableToResolveError Unable to resolve module @react-native-picker/picker from /Users/mind/mindGarden/mobile/src/screens/auth/LoginScreen.js: @react-native-picker/picker could not be found within the project or in these directories:
10-31 08:54:31.263  9998 10037 E ReactNativeJS: { [Error: UnableToResolveError Unable to resolve module @react-native-picker/picker from /Users/mind/mindGarden/mobile/src/screens/auth/LoginScreen.js: @react-native-picker/picker could not be found within the project or in these directories:
10-31 08:54:31.358  9998 10037 E ReactNativeJS: { [Error: UnableToResolveError Unable to resolve module @react-native-picker/picker from /Users/mind/mindGarden/mobile/src/screens/auth/LoginScreen.js: @react-native-picker/picker could not be found within the project or in these directories:
10-31 08:54:31.447  9998 10037 E ReactNativeJS: { [Error: UnableToResolveError Unable to resolve module @react-native-picker/picker from /Users/mind/mindGarden/mobile/src/screens/auth/LoginScreen.js: @react-native-picker/picker could not be found within the project or in these directories:
10-31 08:54:42.203  9998 10037 E ReactNativeJS: { [Error: UnableToResolveError Unable to resolve module @react-native-picker/picker from /Users/mind/mindGarden/mobile/src/screens/auth/LoginScreen.js: @react-native-picker/picker could not be found within the project or in these directories:
10-31 08:57:18.842   690   730 E BluetoothPowerStatsCollector: java.util.concurrent.ExecutionException: java.lang.RuntimeException: error: 11
10-31 08:57:18.842   690   730 E BluetoothPowerStatsCollector: Caused by: java.lang.RuntimeException: error: 11
10-31 08:57:18.842   690   730 E BluetoothPowerStatsCollector: 	at com.android.server.power.stats.BluetoothPowerStatsCollector$1.onBluetoothActivityEnergyInfoError(BluetoothPowerStatsCollector.java:180)
10-31 09:00:00.131   690   730 E BluetoothPowerStatsCollector: java.util.concurrent.ExecutionException: java.lang.RuntimeException: error: 11
10-31 09:00:00.131   690   730 E BluetoothPowerStatsCollector: Caused by: java.lang.RuntimeException: error: 11
10-31 09:00:00.131   690   730 E BluetoothPowerStatsCollector: 	at com.android.server.power.stats.BluetoothPowerStatsCollector$1.onBluetoothActivityEnergyInfoError(BluetoothPowerStatsCollector.java:180)
10-31 09:00:00.205   690   730 E BluetoothPowerStatsCollector: java.util.concurrent.ExecutionException: java.lang.RuntimeException: error: 11
10-31 09:00:00.205   690   730 E BluetoothPowerStatsCollector: Caused by: java.lang.RuntimeException: error: 11
10-31 09:00:00.205   690   730 E BluetoothPowerStatsCollector: 	at com.android.server.power.stats.BluetoothPowerStatsCollector$1.onBluetoothActivityEnergyInfoError(BluetoothPowerStatsCollector.java:180)
10-31 09:01:21.624  9998 10037 E ReactNativeJS: { [Error: UnableToResolveError Unable to resolve module @react-native-picker/picker from /Users/mind/mindGarden/mobile/src/screens/auth/LoginScreen.js: @react-native-picker/picker could not be found within the project or in these directories:
10-31 09:01:22.073  9998 10037 E ReactNativeJS: { [Error: UnableToResolveError Unable to resolve module @react-native-picker/picker from /Users/mind/mindGarden/mobile/src/screens/auth/LoginScreen.js: @react-native-picker/picker could not be found within the project or in these directories:
10-31 09:01:33.407  9998 10037 E ReactNativeJS: { [Error: UnableToResolveError Unable to resolve module @react-native-picker/picker from /Users/mind/mindGarden/mobile/src/screens/auth/LoginScreen.js: @react-native-picker/picker could not be found within the project or in these directories:
10-31 09:01:41.905  9998 10037 E ReactNativeJS: { [Error: UnableToResolveError Unable to resolve module @react-native-picker/picker from /Users/mind/mindGarden/mobile/src/screens/auth/LoginScreen.js: @react-native-picker/picker could not be found within the project or in these directories:
10-31 09:01:42.276  9998 10037 E ReactNativeJS: { [Error: UnableToResolveError Unable to resolve module @react-native-picker/picker from /Users/mind/mindGarden/mobile/src/screens/auth/LoginScreen.js: @react-native-picker/picker could not be found within the project or in these directories:
10-31 09:01:50.943  9998 10037 E ReactNativeJS: { [Error: UnableToResolveError Unable to resolve module @react-native-picker/picker from /Users/mind/mindGarden/mobile/src/screens/auth/LoginScreen.js: @react-native-picker/picker could not be found within the project or in these directories:
10-31 09:02:18.162  9998 10037 E ReactNativeJS: { [Error: UnableToResolveError Unable to resolve module @react-native-picker/picker from /Users/mind/mindGarden/mobile/src/screens/auth/LoginScreen.js: @react-native-picker/picker could not be found within the project or in these directories:
10-31 09:02:28.045  9998 10037 E ReactNativeJS: { [Error: UnableToResolveError Unable to resolve module @react-native-picker/picker from /Users/mind/mindGarden/mobile/src/screens/auth/LoginScreen.js: @react-native-picker/picker could not be found within the project or in these directories:
10-31 09:02:38.150  9998 10037 E ReactNativeJS: { [Error: UnableToResolveError Unable to resolve module @react-native-picker/picker from /Users/mind/mindGarden/mobile/src/screens/auth/LoginScreen.js: @react-native-picker/picker could not be found within the project or in these directories:
10-31 09:02:45.006  9998 10037 E ReactNativeJS: { [Error: UnableToResolveError Unable to resolve module @react-native-picker/picker from /Users/mind/mindGarden/mobile/src/screens/auth/LoginScreen.js: @react-native-picker/picker could not be found within the project or in these directories:
10-31 09:02:49.150  9998 10037 E ReactNativeJS: { [Error: UnableToResolveError Unable to resolve module @react-native-picker/picker from /Users/mind/mindGarden/mobile/src/screens/auth/LoginScreen.js: @react-native-picker/picker could not be found within the project or in these directories:
10-31 09:03:19.291  9998 10037 E ReactNativeJS: { [Error: UnableToResolveError Unable to resolve module @react-native-picker/picker from /Users/mind/mindGarden/mobile/src/screens/auth/LoginScreen.js: @react-native-picker/picker could not be found within the project or in these directories:
10-31 09:03:24.409  9998 10037 E ReactNativeJS: { [Error: UnableToResolveError Unable to resolve module @react-native-picker/picker from /Users/mind/mindGarden/mobile/src/screens/auth/LoginScreen.js: @react-native-picker/picker could not be found within the project or in these directories:
10-31 09:04:10.619  9998 10037 E ReactNativeJS: { [Error: UnableToResolveError Unable to resolve module @react-native-picker/picker from /Users/mind/mindGarden/mobile/src/screens/auth/LoginScreen.js: @react-native-picker/picker could not be found within the project or in these directories:
10-31 09:04:15.908  9998 10037 E ReactNativeJS: { [Error: UnableToResolveError Unable to resolve module @react-native-picker/picker from /Users/mind/mindGarden/mobile/src/screens/auth/LoginScreen.js: @react-native-picker/picker could not be found within the project or in these directories:
10-31 09:04:26.517  9998 10037 E ReactNativeJS: { [Error: UnableToResolveError Unable to resolve module @react-native-picker/picker from /Users/mind/mindGarden/mobile/src/screens/auth/LoginScreen.js: @react-native-picker/picker could not be found within the project or in these directories:
10-31 09:04:27.050  9998 10037 E ReactNativeJS: { [Error: UnableToResolveError Unable to resolve module @react-native-picker/picker from /Users/mind/mindGarden/mobile/src/screens/auth/LoginScreen.js: @react-native-picker/picker could not be found within the project or in these directories:
10-31 09:05:46.450  9998 10037 E ReactNativeJS: { [Error: UnableToResolveError Unable to resolve module @react-native-picker/picker from /Users/mind/mindGarden/mobile/src/screens/auth/LoginScreen.js: @react-native-picker/picker could not be found within the project or in these directories:
10-31 09:06:18.480  9998 10037 E ReactNativeJS: { [Error: UnableToResolveError Unable to resolve module @react-native-picker/picker from /Users/mind/mindGarden/mobile/src/screens/auth/LoginScreen.js: @react-native-picker/picker could not be found within the project or in these directories:
10-31 09:06:22.076  9998 10037 E ReactNativeJS: { [Error: UnableToResolveError Unable to resolve module @react-native-picker/picker from /Users/mind/mindGarden/mobile/src/screens/auth/LoginScreen.js: @react-native-picker/picker could not be found within the project or in these directories:
10-31 09:06:53.329  9998 10037 E ReactNativeJS: { [Error: UnableToResolveError Unable to resolve module @react-native-picker/picker from /Users/mind/mindGarden/mobile/src/screens/auth/LoginScreen.js: @react-native-picker/picker could not be found within the project or in these directories:
10-31 09:07:24.189  9998 10037 E ReactNativeJS: { [Error: UnableToResolveError Unable to resolve module @react-native-picker/picker from /Users/mind/mindGarden/mobile/src/screens/auth/LoginScreen.js: @react-native-picker/picker could not be found within the project or in these directories:
10-31 09:07:28.827  9998 10037 E ReactNativeJS: { [Error: UnableToResolveError Unable to resolve module @react-native-picker/picker from /Users/mind/mindGarden/mobile/src/screens/auth/LoginScreen.js: @react-native-picker/picker could not be found within the project or in these directories:
10-31 09:07:38.397  9998 10037 E ReactNativeJS: { [Error: UnableToResolveError Unable to resolve module @react-native-picker/picker from /Users/mind/mindGarden/mobile/src/screens/auth/LoginScreen.js: @react-native-picker/picker could not be found within the project or in these directories:
10-31 09:08:17.410  9998 10037 E ReactNativeJS: { [Error: UnableToResolveError Unable to resolve module @react-native-picker/picker from /Users/mind/mindGarden/mobile/src/screens/auth/LoginScreen.js: @react-native-picker/picker could not be found within the project or in these directories:
10-31 09:08:22.401  9998 10037 E ReactNativeJS: { [Error: UnableToResolveError Unable to resolve module @react-native-picker/picker from /Users/mind/mindGarden/mobile/src/screens/auth/LoginScreen.js: @react-native-picker/picker could not be found within the project or in these directories:
10-31 09:08:30.663  9998 10037 E ReactNativeJS: { [Error: UnableToResolveError Unable to resolve module @react-native-picker/picker from /Users/mind/mindGarden/mobile/src/screens/auth/LoginScreen.js: @react-native-picker/picker could not be found within the project or in these directories:
10-31 09:08:50.974  9998 10037 E ReactNativeJS: { [Error: UnableToResolveError Unable to resolve module @react-native-picker/picker from /Users/mind/mindGarden/mobile/src/screens/auth/LoginScreen.js: @react-native-picker/picker could not be found within the project or in these directories:
10-31 09:08:58.183  9998 10037 E ReactNativeJS: { [Error: UnableToResolveError Unable to resolve module @react-native-picker/picker from /Users/mind/mindGarden/mobile/src/screens/auth/LoginScreen.js: @react-native-picker/picker could not be found within the project or in these directories:
10-31 09:09:23.883  9998 10037 E ReactNativeJS: { [Error: UnableToResolveError Unable to resolve module @react-native-picker/picker from /Users/mind/mindGarden/mobile/src/screens/auth/LoginScreen.js: @react-native-picker/picker could not be found within the project or in these directories:
10-31 09:09:32.133  9998 10037 E ReactNativeJS: { [Error: UnableToResolveError Unable to resolve module @react-native-picker/picker from /Users/mind/mindGarden/mobile/src/screens/auth/LoginScreen.js: @react-native-picker/picker could not be found within the project or in these directories:
10-31 09:09:37.173  9998 10037 E ReactNativeJS: { [Error: UnableToResolveError Unable to resolve module @react-native-picker/picker from /Users/mind/mindGarden/mobile/src/screens/auth/LoginScreen.js: @react-native-picker/picker could not be found within the project or in these directories:
10-31 09:09:45.914  9998 10037 E ReactNativeJS: { [Error: UnableToResolveError Unable to resolve module @react-native-picker/picker from /Users/mind/mindGarden/mobile/src/screens/auth/LoginScreen.js: @react-native-picker/picker could not be found within the project or in these directories:
10-31 09:10:05.737  9998 10037 E ReactNativeJS: { [Error: UnableToResolveError Unable to resolve module @react-native-picker/picker from /Users/mind/mindGarden/mobile/src/screens/auth/LoginScreen.js: @react-native-picker/picker could not be found within the project or in these directories:
10-31 09:10:16.041  9998 10037 E ReactNativeJS: { [Error: UnableToResolveError Unable to resolve module @react-native-picker/picker from /Users/mind/mindGarden/mobile/src/screens/auth/LoginScreen.js: @react-native-picker/picker could not be found within the project or in these directories:
10-31 09:10:20.257  9998 10037 E ReactNativeJS: { [Error: UnableToResolveError Unable to resolve module @react-native-picker/picker from /Users/mind/mindGarden/mobile/src/screens/auth/LoginScreen.js: @react-native-picker/picker could not be found within the project or in these directories:
10-31 09:10:27.950  9998 10037 E ReactNativeJS: { [Error: UnableToResolveError Unable to resolve module @react-native-picker/picker from /Users/mind/mindGarden/mobile/src/screens/auth/LoginScreen.js: @react-native-picker/picker could not be found within the project or in these directories:
10-31 09:10:38.660  9998 10037 E ReactNativeJS: { [Error: UnableToResolveError Unable to resolve module @react-native-picker/picker from /Users/mind/mindGarden/mobile/src/screens/auth/LoginScreen.js: @react-native-picker/picker could not be found within the project or in these directories:
10-31 09:10:55.820  9998 10037 E ReactNativeJS: { [Error: UnableToResolveError Unable to resolve module @react-native-picker/picker from /Users/mind/mindGarden/mobile/src/screens/auth/LoginScreen.js: @react-native-picker/picker could not be found within the project or in these directories:
10-31 09:10:56.152  9998 10037 E ReactNativeJS: { [Error: UnableToResolveError Unable to resolve module @react-native-picker/picker from /Users/mind/mindGarden/mobile/src/screens/auth/LoginScreen.js: @react-native-picker/picker could not be found within the project or in these directories:
10-31 09:10:58.364  9998 10037 E ReactNativeJS: { [Error: UnableToResolveError Unable to resolve module @react-native-picker/picker from /Users/mind/mindGarden/mobile/src/screens/auth/LoginScreen.js: @react-native-picker/picker could not be found within the project or in these directories:
10-31 09:10:58.752  9998 10037 E ReactNativeJS: { [Error: UnableToResolveError Unable to resolve module @react-native-picker/picker from /Users/mind/mindGarden/mobile/src/screens/auth/LoginScreen.js: @react-native-picker/picker could not be found within the project or in these directories:
10-31 09:11:03.735  9998 10037 E ReactNativeJS: { [Error: UnableToResolveError Unable to resolve module @react-native-picker/picker from /Users/mind/mindGarden/mobile/src/screens/auth/LoginScreen.js: @react-native-picker/picker could not be found within the project or in these directories:
10-31 09:11:09.486  9998 10037 E ReactNativeJS: { [Error: UnableToResolveError Unable to resolve module @react-native-picker/picker from /Users/mind/mindGarden/mobile/src/screens/auth/LoginScreen.js: @react-native-picker/picker could not be found within the project or in these directories:
10-31 09:11:17.449  9998 10037 E ReactNativeJS: { [Error: UnableToResolveError Unable to resolve module @react-native-picker/picker from /Users/mind/mindGarden/mobile/src/screens/auth/LoginScreen.js: @react-native-picker/picker could not be found within the project or in these directories:
10-31 09:11:47.334  9998 10037 E ReactNativeJS: { [Error: UnableToResolveError Unable to resolve module @react-native-picker/picker from /Users/mind/mindGarden/mobile/src/screens/auth/LoginScreen.js: @react-native-picker/picker could not be found within the project or in these directories:
10-31 09:11:47.818  9998 10037 E ReactNativeJS: { [Error: UnableToResolveError Unable to resolve module @react-native-picker/picker from /Users/mind/mindGarden/mobile/src/screens/auth/LoginScreen.js: @react-native-picker/picker could not be found within the project or in these directories:
10-31 09:11:48.336  9998 10037 E ReactNativeJS: { [Error: UnableToResolveError Unable to resolve module @react-native-picker/picker from /Users/mind/mindGarden/mobile/src/screens/auth/LoginScreen.js: @react-native-picker/picker could not be found within the project or in these directories:
10-31 09:11:48.831  9998 10037 E ReactNativeJS: { [Error: UnableToResolveError Unable to resolve module @react-native-picker/picker from /Users/mind/mindGarden/mobile/src/screens/auth/LoginScreen.js: @react-native-picker/picker could not be found within the project or in these directories:
10-31 09:11:49.381  9998 10037 E ReactNativeJS: { [Error: UnableToResolveError Unable to resolve module @react-native-picker/picker from /Users/mind/mindGarden/mobile/src/screens/auth/LoginScreen.js: @react-native-picker/picker could not be found within the project or in these directories:
10-31 09:11:49.830  9998 10037 E ReactNativeJS: { [Error: UnableToResolveError Unable to resolve module @react-native-picker/picker from /Users/mind/mindGarden/mobile/src/screens/auth/LoginScreen.js: @react-native-picker/picker could not be found within the project or in these directories:
10-31 09:11:55.887  9998 10037 E ReactNativeJS: { [Error: UnableToResolveError Unable to resolve module @react-native-picker/picker from /Users/mind/mindGarden/mobile/src/screens/auth/LoginScreen.js: @react-native-picker/picker could not be found within the project or in these directories:
10-31 09:11:58.666  9998 10037 E ReactNativeJS: { [Error: UnableToResolveError Unable to resolve module @react-native-picker/picker from /Users/mind/mindGarden/mobile/src/screens/auth/LoginScreen.js: @react-native-picker/picker could not be found within the project or in these directories:
10-31 09:11:59.221  9998 10037 E ReactNativeJS: { [Error: UnableToResolveError Unable to resolve module @react-native-picker/picker from /Users/mind/mindGarden/mobile/src/screens/auth/LoginScreen.js: @react-native-picker/picker could not be found within the project or in these directories:
10-31 09:11:59.808  9998 10037 E ReactNativeJS: { [Error: UnableToResolveError Unable to resolve module @react-native-picker/picker from /Users/mind/mindGarden/mobile/src/screens/auth/LoginScreen.js: @react-native-picker/picker could not be found within the project or in these directories:
10-31 09:12:03.535   690   710 V WindowManager:     startWCT=WindowContainerTransaction { changes= {} hops= [] errorCallbackToken=null taskFragmentOrganizer=null }
10-31 09:12:03.849 10735 10735 E libbinder.IPCThreadState: Binder transaction failure. id: 1906967, cmd: BR_FAILED_REPLY (29201), error: -1 (Operation not permitted)
10-31 09:12:03.849 10735 10735 E libbinder.IPCThreadState: Binder transaction failure. id: 1906972, cmd: BR_FAILED_REPLY (29201), error: -1 (Operation not permitted)
10-31 09:12:03.851 10735 10735 E libbinder.IPCThreadState: Binder transaction failure. id: 1906987, cmd: BR_FAILED_REPLY (29201), error: -1 (Operation not permitted)
10-31 09:12:03.851 10735 10735 E libbinder.IPCThreadState: Binder transaction failure. id: 1906994, cmd: BR_FAILED_REPLY (29201), error: -1 (Operation not permitted)
10-31 09:12:03.852 10735 10735 E libbinder.IPCThreadState: Binder transaction failure. id: 1906999, cmd: BR_FAILED_REPLY (29201), error: -1 (Operation not permitted)
10-31 09:12:03.852 10735 10735 E libbinder.IPCThreadState: Binder transaction failure. id: 1907003, cmd: BR_FAILED_REPLY (29201), error: -1 (Operation not permitted)
10-31 09:12:03.852 10735 10735 E libbinder.IPCThreadState: Binder transaction failure. id: 1907007, cmd: BR_FAILED_REPLY (29201), error: -1 (Operation not permitted)
10-31 09:12:03.857 10735 10735 E libbinder.IPCThreadState: Binder transaction failure. id: 1907019, cmd: BR_FAILED_REPLY (29201), error: -1 (Operation not permitted)
10-31 09:12:03.858 10735 10735 E libbinder.IPCThreadState: Binder transaction failure. id: 1907028, cmd: BR_FAILED_REPLY (29201), error: -1 (Operation not permitted)
