10-30 18:20:43.310  7773  7773 E unknown:ReactHost: 	at com.facebook.react.runtime.ReactHostImpl.raiseSoftException(ReactHostImpl.kt:826)
10-30 18:20:43.310  7773  7773 E unknown:ReactHost: 	at com.facebook.react.runtime.ReactHostImpl.raiseSoftException$default(ReactHostImpl.kt:817)
10-30 18:20:46.176   690  3158 E TaskPersister: File error accessing recents directory (directory doesn't exist?).
10-30 18:20:46.485  7773  7795 W unknown:BridgelessReact: ReactHost{0}.raiseSoftException(getOrCreateReloadTask()): BridgelessDevSupportManager.handleReloadJS()
10-30 18:20:46.485  7773  7795 E unknown:ReactHost: Unhandled SoftException
10-30 18:20:46.485  7773  7795 E unknown:ReactHost: com.facebook.react.bridge.ReactNoCrashSoftException: raiseSoftException(getOrCreateReloadTask()): BridgelessDevSupportManager.handleReloadJS()
10-30 18:20:46.485  7773  7795 E unknown:ReactHost: 	at com.facebook.react.runtime.ReactHostImpl.raiseSoftException(ReactHostImpl.kt:826)
10-30 18:20:46.485  7773  7795 E unknown:ReactHost: 	at com.facebook.react.runtime.ReactHostImpl.raiseSoftException$default(ReactHostImpl.kt:817)
10-30 18:20:46.485  7773  7773 W unknown:BridgelessReact: ReactHost{0}.raiseSoftException(getOrCreateReloadTask()): Reload: ReactInstance task returned null. Stage: 1: Starting reload. Reload reason: BridgelessDevSupportManager.handleReloadJS()
10-30 18:20:46.485  7773  7773 E unknown:ReactHost: Unhandled SoftException
10-30 18:20:46.485  7773  7773 E unknown:ReactHost: com.facebook.react.bridge.ReactNoCrashSoftException: raiseSoftException(getOrCreateReloadTask()): Reload: ReactInstance task returned null. Stage: 1: Starting reload. Reload reason: BridgelessDevSupportManager.handleReloadJS()
10-30 18:20:46.485  7773  7773 E unknown:ReactHost: 	at com.facebook.react.runtime.ReactHostImpl.raiseSoftException(ReactHostImpl.kt:826)
10-30 18:20:46.485  7773  7773 E unknown:ReactHost: 	at com.facebook.react.runtime.ReactHostImpl.raiseSoftException$default(ReactHostImpl.kt:817)
10-30 18:20:46.485  7773  7773 W unknown:BridgelessReact: ReactHost{0}.raiseSoftException(getOrCreateReloadTask()): ReactContext is null. Reload reason: BridgelessDevSupportManager.handleReloadJS()
10-30 18:20:46.485  7773  7773 E unknown:ReactHost: Unhandled SoftException
10-30 18:20:46.485  7773  7773 E unknown:ReactHost: com.facebook.react.bridge.ReactNoCrashSoftException: raiseSoftException(getOrCreateReloadTask()): ReactContext is null. Reload reason: BridgelessDevSupportManager.handleReloadJS()
10-30 18:20:46.485  7773  7773 E unknown:ReactHost: 	at com.facebook.react.runtime.ReactHostImpl.raiseSoftException(ReactHostImpl.kt:826)
10-30 18:20:46.485  7773  7773 E unknown:ReactHost: 	at com.facebook.react.runtime.ReactHostImpl.raiseSoftException$default(ReactHostImpl.kt:817)
10-30 18:20:46.485  7773  7795 W unknown:BridgelessReact: ReactHost{0}.raiseSoftException(getOrCreateReloadTask()): Reload: ReactInstance task returned null. Stage: 2: Surface shutdown. Reload reason: BridgelessDevSupportManager.handleReloadJS()
10-30 18:20:46.485  7773  7795 E unknown:ReactHost: Unhandled SoftException
10-30 18:20:46.485  7773  7795 E unknown:ReactHost: com.facebook.react.bridge.ReactNoCrashSoftException: raiseSoftException(getOrCreateReloadTask()): Reload: ReactInstance task returned null. Stage: 2: Surface shutdown. Reload reason: BridgelessDevSupportManager.handleReloadJS()
10-30 18:20:46.485  7773  7795 E unknown:ReactHost: 	at com.facebook.react.runtime.ReactHostImpl.raiseSoftException(ReactHostImpl.kt:826)
10-30 18:20:46.485  7773  7795 E unknown:ReactHost: 	at com.facebook.react.runtime.ReactHostImpl.raiseSoftException$default(ReactHostImpl.kt:817)
10-30 18:20:46.485  7773  7795 W unknown:BridgelessReact: ReactHost{0}.raiseSoftException(getOrCreateReloadTask()): Skipping surface shutdown: ReactInstance null
10-30 18:20:46.486  7773  7795 E unknown:ReactHost: Unhandled SoftException
10-30 18:20:46.486  7773  7795 E unknown:ReactHost: com.facebook.react.bridge.ReactNoCrashSoftException: raiseSoftException(getOrCreateReloadTask()): Skipping surface shutdown: ReactInstance null
10-30 18:20:46.486  7773  7795 E unknown:ReactHost: 	at com.facebook.react.runtime.ReactHostImpl.raiseSoftException(ReactHostImpl.kt:826)
10-30 18:20:46.486  7773  7795 E unknown:ReactHost: 	at com.facebook.react.runtime.ReactHostImpl.raiseSoftException$default(ReactHostImpl.kt:817)
10-30 18:20:46.486  7773  7773 W unknown:BridgelessReact: ReactHost{0}.raiseSoftException(getOrCreateReloadTask()): Reload: ReactInstance task returned null. Stage: 3: Destroying ReactContext. Reload reason: BridgelessDevSupportManager.handleReloadJS()
10-30 18:20:46.486  7773  7773 E unknown:ReactHost: Unhandled SoftException
10-30 18:20:46.486  7773  7773 E unknown:ReactHost: com.facebook.react.bridge.ReactNoCrashSoftException: raiseSoftException(getOrCreateReloadTask()): Reload: ReactInstance task returned null. Stage: 3: Destroying ReactContext. Reload reason: BridgelessDevSupportManager.handleReloadJS()
10-30 18:20:46.486  7773  7773 E unknown:ReactHost: 	at com.facebook.react.runtime.ReactHostImpl.raiseSoftException(ReactHostImpl.kt:826)
10-30 18:20:46.486  7773  7773 E unknown:ReactHost: 	at com.facebook.react.runtime.ReactHostImpl.raiseSoftException$default(ReactHostImpl.kt:817)
10-30 18:20:46.486  7773  7795 W unknown:BridgelessReact: ReactHost{0}.raiseSoftException(getOrCreateReloadTask()): Reload: ReactInstance task returned null. Stage: 4: Destroying ReactInstance. Reload reason: BridgelessDevSupportManager.handleReloadJS()
10-30 18:20:46.486  7773  7795 E unknown:ReactHost: Unhandled SoftException
10-30 18:20:46.486  7773  7795 E unknown:ReactHost: com.facebook.react.bridge.ReactNoCrashSoftException: raiseSoftException(getOrCreateReloadTask()): Reload: ReactInstance task returned null. Stage: 4: Destroying ReactInstance. Reload reason: BridgelessDevSupportManager.handleReloadJS()
10-30 18:20:46.486  7773  7795 E unknown:ReactHost: 	at com.facebook.react.runtime.ReactHostImpl.raiseSoftException(ReactHostImpl.kt:826)
10-30 18:20:46.486  7773  7795 E unknown:ReactHost: 	at com.facebook.react.runtime.ReactHostImpl.raiseSoftException$default(ReactHostImpl.kt:817)
10-30 18:20:46.486  7773  7795 W unknown:BridgelessReact: ReactHost{0}.raiseSoftException(getOrCreateReloadTask()): Skipping ReactInstance.destroy(): ReactInstance null
10-30 18:20:46.486  7773  7795 E unknown:ReactHost: Unhandled SoftException
10-30 18:20:46.486  7773  7795 E unknown:ReactHost: com.facebook.react.bridge.ReactNoCrashSoftException: raiseSoftException(getOrCreateReloadTask()): Skipping ReactInstance.destroy(): ReactInstance null
10-30 18:20:46.486  7773  7795 E unknown:ReactHost: 	at com.facebook.react.runtime.ReactHostImpl.raiseSoftException(ReactHostImpl.kt:826)
10-30 18:20:46.486  7773  7795 E unknown:ReactHost: 	at com.facebook.react.runtime.ReactHostImpl.raiseSoftException$default(ReactHostImpl.kt:817)
10-30 18:20:46.490  7773  7799 W unknown:ReactNative: The packager does not seem to be running as we got an IOException requesting its status: Failed to connect to /10.0.2.2:8081
10-30 18:20:46.525  7773  7773 W unknown:BridgelessReact: ReactHost{0}.handleHostException(message = "Unable to load script.
10-30 18:20:46.525  7773  7773 E unknown:ReactNative: Exception in native call
10-30 18:20:46.525  7773  7773 E unknown:ReactNative: java.lang.RuntimeException: Unable to load script.
10-30 18:20:46.529  7773  7795 W unknown:BridgelessReact: ReactHost{0}.raiseSoftException(getOrCreateReloadTask()): Reload: ReactInstance task faulted. Stage: 5: Restarting surfaces. Fault reason: Unable to load script.
10-30 18:20:46.529  7773  7795 E unknown:ReactHost: Unhandled SoftException
10-30 18:20:46.529  7773  7795 E unknown:ReactHost: com.facebook.react.bridge.ReactNoCrashSoftException: raiseSoftException(getOrCreateReloadTask()): Reload: ReactInstance task faulted. Stage: 5: Restarting surfaces. Fault reason: Unable to load script.
10-30 18:20:46.529  7773  7795 E unknown:ReactHost: 	at com.facebook.react.runtime.ReactHostImpl.raiseSoftException(ReactHostImpl.kt:826)
10-30 18:20:46.529  7773  7795 E unknown:ReactHost: 	at com.facebook.react.runtime.ReactHostImpl.raiseSoftException$default(ReactHostImpl.kt:817)
10-30 18:20:46.529  7773  7795 W unknown:BridgelessReact: ReactHost{0}.raiseSoftException(getOrCreateReloadTask()): Error during reload. ReactInstance task faulted. Fault reason: Unable to load script.
10-30 18:20:46.529  7773  7795 E unknown:ReactHost: Unhandled SoftException
10-30 18:20:46.529  7773  7795 E unknown:ReactHost: com.facebook.react.bridge.ReactNoCrashSoftException: raiseSoftException(getOrCreateReloadTask()): Error during reload. ReactInstance task faulted. Fault reason: Unable to load script.
10-30 18:20:46.529  7773  7795 E unknown:ReactHost: 	at com.facebook.react.runtime.ReactHostImpl.raiseSoftException(ReactHostImpl.kt:826)
10-30 18:20:46.529  7773  7795 E unknown:ReactHost: Caused by: java.lang.RuntimeException: Unable to load script.
10-30 18:20:46.529  7773  7795 E unknown:ReactNative: Exception in native call
10-30 18:20:46.529  7773  7795 E unknown:ReactNative: java.lang.RuntimeException: Unable to load script.
10-30 18:20:46.530  7773  7795 W unknown:BridgelessReact: ReactHost{0}.raiseSoftException(getOrCreateDestroyTask()): Reload failed
10-30 18:20:46.530  7773  7795 E unknown:ReactHost: Unhandled SoftException
10-30 18:20:46.530  7773  7795 E unknown:ReactHost: com.facebook.react.bridge.ReactNoCrashSoftException: raiseSoftException(getOrCreateDestroyTask()): Reload failed
10-30 18:20:46.530  7773  7795 E unknown:ReactHost: 	at com.facebook.react.runtime.ReactHostImpl.raiseSoftException(ReactHostImpl.kt:826)
10-30 18:20:46.530  7773  7795 E unknown:ReactHost: Caused by: java.lang.RuntimeException: Unable to load script.
10-30 18:20:46.530  7773  7795 W unknown:BridgelessReact: ReactHost{0}.raiseSoftException(getOrCreateDestroyTask()): handleHostException(message = "Unable to load script.
10-30 18:20:46.530  7773  7795 E unknown:ReactHost: Unhandled SoftException
10-30 18:20:46.530  7773  7795 E unknown:ReactHost: com.facebook.react.bridge.ReactNoCrashSoftException: raiseSoftException(getOrCreateDestroyTask()): handleHostException(message = "Unable to load script.
10-30 18:20:46.530  7773  7795 E unknown:ReactHost: 	at com.facebook.react.runtime.ReactHostImpl.raiseSoftException(ReactHostImpl.kt:826)
10-30 18:20:46.530  7773  7795 E unknown:ReactHost: Caused by: java.lang.RuntimeException: Unable to load script.
10-30 18:20:46.553  7773  7773 W unknown:BridgelessReact: ReactHost{0}.raiseSoftException(getOrCreateDestroyTask()): Destroy: ReactInstance task faulted. Stage: 1: Starting destroy. Fault reason: Unable to load script.
10-30 18:20:46.553  7773  7773 E unknown:ReactHost: Unhandled SoftException
10-30 18:20:46.553  7773  7773 E unknown:ReactHost: com.facebook.react.bridge.ReactNoCrashSoftException: raiseSoftException(getOrCreateDestroyTask()): Destroy: ReactInstance task faulted. Stage: 1: Starting destroy. Fault reason: Unable to load script.
10-30 18:20:46.553  7773  7773 E unknown:ReactHost: 	at com.facebook.react.runtime.ReactHostImpl.raiseSoftException(ReactHostImpl.kt:826)
10-30 18:20:46.553  7773  7773 E unknown:ReactHost: 	at com.facebook.react.runtime.ReactHostImpl.raiseSoftException$default(ReactHostImpl.kt:817)
10-30 18:20:46.574  7773  7773 W unknown:BridgelessReact: ReactHost{0}.raiseSoftException(onWindowFocusChange(hasFocus = "false")): Tried to access onWindowFocusChange while context is not ready
10-30 18:20:46.574  7773  7773 E unknown:ReactHost: Unhandled SoftException
10-30 18:20:46.574  7773  7773 E unknown:ReactHost: com.facebook.react.bridge.ReactNoCrashSoftException: raiseSoftException(onWindowFocusChange(hasFocus = "false")): Tried to access onWindowFocusChange while context is not ready
10-30 18:20:46.574  7773  7773 E unknown:ReactHost: 	at com.facebook.react.runtime.ReactHostImpl.raiseSoftException(ReactHostImpl.kt:826)
10-30 18:20:46.574  7773  7773 E unknown:ReactHost: 	at com.facebook.react.runtime.ReactHostImpl.raiseSoftException$default(ReactHostImpl.kt:817)
10-30 20:55:39.565  6436  6875 W GLSUser : [AppCertManager] Exception while requesting key: 
10-30 20:55:39.565  6436  6875 W GLSUser : java.util.concurrent.ExecutionException: cnwp: Failed to process request
10-30 20:55:39.565  6436  6875 W GLSUser : Caused by: m1.mm: Exception in CronetUrlRequest: net::ERR_NAME_NOT_RESOLVED, ErrorCode=1, InternalErrorCode=-105, Retryable=false
10-30 20:55:39.565  6436  6875 W GLSUser : 	at org.chromium.net.impl.CronetUrlRequest.onError(:com.google.android.gms.dynamite_cronetdynamite@254232035@25.42.32 (260400-0):3)
10-30 21:23:03.122  1163  1163 W DnsResolver: resNetworkResult:android.system.ErrnoException: resNetworkResult failed: ETIMEDOUT (Connection timed out)
10-30 21:23:03.126  1163  1163 W DnsResolver: resNetworkResult:android.system.ErrnoException: resNetworkResult failed: ETIMEDOUT (Connection timed out)
10-30 21:23:03.126  1163  1163 W DnsResolver: resNetworkResult:android.system.ErrnoException: resNetworkResult failed: ETIMEDOUT (Connection timed out)
10-30 21:23:03.127  1163  7966 D NetworkMonitor/100: PROBE_DNS connectivitycheck.gstatic.com 10013ms FAIL in type ADDRCONFIG android.net.DnsResolver$DnsException: android.system.ErrnoException: resNetworkResult failed: ETIMEDOUT (Connection timed out)
10-30 21:23:03.133  1163  1163 W DnsResolver: resNetworkResult:android.system.ErrnoException: resNetworkResult failed: ETIMEDOUT (Connection timed out)
10-30 21:23:03.134  1163  7965 D NetworkMonitor/100: PROBE_DNS www.google.com 10022ms FAIL in type ADDRCONFIG android.net.DnsResolver$DnsException: android.system.ErrnoException: resNetworkResult failed: ETIMEDOUT (Connection timed out)
10-30 21:23:06.139  1163  7964 D NetworkMonitor/100: PROBE_FALLBACK http://play.googleapis.com/generate_204 Probe failed with exception java.net.UnknownHostException: Unable to resolve host "play.googleapis.com": No address associated with hostname
10-30 21:32:54.148   690   730 E BluetoothPowerStatsCollector: java.util.concurrent.ExecutionException: java.lang.RuntimeException: error: 11
10-30 21:32:54.148   690   730 E BluetoothPowerStatsCollector: Caused by: java.lang.RuntimeException: error: 11
10-30 21:32:54.148   690   730 E BluetoothPowerStatsCollector: 	at com.android.server.power.stats.BluetoothPowerStatsCollector$1.onBluetoothActivityEnergyInfoError(BluetoothPowerStatsCollector.java:180)
10-30 21:34:38.856  6436  6538 V NativeCrypto: Read error: ssl=0xb400006ea5a11ad8: I/O error during system call, Connection reset by peer
10-30 21:34:38.870  6436  7869 V NativeCrypto: SSL shutdown failed: ssl=0xb400006ea5a11ad8: I/O error during system call, Broken pipe
10-30 21:36:55.589  7773  7773 W unknown:BridgelessReact: ReactHost{0}.raiseSoftException(onWindowFocusChange(hasFocus = "true")): Tried to access onWindowFocusChange while context is not ready
10-30 21:36:55.590  7773  7773 E unknown:ReactHost: Unhandled SoftException
10-30 21:36:55.590  7773  7773 E unknown:ReactHost: com.facebook.react.bridge.ReactNoCrashSoftException: raiseSoftException(onWindowFocusChange(hasFocus = "true")): Tried to access onWindowFocusChange while context is not ready
10-30 21:36:55.590  7773  7773 E unknown:ReactHost: 	at com.facebook.react.runtime.ReactHostImpl.raiseSoftException(ReactHostImpl.kt:826)
10-30 21:36:55.590  7773  7773 E unknown:ReactHost: 	at com.facebook.react.runtime.ReactHostImpl.raiseSoftException$default(ReactHostImpl.kt:817)
10-30 21:37:12.282  1362  1362 D StatsLog: LAUNCHER_LAUNCH_ASSISTANT_FAILED_SERVICE_ERROR
10-30 21:37:12.305  1050  1137 V WindowManagerShell: Directly starting a new transition type=START_RECENTS_TRANSITION(FIRST_CUSTOM+21) wct=WindowContainerTransaction { changes= {} hops= [{pendingIntent: options=Bundle[{android.activity.splashScreenStyle=-1, android.activity.sourceInfo=android.app.ActivityOptions$SourceInfo@6a1400d, android.pendingIntent.backgroundActivityAllowed=3, android.activity.launchDisplayId=0, android:activity.animAbortListener=null, android.activity.transientLaunch=true}]}] errorCallbackToken=null taskFragmentOrganizer=null } handler=com.android.wm.shell.recents.RecentsTransitionHandler@b3a6bc2
10-30 21:37:12.427   690   710 V WindowManager:     startWCT=WindowContainerTransaction { changes= {} hops= [{pendingIntent: options=Bundle[{android.activity.splashScreenStyle=-1, android.activity.sourceInfo=android.app.ActivityOptions$SourceInfo@973b3e4, android.pendingIntent.backgroundActivityAllowed=3, android.activity.launchDisplayId=0, android:activity.animAbortListener=null, android.activity.transientLaunch=true}]}] errorCallbackToken=null taskFragmentOrganizer=null }
10-30 21:37:12.496  1050  1137 V WindowManagerShell: Directly starting a new transition type=END_RECENTS_TRANSITION(FIRST_CUSTOM+22) wct=WindowContainerTransaction { changes= {} hops= [{reorder: android.os.BinderProxy@173f1a9 to top}, {restoreTransientOrder: container=android.os.BinderProxy@de75e28 reparent=null mToTop=false mWindowingMode=null mActivityType=null}] errorCallbackToken=null taskFragmentOrganizer=null } handler=com.android.wm.shell.recents.RecentsTransitionHandler$RecentsController$PendingFinishTransitionHandler@5237741
10-30 21:37:12.599   690   710 V WindowManager:     startWCT=WindowContainerTransaction { changes= {} hops= [{reorder: RemoteToken{b85f304 Task{d4f5c4b #9 type=standard A=10216:com.mindgardenmobile}} to top}, {restoreTransientOrder: container=RemoteToken{c5ebe5a Task{8c6e884 #1 type=home}} reparent=null mToTop=false mWindowingMode=null mActivityType=null}] errorCallbackToken=null taskFragmentOrganizer=null }
10-30 21:37:12.739  1362  1362 D StatsLog: LAUNCHER_LAUNCH_ASSISTANT_FAILED_SERVICE_ERROR
10-30 21:37:12.742  1050  1137 V WindowManagerShell: Directly starting a new transition type=START_RECENTS_TRANSITION(FIRST_CUSTOM+21) wct=WindowContainerTransaction { changes= {} hops= [{pendingIntent: options=Bundle[{android.activity.splashScreenStyle=-1, android.activity.sourceInfo=android.app.ActivityOptions$SourceInfo@e0131c3, android.pendingIntent.backgroundActivityAllowed=3, android.activity.launchDisplayId=0, android:activity.animAbortListener=null, android.activity.transientLaunch=true}]}] errorCallbackToken=null taskFragmentOrganizer=null } handler=com.android.wm.shell.recents.RecentsTransitionHandler@b3a6bc2
10-30 21:37:12.782   690   710 V WindowManager:     startWCT=WindowContainerTransaction { changes= {} hops= [{pendingIntent: options=Bundle[{android.activity.splashScreenStyle=-1, android.activity.sourceInfo=android.app.ActivityOptions$SourceInfo@b403209, android.pendingIntent.backgroundActivityAllowed=3, android.activity.launchDisplayId=0, android:activity.animAbortListener=null, android.activity.transientLaunch=true}]}] errorCallbackToken=null taskFragmentOrganizer=null }
10-30 21:37:12.924  1050  1137 V WindowManagerShell: Directly starting a new transition type=END_RECENTS_TRANSITION(FIRST_CUSTOM+22) wct=WindowContainerTransaction { changes= {} hops= [{reorder: android.os.BinderProxy@173f1a9 to top}, {restoreTransientOrder: container=android.os.BinderProxy@de75e28 reparent=null mToTop=false mWindowingMode=null mActivityType=null}] errorCallbackToken=null taskFragmentOrganizer=null } handler=com.android.wm.shell.recents.RecentsTransitionHandler$RecentsController$PendingFinishTransitionHandler@e17b2b1
10-30 21:37:12.944   690   710 V WindowManager:     startWCT=WindowContainerTransaction { changes= {} hops= [{reorder: RemoteToken{b85f304 Task{d4f5c4b #9 type=standard A=10216:com.mindgardenmobile}} to top}, {restoreTransientOrder: container=RemoteToken{c5ebe5a Task{8c6e884 #1 type=home}} reparent=null mToTop=false mWindowingMode=null mActivityType=null}] errorCallbackToken=null taskFragmentOrganizer=null }
10-30 21:37:13.546  1362  1362 D StatsLog: LAUNCHER_LAUNCH_ASSISTANT_FAILED_SERVICE_ERROR
10-30 21:37:13.550  1050  1137 V WindowManagerShell: Directly starting a new transition type=START_RECENTS_TRANSITION(FIRST_CUSTOM+21) wct=WindowContainerTransaction { changes= {} hops= [{pendingIntent: options=Bundle[{android.activity.splashScreenStyle=-1, android.activity.sourceInfo=android.app.ActivityOptions$SourceInfo@80211b3, android.pendingIntent.backgroundActivityAllowed=3, android.activity.launchDisplayId=0, android:activity.animAbortListener=null, android.activity.transientLaunch=true}]}] errorCallbackToken=null taskFragmentOrganizer=null } handler=com.android.wm.shell.recents.RecentsTransitionHandler@b3a6bc2
10-30 21:37:13.584   690   710 V WindowManager:     startWCT=WindowContainerTransaction { changes= {} hops= [{pendingIntent: options=Bundle[{android.activity.splashScreenStyle=-1, android.activity.sourceInfo=android.app.ActivityOptions$SourceInfo@855bee6, android.pendingIntent.backgroundActivityAllowed=3, android.activity.launchDisplayId=0, android:activity.animAbortListener=null, android.activity.transientLaunch=true}]}] errorCallbackToken=null taskFragmentOrganizer=null }
10-30 21:37:13.680  1050  1137 V WindowManagerShell: Directly starting a new transition type=END_RECENTS_TRANSITION(FIRST_CUSTOM+22) wct=WindowContainerTransaction { changes= {} hops= [{reorder: android.os.BinderProxy@173f1a9 to top}, {restoreTransientOrder: container=android.os.BinderProxy@de75e28 reparent=null mToTop=false mWindowingMode=null mActivityType=null}] errorCallbackToken=null taskFragmentOrganizer=null } handler=com.android.wm.shell.recents.RecentsTransitionHandler$RecentsController$PendingFinishTransitionHandler@909aa21
10-30 21:37:13.692   690   710 V WindowManager:     startWCT=WindowContainerTransaction { changes= {} hops= [{reorder: RemoteToken{b85f304 Task{d4f5c4b #9 type=standard A=10216:com.mindgardenmobile}} to top}, {restoreTransientOrder: container=RemoteToken{c5ebe5a Task{8c6e884 #1 type=home}} reparent=null mToTop=false mWindowingMode=null mActivityType=null}] errorCallbackToken=null taskFragmentOrganizer=null }
10-30 21:37:16.013   690  3158 E TaskPersister: File error accessing recents directory (directory doesn't exist?).
10-30 21:38:12.325   690   730 E BluetoothPowerStatsCollector: java.util.concurrent.ExecutionException: java.lang.RuntimeException: error: 11
10-30 21:38:12.325   690   730 E BluetoothPowerStatsCollector: Caused by: java.lang.RuntimeException: error: 11
10-30 21:38:12.325   690   730 E BluetoothPowerStatsCollector: 	at com.android.server.power.stats.BluetoothPowerStatsCollector$1.onBluetoothActivityEnergyInfoError(BluetoothPowerStatsCollector.java:180)
10-30 21:41:31.941  7773  7800 E unknown:ReconnectingWebSocket: Error occurred, shutting down websocket connection: Websocket exception
10-30 21:41:31.941  7773  7800 E unknown:ReconnectingWebSocket: java.io.EOFException
10-30 21:41:31.943  7773  7797 E unknown:ReconnectingWebSocket: Error occurred, shutting down websocket connection: Websocket exception
10-30 21:41:31.943  7773  7797 E unknown:ReconnectingWebSocket: java.io.EOFException
10-30 21:42:00.839   690   813 W InputDispatcher: channel '49ea4ce com.mindgardenmobile/com.mindgardenmobile.MainActivity' ~ Consumer closed input channel or an error occurred.  events=0x9
10-30 21:42:00.967   690   710 V WindowManager:     startWCT=WindowContainerTransaction { changes= {} hops= [] errorCallbackToken=null taskFragmentOrganizer=null }
10-30 21:42:00.990  8098  8098 E libbinder.IPCThreadState: Binder transaction failure. id: 816344, cmd: BR_FAILED_REPLY (29201), error: -1 (Operation not permitted)
10-30 21:42:00.990  8098  8098 E libbinder.IPCThreadState: Binder transaction failure. id: 816349, cmd: BR_FAILED_REPLY (29201), error: -1 (Operation not permitted)
10-30 21:42:00.990  8098  8098 E libbinder.IPCThreadState: Binder transaction failure. id: 816353, cmd: BR_FAILED_REPLY (29201), error: -1 (Operation not permitted)
10-30 21:42:00.990  8098  8098 E libbinder.IPCThreadState: Binder transaction failure. id: 816357, cmd: BR_FAILED_REPLY (29201), error: -1 (Operation not permitted)
10-30 21:42:00.990  8098  8098 E libbinder.IPCThreadState: Binder transaction failure. id: 816361, cmd: BR_FAILED_REPLY (29201), error: -1 (Operation not permitted)
10-30 21:42:00.990  8098  8098 E libbinder.IPCThreadState: Binder transaction failure. id: 816365, cmd: BR_FAILED_REPLY (29201), error: -1 (Operation not permitted)
10-30 21:42:00.991  8098  8098 E libbinder.IPCThreadState: Binder transaction failure. id: 816369, cmd: BR_FAILED_REPLY (29201), error: -1 (Operation not permitted)
10-30 21:42:00.993  8098  8098 E libbinder.IPCThreadState: Binder transaction failure. id: 816378, cmd: BR_FAILED_REPLY (29201), error: -1 (Operation not permitted)
10-30 21:42:00.995  8098  8098 E libbinder.IPCThreadState: Binder transaction failure. id: 816388, cmd: BR_FAILED_REPLY (29201), error: -1 (Operation not permitted)
10-30 21:42:00.995  8098  8098 E libbinder.IPCThreadState: Binder transaction failure. id: 816392, cmd: BR_FAILED_REPLY (29201), error: -1 (Operation not permitted)
10-30 21:42:00.996  8098  8098 E libbinder.IPCThreadState: Binder transaction failure. id: 816401, cmd: BR_FAILED_REPLY (29201), error: -1 (Operation not permitted)
10-30 21:42:00.996  8098  8098 E libbinder.IPCThreadState: Binder transaction failure. id: 816405, cmd: BR_FAILED_REPLY (29201), error: -1 (Operation not permitted)
10-30 21:42:00.996  8098  8098 E libbinder.IPCThreadState: Binder transaction failure. id: 816409, cmd: BR_FAILED_REPLY (29201), error: -1 (Operation not permitted)
10-30 21:42:00.997  8098  8098 E libbinder.IPCThreadState: Binder transaction failure. id: 816413, cmd: BR_FAILED_REPLY (29201), error: -1 (Operation not permitted)
10-30 21:42:01.012  8098  8098 E libbinder.IPCThreadState: Binder transaction failure. id: 816469, cmd: BR_FAILED_REPLY (29201), error: -1 (Operation not permitted)
10-30 21:42:01.012  8098  8098 E libbinder.IPCThreadState: Binder transaction failure. id: 816473, cmd: BR_FAILED_REPLY (29201), error: -1 (Operation not permitted)
10-30 21:42:01.012  8098  8098 E libbinder.IPCThreadState: Binder transaction failure. id: 816477, cmd: BR_FAILED_REPLY (29201), error: -1 (Operation not permitted)
10-30 21:42:01.012  8098  8098 E libbinder.IPCThreadState: Binder transaction failure. id: 816481, cmd: BR_FAILED_REPLY (29201), error: -1 (Operation not permitted)
10-30 21:42:01.013  8098  8098 E libbinder.IPCThreadState: Binder transaction failure. id: 816485, cmd: BR_FAILED_REPLY (29201), error: -1 (Operation not permitted)
10-30 21:42:01.013  8098  8098 E libbinder.IPCThreadState: Binder transaction failure. id: 816489, cmd: BR_FAILED_REPLY (29201), error: -1 (Operation not permitted)
10-30 21:42:01.013  8098  8098 E libbinder.IPCThreadState: Binder transaction failure. id: 816493, cmd: BR_FAILED_REPLY (29201), error: -1 (Operation not permitted)
10-30 21:42:01.013  8098  8098 E libbinder.IPCThreadState: Binder transaction failure. id: 816497, cmd: BR_FAILED_REPLY (29201), error: -1 (Operation not permitted)
10-30 21:42:01.013  8098  8098 E libbinder.IPCThreadState: Binder transaction failure. id: 816501, cmd: BR_FAILED_REPLY (29201), error: -1 (Operation not permitted)
10-30 21:42:01.013  8098  8098 E libbinder.IPCThreadState: Binder transaction failure. id: 816505, cmd: BR_FAILED_REPLY (29201), error: -1 (Operation not permitted)
10-30 21:42:01.014  8098  8098 E libbinder.IPCThreadState: Binder transaction failure. id: 816513, cmd: BR_FAILED_REPLY (29201), error: -1 (Operation not permitted)
10-30 21:42:01.014  8098  8098 E libbinder.IPCThreadState: Binder transaction failure. id: 816517, cmd: BR_FAILED_REPLY (29201), error: -1 (Operation not permitted)
10-30 21:42:01.014  8098  8098 E libbinder.IPCThreadState: Binder transaction failure. id: 816521, cmd: BR_FAILED_REPLY (29201), error: -1 (Operation not permitted)
10-30 21:42:01.016  8098  8098 E libbinder.IPCThreadState: Binder transaction failure. id: 816536, cmd: BR_FAILED_REPLY (29201), error: -1 (Operation not permitted)
10-30 21:42:01.016  8098  8098 E libbinder.IPCThreadState: Binder transaction failure. id: 816540, cmd: BR_FAILED_REPLY (29201), error: -1 (Operation not permitted)
10-30 21:42:01.016  8098  8098 E libbinder.IPCThreadState: Binder transaction failure. id: 816544, cmd: BR_FAILED_REPLY (29201), error: -1 (Operation not permitted)
10-30 21:42:01.016  8098  8098 E libbinder.IPCThreadState: Binder transaction failure. id: 816548, cmd: BR_FAILED_REPLY (29201), error: -1 (Operation not permitted)
10-30 21:42:01.017  8098  8098 E libbinder.IPCThreadState: Binder transaction failure. id: 816552, cmd: BR_FAILED_REPLY (29201), error: -1 (Operation not permitted)
10-30 21:42:01.017  8098  8098 E libbinder.IPCThreadState: Binder transaction failure. id: 816556, cmd: BR_FAILED_REPLY (29201), error: -1 (Operation not permitted)
10-30 21:42:01.017  8098  8098 E libbinder.IPCThreadState: Binder transaction failure. id: 816560, cmd: BR_FAILED_REPLY (29201), error: -1 (Operation not permitted)
10-30 21:42:01.017  8098  8098 E libbinder.IPCThreadState: Binder transaction failure. id: 816564, cmd: BR_FAILED_REPLY (29201), error: -1 (Operation not permitted)
10-30 21:42:01.017  8098  8098 E libbinder.IPCThreadState: Binder transaction failure. id: 816568, cmd: BR_FAILED_REPLY (29201), error: -1 (Operation not permitted)
10-30 21:42:01.017  8098  8098 E libbinder.IPCThreadState: Binder transaction failure. id: 816572, cmd: BR_FAILED_REPLY (29201), error: -1 (Operation not permitted)
10-30 21:42:01.021  8098  8098 E libbinder.IPCThreadState: Binder transaction failure. id: 816626, cmd: BR_FAILED_REPLY (29201), error: -1 (Operation not permitted)
10-30 21:42:01.021  8098  8098 E libbinder.IPCThreadState: Binder transaction failure. id: 816630, cmd: BR_FAILED_REPLY (29201), error: -1 (Operation not permitted)
10-30 21:42:01.022  8098  8098 E libbinder.IPCThreadState: Binder transaction failure. id: 816634, cmd: BR_FAILED_REPLY (29201), error: -1 (Operation not permitted)
10-30 21:42:01.129  8098  8098 E libbinder.IPCThreadState: Binder transaction failure. id: 817422, cmd: BR_FAILED_REPLY (29201), error: -1 (Operation not permitted)
10-30 21:42:01.173  8098  8098 E libbinder.IPCThreadState: Binder transaction failure. id: 817968, cmd: BR_FAILED_REPLY (29201), error: -1 (Operation not permitted)
10-30 21:42:02.062   690  1029 E libbinder.IPCThreadState: Binder transaction failure. id: 818683, cmd: BR_DEAD_REPLY (29189), error: -22 (Invalid argument)
10-30 21:42:02.062   690  1029 W ActivityManager: pid 690 system sent binder code 7 with flags 1 and got error -32
10-30 21:42:02.076   690  1029 W WindowManager: Exception thrown during dispatchAppVisibility Window{49ea4ce u0 com.mindgardenmobile/com.mindgardenmobile.MainActivity EXITING}
10-30 21:42:02.076   690  1029 W WindowManager: android.os.DeadObjectException
10-30 21:42:02.447   690  3078 E SystemServiceRegistry: android.os.ServiceManager$ServiceNotFoundException: No service published for: persistent_data_block
10-30 21:42:02.786  1362  2133 W HWUI    : Failed to initialize 101010-2 format, error = EGL_SUCCESS
10-30 21:42:02.994  8145  8145 E libbinder.IPCThreadState: Binder transaction failure. id: 819868, cmd: BR_FAILED_REPLY (29201), error: -1 (Operation not permitted)
10-30 21:42:02.994  8145  8145 E libbinder.IPCThreadState: Binder transaction failure. id: 819872, cmd: BR_FAILED_REPLY (29201), error: -1 (Operation not permitted)
10-30 21:42:02.994  8145  8145 E libbinder.IPCThreadState: Binder transaction failure. id: 819876, cmd: BR_FAILED_REPLY (29201), error: -1 (Operation not permitted)
10-30 21:42:02.995  8145  8145 E libbinder.IPCThreadState: Binder transaction failure. id: 819880, cmd: BR_FAILED_REPLY (29201), error: -1 (Operation not permitted)
10-30 21:42:02.995  8145  8145 E libbinder.IPCThreadState: Binder transaction failure. id: 819884, cmd: BR_FAILED_REPLY (29201), error: -1 (Operation not permitted)
10-30 21:42:02.995  8145  8145 E libbinder.IPCThreadState: Binder transaction failure. id: 819888, cmd: BR_FAILED_REPLY (29201), error: -1 (Operation not permitted)
10-30 21:42:02.995  8145  8145 E libbinder.IPCThreadState: Binder transaction failure. id: 819892, cmd: BR_FAILED_REPLY (29201), error: -1 (Operation not permitted)
10-30 21:42:02.996  8145  8145 E libbinder.IPCThreadState: Binder transaction failure. id: 819901, cmd: BR_FAILED_REPLY (29201), error: -1 (Operation not permitted)
10-30 21:42:02.996  8145  8145 E libbinder.IPCThreadState: Binder transaction failure. id: 819910, cmd: BR_FAILED_REPLY (29201), error: -1 (Operation not permitted)
10-30 21:42:02.997  8145  8145 E libbinder.IPCThreadState: Binder transaction failure. id: 819914, cmd: BR_FAILED_REPLY (29201), error: -1 (Operation not permitted)
10-30 21:42:02.997  8145  8145 E libbinder.IPCThreadState: Binder transaction failure. id: 819923, cmd: BR_FAILED_REPLY (29201), error: -1 (Operation not permitted)
10-30 21:42:02.998  8145  8145 E libbinder.IPCThreadState: Binder transaction failure. id: 819927, cmd: BR_FAILED_REPLY (29201), error: -1 (Operation not permitted)
10-30 21:42:02.998  8145  8145 E libbinder.IPCThreadState: Binder transaction failure. id: 819933, cmd: BR_FAILED_REPLY (29201), error: -1 (Operation not permitted)
10-30 21:42:02.998  8145  8145 E libbinder.IPCThreadState: Binder transaction failure. id: 819937, cmd: BR_FAILED_REPLY (29201), error: -1 (Operation not permitted)
10-30 21:42:03.001  8145  8145 E libbinder.IPCThreadState: Binder transaction failure. id: 819963, cmd: BR_FAILED_REPLY (29201), error: -1 (Operation not permitted)
10-30 21:42:03.001  8145  8145 E libbinder.IPCThreadState: Binder transaction failure. id: 819968, cmd: BR_FAILED_REPLY (29201), error: -1 (Operation not permitted)
10-30 21:42:03.001  8145  8145 E libbinder.IPCThreadState: Binder transaction failure. id: 819972, cmd: BR_FAILED_REPLY (29201), error: -1 (Operation not permitted)
10-30 21:42:03.001  8145  8145 E libbinder.IPCThreadState: Binder transaction failure. id: 819976, cmd: BR_FAILED_REPLY (29201), error: -1 (Operation not permitted)
10-30 21:42:03.002  8145  8145 E libbinder.IPCThreadState: Binder transaction failure. id: 819980, cmd: BR_FAILED_REPLY (29201), error: -1 (Operation not permitted)
10-30 21:42:03.002  8145  8145 E libbinder.IPCThreadState: Binder transaction failure. id: 819984, cmd: BR_FAILED_REPLY (29201), error: -1 (Operation not permitted)
10-30 21:42:03.002  8145  8145 E libbinder.IPCThreadState: Binder transaction failure. id: 819988, cmd: BR_FAILED_REPLY (29201), error: -1 (Operation not permitted)
10-30 21:42:03.002  8145  8145 E libbinder.IPCThreadState: Binder transaction failure. id: 819992, cmd: BR_FAILED_REPLY (29201), error: -1 (Operation not permitted)
10-30 21:42:03.002  8145  8145 E libbinder.IPCThreadState: Binder transaction failure. id: 819996, cmd: BR_FAILED_REPLY (29201), error: -1 (Operation not permitted)
10-30 21:42:03.003  8145  8145 E libbinder.IPCThreadState: Binder transaction failure. id: 820000, cmd: BR_FAILED_REPLY (29201), error: -1 (Operation not permitted)
10-30 21:42:03.003  8145  8145 E libbinder.IPCThreadState: Binder transaction failure. id: 820004, cmd: BR_FAILED_REPLY (29201), error: -1 (Operation not permitted)
10-30 21:42:03.003  8145  8145 E libbinder.IPCThreadState: Binder transaction failure. id: 820008, cmd: BR_FAILED_REPLY (29201), error: -1 (Operation not permitted)
10-30 21:42:03.004  8145  8145 E libbinder.IPCThreadState: Binder transaction failure. id: 820012, cmd: BR_FAILED_REPLY (29201), error: -1 (Operation not permitted)
10-30 21:42:03.005  8145  8145 E libbinder.IPCThreadState: Binder transaction failure. id: 820027, cmd: BR_FAILED_REPLY (29201), error: -1 (Operation not permitted)
10-30 21:42:03.005  8145  8145 E libbinder.IPCThreadState: Binder transaction failure. id: 820031, cmd: BR_FAILED_REPLY (29201), error: -1 (Operation not permitted)
10-30 21:42:03.005  8145  8145 E libbinder.IPCThreadState: Binder transaction failure. id: 820035, cmd: BR_FAILED_REPLY (29201), error: -1 (Operation not permitted)
10-30 21:42:03.005  8145  8145 E libbinder.IPCThreadState: Binder transaction failure. id: 820039, cmd: BR_FAILED_REPLY (29201), error: -1 (Operation not permitted)
10-30 21:42:03.006  8145  8145 E libbinder.IPCThreadState: Binder transaction failure. id: 820043, cmd: BR_FAILED_REPLY (29201), error: -1 (Operation not permitted)
10-30 21:42:03.006  8145  8145 E libbinder.IPCThreadState: Binder transaction failure. id: 820047, cmd: BR_FAILED_REPLY (29201), error: -1 (Operation not permitted)
10-30 21:42:03.006  8145  8145 E libbinder.IPCThreadState: Binder transaction failure. id: 820051, cmd: BR_FAILED_REPLY (29201), error: -1 (Operation not permitted)
10-30 21:42:03.006  8145  8145 E libbinder.IPCThreadState: Binder transaction failure. id: 820055, cmd: BR_FAILED_REPLY (29201), error: -1 (Operation not permitted)
10-30 21:42:03.006  8145  8145 E libbinder.IPCThreadState: Binder transaction failure. id: 820059, cmd: BR_FAILED_REPLY (29201), error: -1 (Operation not permitted)
10-30 21:42:03.007  8145  8145 E libbinder.IPCThreadState: Binder transaction failure. id: 820063, cmd: BR_FAILED_REPLY (29201), error: -1 (Operation not permitted)
10-30 21:42:03.014  8145  8145 E libbinder.IPCThreadState: Binder transaction failure. id: 820115, cmd: BR_FAILED_REPLY (29201), error: -1 (Operation not permitted)
10-30 21:42:03.014  8145  8145 E libbinder.IPCThreadState: Binder transaction failure. id: 820119, cmd: BR_FAILED_REPLY (29201), error: -1 (Operation not permitted)
10-30 21:42:03.014  8145  8145 E libbinder.IPCThreadState: Binder transaction failure. id: 820123, cmd: BR_FAILED_REPLY (29201), error: -1 (Operation not permitted)
10-30 21:42:03.018  8145  8145 E libbinder.IPCThreadState: Binder transaction failure. id: 820172, cmd: BR_FAILED_REPLY (29201), error: -1 (Operation not permitted)
10-30 21:42:03.092  8145  8145 E libbinder.IPCThreadState: Binder transaction failure. id: 820929, cmd: BR_FAILED_REPLY (29201), error: -1 (Operation not permitted)
10-30 21:42:03.139  8145  8145 E libbinder.IPCThreadState: Binder transaction failure. id: 821505, cmd: BR_FAILED_REPLY (29201), error: -1 (Operation not permitted)
10-30 21:42:03.490   690   710 V WindowManager:     startWCT=WindowContainerTransaction { changes= {} hops= [] errorCallbackToken=null taskFragmentOrganizer=null }
10-30 21:42:04.737  8158  8215 W HWUI    : Failed to initialize 101010-2 format, error = EGL_SUCCESS
10-30 21:42:05.185  8158  8158 E WindowManager: android.view.WindowManager$BadTokenException: Unable to add window -- token null is not valid; is your activity running?
10-30 21:42:05.254  8158  8158 W unknown:BridgelessReact: ReactHost{0}.raiseSoftException(onWindowFocusChange(hasFocus = "true")): Tried to access onWindowFocusChange while context is not ready
10-30 21:42:05.263  8158  8158 E unknown:ReactHost: Unhandled SoftException
10-30 21:42:05.263  8158  8158 E unknown:ReactHost: com.facebook.react.bridge.ReactNoCrashSoftException: raiseSoftException(onWindowFocusChange(hasFocus = "true")): Tried to access onWindowFocusChange while context is not ready
10-30 21:42:05.263  8158  8158 E unknown:ReactHost: 	at com.facebook.react.runtime.ReactHostImpl.raiseSoftException(ReactHostImpl.kt:826)
10-30 21:42:05.263  8158  8158 E unknown:ReactHost: 	at com.facebook.react.runtime.ReactHostImpl.raiseSoftException$default(ReactHostImpl.kt:817)
10-30 21:42:06.107   690  3158 E TaskPersister: File error accessing recents directory (directory doesn't exist?).
10-30 21:42:18.374  8158  8223 E unknown:ReactNative: com.facebook.react.common.DebugServerException: SyntaxError: /Users/mind/mindGarden/mobile/src/screens/admin/UserManagement.js: Unterminated string constant. (564:15)
10-30 21:42:18.374  8158  8223 E unknown:ReactNative:  [90m 566 |[39m   errorContainer[33m:[39m {
10-30 21:42:18.374  8158  8223 E unknown:ReactNative: 	at com.facebook.react.common.DebugServerException$Companion.parse(DebugServerException.kt:89)
10-30 21:42:18.374  8158  8158 E unknown:ReactNative: Exception in native call
10-30 21:42:18.374  8158  8158 E unknown:ReactNative: com.facebook.react.common.DebugServerException: SyntaxError: /Users/mind/mindGarden/mobile/src/screens/admin/UserManagement.js: Unterminated string constant. (564:15)
10-30 21:42:18.374  8158  8158 E unknown:ReactNative:  [90m 566 |[39m   errorContainer[33m:[39m {
10-30 21:42:18.374  8158  8158 E unknown:ReactNative: 	at com.facebook.react.common.DebugServerException$Companion.parse(DebugServerException.kt:89)
10-30 21:42:18.624  8158  8158 W unknown:BridgelessReact: ReactHost{0}.handleHostException(message = "SyntaxError: /Users/mind/mindGarden/mobile/src/screens/admin/UserManagement.js: Unterminated string constant. (564:15)
10-30 21:42:18.624  8158  8158 W unknown:BridgelessReact:  [90m 566 |[39m   errorContainer[33m:[39m {
10-30 21:42:18.625  8158  8158 E unknown:ReactNative: Exception in native call
10-30 21:42:18.625  8158  8158 E unknown:ReactNative: com.facebook.react.common.DebugServerException: SyntaxError: /Users/mind/mindGarden/mobile/src/screens/admin/UserManagement.js: Unterminated string constant. (564:15)
10-30 21:42:18.625  8158  8158 E unknown:ReactNative:  [90m 566 |[39m   errorContainer[33m:[39m {
10-30 21:42:18.625  8158  8158 E unknown:ReactNative: 	at com.facebook.react.common.DebugServerException$Companion.parse(DebugServerException.kt:89)
10-30 21:42:18.626  8158  8222 W unknown:BridgelessReact: ReactHost{0}.raiseSoftException(getOrCreateDestroyTask()): handleHostException(message = "SyntaxError: /Users/mind/mindGarden/mobile/src/screens/admin/UserManagement.js: Unterminated string constant. (564:15)
10-30 21:42:18.626  8158  8222 W unknown:BridgelessReact:  [90m 566 |[39m   errorContainer[33m:[39m {
10-30 21:42:18.629  8158  8222 E unknown:ReactHost: Unhandled SoftException
10-30 21:42:18.629  8158  8222 E unknown:ReactHost: com.facebook.react.bridge.ReactNoCrashSoftException: raiseSoftException(getOrCreateDestroyTask()): handleHostException(message = "SyntaxError: /Users/mind/mindGarden/mobile/src/screens/admin/UserManagement.js: Unterminated string constant. (564:15)
10-30 21:42:18.629  8158  8222 E unknown:ReactHost:  [90m 566 |[39m   errorContainer[33m:[39m {
10-30 21:42:18.629  8158  8222 E unknown:ReactHost: 	at com.facebook.react.runtime.ReactHostImpl.raiseSoftException(ReactHostImpl.kt:826)
10-30 21:42:18.629  8158  8222 E unknown:ReactHost: Caused by: com.facebook.react.common.DebugServerException: SyntaxError: /Users/mind/mindGarden/mobile/src/screens/admin/UserManagement.js: Unterminated string constant. (564:15)
10-30 21:42:18.629  8158  8222 E unknown:ReactHost:  [90m 566 |[39m   errorContainer[33m:[39m {
10-30 21:42:18.629  8158  8222 E unknown:ReactHost: 	at com.facebook.react.common.DebugServerException$Companion.parse(DebugServerException.kt:89)
10-30 21:42:18.629  8158  8158 W unknown:BridgelessReact: ReactHost{0}.raiseSoftException(onWindowFocusChange(hasFocus = "false")): Tried to access onWindowFocusChange while context is not ready
10-30 21:42:18.630  8158  8158 E unknown:ReactHost: Unhandled SoftException
10-30 21:42:18.630  8158  8158 E unknown:ReactHost: com.facebook.react.bridge.ReactNoCrashSoftException: raiseSoftException(onWindowFocusChange(hasFocus = "false")): Tried to access onWindowFocusChange while context is not ready
10-30 21:42:18.630  8158  8158 E unknown:ReactHost: 	at com.facebook.react.runtime.ReactHostImpl.raiseSoftException(ReactHostImpl.kt:826)
10-30 21:42:18.630  8158  8158 E unknown:ReactHost: 	at com.facebook.react.runtime.ReactHostImpl.raiseSoftException$default(ReactHostImpl.kt:817)
10-30 21:42:18.630  8158  8158 W unknown:BridgelessReact: ReactHost{0}.raiseSoftException(getOrCreateDestroyTask()): Destroy: ReactInstance task faulted. Stage: 1: Starting destroy. Fault reason: SyntaxError: /Users/mind/mindGarden/mobile/src/screens/admin/UserManagement.js: Unterminated string constant. (564:15)
10-30 21:42:18.630  8158  8158 W unknown:BridgelessReact:  [90m 566 |[39m   errorContainer[33m:[39m {
10-30 21:42:18.630  8158  8158 W unknown:BridgelessReact:   at UserManagement.js:564:15. Destroy reason: handleHostException(message = "SyntaxError: /Users/mind/mindGarden/mobile/src/screens/admin/UserManagement.js: Unterminated string constant. (564:15)
10-30 21:42:18.630  8158  8158 W unknown:BridgelessReact:  [90m 566 |[39m   errorContainer[33m:[39m {
10-30 21:42:18.630  8158  8158 E unknown:ReactHost: Unhandled SoftException
10-30 21:42:18.630  8158  8158 E unknown:ReactHost: com.facebook.react.bridge.ReactNoCrashSoftException: raiseSoftException(getOrCreateDestroyTask()): Destroy: ReactInstance task faulted. Stage: 1: Starting destroy. Fault reason: SyntaxError: /Users/mind/mindGarden/mobile/src/screens/admin/UserManagement.js: Unterminated string constant. (564:15)
10-30 21:42:18.630  8158  8158 E unknown:ReactHost:  [90m 566 |[39m   errorContainer[33m:[39m {
10-30 21:42:18.630  8158  8158 E unknown:ReactHost:   at UserManagement.js:564:15. Destroy reason: handleHostException(message = "SyntaxError: /Users/mind/mindGarden/mobile/src/screens/admin/UserManagement.js: Unterminated string constant. (564:15)
10-30 21:42:18.630  8158  8158 E unknown:ReactHost:  [90m 566 |[39m   errorContainer[33m:[39m {
10-30 21:42:18.630  8158  8158 E unknown:ReactHost: 	at com.facebook.react.runtime.ReactHostImpl.raiseSoftException(ReactHostImpl.kt:826)
10-30 21:42:18.630  8158  8158 E unknown:ReactHost: 	at com.facebook.react.runtime.ReactHostImpl.raiseSoftException$default(ReactHostImpl.kt:817)
10-30 21:42:18.631  8158  8158 W unknown:BridgelessReact: ReactHost{0}.raiseSoftException(getOrCreateDestroyTask()): ReactContext is null. Destroy reason: handleHostException(message = "SyntaxError: /Users/mind/mindGarden/mobile/src/screens/admin/UserManagement.js: Unterminated string constant. (564:15)
10-30 21:42:18.631  8158  8158 W unknown:BridgelessReact:  [90m 566 |[39m   errorContainer[33m:[39m {
10-30 21:42:18.631  8158  8158 E unknown:ReactHost: Unhandled SoftException
10-30 21:42:18.631  8158  8158 E unknown:ReactHost: com.facebook.react.bridge.ReactNoCrashSoftException: raiseSoftException(getOrCreateDestroyTask()): ReactContext is null. Destroy reason: handleHostException(message = "SyntaxError: /Users/mind/mindGarden/mobile/src/screens/admin/UserManagement.js: Unterminated string constant. (564:15)
10-30 21:42:18.631  8158  8158 E unknown:ReactHost:  [90m 566 |[39m   errorContainer[33m:[39m {
10-30 21:42:18.631  8158  8158 E unknown:ReactHost: 	at com.facebook.react.runtime.ReactHostImpl.raiseSoftException(ReactHostImpl.kt:826)
10-30 21:42:18.631  8158  8158 E unknown:ReactHost: 	at com.facebook.react.runtime.ReactHostImpl.raiseSoftException$default(ReactHostImpl.kt:817)
10-30 21:42:18.632  8158  8222 W unknown:BridgelessReact: ReactHost{0}.raiseSoftException(getOrCreateDestroyTask()): Destroy: ReactInstance task returned null. Stage: 2: Stopping surfaces. Destroy reason: handleHostException(message = "SyntaxError: /Users/mind/mindGarden/mobile/src/screens/admin/UserManagement.js: Unterminated string constant. (564:15)
10-30 21:42:18.632  8158  8222 W unknown:BridgelessReact:  [90m 566 |[39m   errorContainer[33m:[39m {
10-30 21:42:18.632  8158  8222 E unknown:ReactHost: Unhandled SoftException
10-30 21:42:18.632  8158  8222 E unknown:ReactHost: com.facebook.react.bridge.ReactNoCrashSoftException: raiseSoftException(getOrCreateDestroyTask()): Destroy: ReactInstance task returned null. Stage: 2: Stopping surfaces. Destroy reason: handleHostException(message = "SyntaxError: /Users/mind/mindGarden/mobile/src/screens/admin/UserManagement.js: Unterminated string constant. (564:15)
10-30 21:42:18.632  8158  8222 E unknown:ReactHost:  [90m 566 |[39m   errorContainer[33m:[39m {
10-30 21:42:18.632  8158  8222 E unknown:ReactHost: 	at com.facebook.react.runtime.ReactHostImpl.raiseSoftException(ReactHostImpl.kt:826)
10-30 21:42:18.632  8158  8222 E unknown:ReactHost: 	at com.facebook.react.runtime.ReactHostImpl.raiseSoftException$default(ReactHostImpl.kt:817)
10-30 21:42:18.632  8158  8222 W unknown:BridgelessReact: ReactHost{0}.raiseSoftException(getOrCreateDestroyTask()): Skipping surface shutdown: ReactInstance null
10-30 21:42:18.632  8158  8222 E unknown:ReactHost: Unhandled SoftException
10-30 21:42:18.632  8158  8222 E unknown:ReactHost: com.facebook.react.bridge.ReactNoCrashSoftException: raiseSoftException(getOrCreateDestroyTask()): Skipping surface shutdown: ReactInstance null
10-30 21:42:18.632  8158  8222 E unknown:ReactHost: 	at com.facebook.react.runtime.ReactHostImpl.raiseSoftException(ReactHostImpl.kt:826)
10-30 21:42:18.632  8158  8222 E unknown:ReactHost: 	at com.facebook.react.runtime.ReactHostImpl.raiseSoftException$default(ReactHostImpl.kt:817)
10-30 21:42:18.632  8158  8158 W unknown:BridgelessReact: ReactHost{0}.raiseSoftException(getOrCreateDestroyTask()): Destroy: ReactInstance task returned null. Stage: 3: Destroying ReactContext. Destroy reason: handleHostException(message = "SyntaxError: /Users/mind/mindGarden/mobile/src/screens/admin/UserManagement.js: Unterminated string constant. (564:15)
10-30 21:42:18.632  8158  8158 W unknown:BridgelessReact:  [90m 566 |[39m   errorContainer[33m:[39m {
10-30 21:42:18.633  8158  8158 E unknown:ReactHost: Unhandled SoftException
10-30 21:42:18.633  8158  8158 E unknown:ReactHost: com.facebook.react.bridge.ReactNoCrashSoftException: raiseSoftException(getOrCreateDestroyTask()): Destroy: ReactInstance task returned null. Stage: 3: Destroying ReactContext. Destroy reason: handleHostException(message = "SyntaxError: /Users/mind/mindGarden/mobile/src/screens/admin/UserManagement.js: Unterminated string constant. (564:15)
10-30 21:42:18.633  8158  8158 E unknown:ReactHost:  [90m 566 |[39m   errorContainer[33m:[39m {
