10-30 21:58:15.651  8702  8702 E libbinder.IPCThreadState: Binder transaction failure. id: 930631, cmd: BR_FAILED_REPLY (29201), error: -1 (Operation not permitted)
10-30 21:58:15.652  8702  8702 E libbinder.IPCThreadState: Binder transaction failure. id: 930636, cmd: BR_FAILED_REPLY (29201), error: -1 (Operation not permitted)
10-30 21:58:15.654  8702  8702 E libbinder.IPCThreadState: Binder transaction failure. id: 930660, cmd: BR_FAILED_REPLY (29201), error: -1 (Operation not permitted)
10-30 21:58:15.654  8702  8702 E libbinder.IPCThreadState: Binder transaction failure. id: 930664, cmd: BR_FAILED_REPLY (29201), error: -1 (Operation not permitted)
10-30 21:58:15.654  8702  8702 E libbinder.IPCThreadState: Binder transaction failure. id: 930668, cmd: BR_FAILED_REPLY (29201), error: -1 (Operation not permitted)
10-30 21:58:15.655  8702  8702 E libbinder.IPCThreadState: Binder transaction failure. id: 930672, cmd: BR_FAILED_REPLY (29201), error: -1 (Operation not permitted)
10-30 21:58:15.655  8702  8702 E libbinder.IPCThreadState: Binder transaction failure. id: 930676, cmd: BR_FAILED_REPLY (29201), error: -1 (Operation not permitted)
10-30 21:58:15.655  8702  8702 E libbinder.IPCThreadState: Binder transaction failure. id: 930680, cmd: BR_FAILED_REPLY (29201), error: -1 (Operation not permitted)
10-30 21:58:15.655  8702  8702 E libbinder.IPCThreadState: Binder transaction failure. id: 930684, cmd: BR_FAILED_REPLY (29201), error: -1 (Operation not permitted)
10-30 21:58:15.659  8702  8702 E libbinder.IPCThreadState: Binder transaction failure. id: 930688, cmd: BR_FAILED_REPLY (29201), error: -1 (Operation not permitted)
10-30 21:58:15.660  8702  8702 E libbinder.IPCThreadState: Binder transaction failure. id: 930692, cmd: BR_FAILED_REPLY (29201), error: -1 (Operation not permitted)
10-30 21:58:15.660  8702  8702 E libbinder.IPCThreadState: Binder transaction failure. id: 930696, cmd: BR_FAILED_REPLY (29201), error: -1 (Operation not permitted)
10-30 21:58:15.661  8702  8702 E libbinder.IPCThreadState: Binder transaction failure. id: 930700, cmd: BR_FAILED_REPLY (29201), error: -1 (Operation not permitted)
10-30 21:58:15.661  8702  8702 E libbinder.IPCThreadState: Binder transaction failure. id: 930704, cmd: BR_FAILED_REPLY (29201), error: -1 (Operation not permitted)
10-30 21:58:15.661  8702  8702 E libbinder.IPCThreadState: Binder transaction failure. id: 930708, cmd: BR_FAILED_REPLY (29201), error: -1 (Operation not permitted)
10-30 21:58:15.663  8702  8702 E libbinder.IPCThreadState: Binder transaction failure. id: 930723, cmd: BR_FAILED_REPLY (29201), error: -1 (Operation not permitted)
10-30 21:58:15.674  8702  8702 E libbinder.IPCThreadState: Binder transaction failure. id: 930739, cmd: BR_FAILED_REPLY (29201), error: -1 (Operation not permitted)
10-30 21:58:15.674  8702  8702 E libbinder.IPCThreadState: Binder transaction failure. id: 930743, cmd: BR_FAILED_REPLY (29201), error: -1 (Operation not permitted)
10-30 21:58:15.674  8702  8702 E libbinder.IPCThreadState: Binder transaction failure. id: 930747, cmd: BR_FAILED_REPLY (29201), error: -1 (Operation not permitted)
10-30 21:58:15.680  8702  8702 E libbinder.IPCThreadState: Binder transaction failure. id: 930753, cmd: BR_FAILED_REPLY (29201), error: -1 (Operation not permitted)
10-30 21:58:15.680  8702  8702 E libbinder.IPCThreadState: Binder transaction failure. id: 930757, cmd: BR_FAILED_REPLY (29201), error: -1 (Operation not permitted)
10-30 21:58:15.681  8702  8702 E libbinder.IPCThreadState: Binder transaction failure. id: 930761, cmd: BR_FAILED_REPLY (29201), error: -1 (Operation not permitted)
10-30 21:58:15.681  8702  8702 E libbinder.IPCThreadState: Binder transaction failure. id: 930765, cmd: BR_FAILED_REPLY (29201), error: -1 (Operation not permitted)
10-30 21:58:15.682  8702  8702 E libbinder.IPCThreadState: Binder transaction failure. id: 930769, cmd: BR_FAILED_REPLY (29201), error: -1 (Operation not permitted)
10-30 21:58:15.682  8702  8702 E libbinder.IPCThreadState: Binder transaction failure. id: 930773, cmd: BR_FAILED_REPLY (29201), error: -1 (Operation not permitted)
10-30 21:58:15.686  8702  8702 E libbinder.IPCThreadState: Binder transaction failure. id: 930822, cmd: BR_FAILED_REPLY (29201), error: -1 (Operation not permitted)
10-30 21:58:15.686  8702  8702 E libbinder.IPCThreadState: Binder transaction failure. id: 930826, cmd: BR_FAILED_REPLY (29201), error: -1 (Operation not permitted)
10-30 21:58:15.686  8702  8702 E libbinder.IPCThreadState: Binder transaction failure. id: 930830, cmd: BR_FAILED_REPLY (29201), error: -1 (Operation not permitted)
10-30 21:58:15.795  8702  8702 E libbinder.IPCThreadState: Binder transaction failure. id: 931542, cmd: BR_FAILED_REPLY (29201), error: -1 (Operation not permitted)
10-30 21:58:15.822  8702  8702 E libbinder.IPCThreadState: Binder transaction failure. id: 932070, cmd: BR_FAILED_REPLY (29201), error: -1 (Operation not permitted)
10-30 21:58:16.256   690   710 V WindowManager:     startWCT=WindowContainerTransaction { changes= {} hops= [] errorCallbackToken=null taskFragmentOrganizer=null }
10-30 21:58:16.279   690  1091 E libbinder.IPCThreadState: Binder transaction failure. id: 932641, cmd: BR_DEAD_REPLY (29189), error: -22 (Invalid argument)
10-30 21:58:16.279   690  1091 W ActivityManager: pid 690 system sent binder code 7 with flags 1 and got error -32
10-30 21:58:16.279   690  1091 W WindowManager: Exception thrown during dispatchAppVisibility Window{34935a u0 com.mindgardenmobile/com.mindgardenmobile.MainActivity EXITING}
10-30 21:58:16.279   690  1091 W WindowManager: android.os.DeadObjectException
10-30 21:58:16.959  8711  8725 W HWUI    : Failed to initialize 101010-2 format, error = EGL_SUCCESS
10-30 21:58:17.070  8711  8711 W unknown:BridgelessReact: ReactHost{0}.raiseSoftException(onWindowFocusChange(hasFocus = "true")): Tried to access onWindowFocusChange while context is not ready
10-30 21:58:17.080  8711  8711 E unknown:ReactHost: Unhandled SoftException
10-30 21:58:17.080  8711  8711 E unknown:ReactHost: com.facebook.react.bridge.ReactNoCrashSoftException: raiseSoftException(onWindowFocusChange(hasFocus = "true")): Tried to access onWindowFocusChange while context is not ready
10-30 21:58:17.080  8711  8711 E unknown:ReactHost: 	at com.facebook.react.runtime.ReactHostImpl.raiseSoftException(ReactHostImpl.kt:826)
10-30 21:58:17.080  8711  8711 E unknown:ReactHost: 	at com.facebook.react.runtime.ReactHostImpl.raiseSoftException$default(ReactHostImpl.kt:817)
10-30 21:58:20.115   690  3158 E TaskPersister: File error accessing recents directory (directory doesn't exist?).
10-30 21:58:20.219  8711  8755 E chromium: [ERROR:variations_seed_loader.cc(39)] Seed missing signature.
10-30 21:58:20.233  8711  8749 E ReactNativeJS: [runtime not ready]: TypeError: Cannot read property 'SM' of undefined
10-30 21:58:20.240  8711  8749 W unknown:BridgelessReact: ReactHost{0}.handleHostException(message = "[runtime not ready]: TypeError: Cannot read property 'SM' of undefined, stack:
10-30 21:58:20.240  8711  8749 E unknown:ReactNative: Exception in native call from JS
10-30 21:58:20.240  8711  8749 E unknown:ReactNative: com.facebook.react.common.JavascriptException: [runtime not ready]: TypeError: Cannot read property 'SM' of undefined, stack:
10-30 21:58:20.240  8711  8749 E unknown:ReactNative: 	at com.facebook.react.modules.core.ExceptionsManagerModule.reportException(ExceptionsManagerModule.kt:52)
10-30 21:58:20.240  8711  8749 E unknown:ReactNative: 	at com.facebook.react.runtime.ReactInstance$ReactJsExceptionHandlerImpl.reportJsException(ReactInstance.kt:293)
10-30 21:58:20.250  8711  8731 W unknown:BridgelessReact: ReactHost{0}.raiseSoftException(getOrCreateDestroyTask()): handleHostException(message = "[runtime not ready]: TypeError: Cannot read property 'SM' of undefined, stack:
10-30 21:58:20.250  8711  8731 E unknown:ReactHost: Unhandled SoftException
10-30 21:58:20.250  8711  8731 E unknown:ReactHost: com.facebook.react.bridge.ReactNoCrashSoftException: raiseSoftException(getOrCreateDestroyTask()): handleHostException(message = "[runtime not ready]: TypeError: Cannot read property 'SM' of undefined, stack:
10-30 21:58:20.250  8711  8731 E unknown:ReactHost: 	at com.facebook.react.runtime.ReactHostImpl.raiseSoftException(ReactHostImpl.kt:826)
10-30 21:58:20.250  8711  8731 E unknown:ReactHost: Caused by: com.facebook.react.common.JavascriptException: [runtime not ready]: TypeError: Cannot read property 'SM' of undefined, stack:
10-30 21:58:20.250  8711  8731 E unknown:ReactHost: 	at com.facebook.react.modules.core.ExceptionsManagerModule.reportException(ExceptionsManagerModule.kt:52)
10-30 21:58:20.250  8711  8731 E unknown:ReactHost: 	at com.facebook.react.runtime.ReactInstance$ReactJsExceptionHandlerImpl.reportJsException(ReactInstance.kt:293)
10-30 21:58:20.257  8711  8749 E ReactNativeJS: * A module failed to load due to an error and `AppRegistry.registerComponent` wasn't called.
10-30 21:58:20.260  8711  8758 W unknown:BridgelessReact: ReactHost{0}.raiseSoftException(callWithExistingReactInstance(callFunctionOnModule("RCTDeviceEventEmitter", "emit"))): Execute: reactInstance is null. Dropping work.
10-30 21:58:20.261  8711  8758 E unknown:ReactHost: Unhandled SoftException
10-30 21:58:20.261  8711  8758 E unknown:ReactHost: com.facebook.react.bridge.ReactNoCrashSoftException: raiseSoftException(callWithExistingReactInstance(callFunctionOnModule("RCTDeviceEventEmitter", "emit"))): Execute: reactInstance is null. Dropping work.
10-30 21:58:20.261  8711  8758 E unknown:ReactHost: 	at com.facebook.react.runtime.ReactHostImpl.raiseSoftException(ReactHostImpl.kt:826)
10-30 21:58:20.261  8711  8758 E unknown:ReactHost: 	at com.facebook.react.runtime.ReactHostImpl.raiseSoftException$default(ReactHostImpl.kt:817)
10-30 21:58:20.267  8711  8711 W unknown:BridgelessReact: ReactHost{0}.raiseSoftException(callWithExistingReactInstance(callFunctionOnModule("RCTDeviceEventEmitter", "emit"))): Execute: reactInstance is null. Dropping work.
10-30 21:58:20.267  8711  8711 E unknown:ReactHost: Unhandled SoftException
10-30 21:58:20.267  8711  8711 E unknown:ReactHost: com.facebook.react.bridge.ReactNoCrashSoftException: raiseSoftException(callWithExistingReactInstance(callFunctionOnModule("RCTDeviceEventEmitter", "emit"))): Execute: reactInstance is null. Dropping work.
10-30 21:58:20.267  8711  8711 E unknown:ReactHost: 	at com.facebook.react.runtime.ReactHostImpl.raiseSoftException(ReactHostImpl.kt:826)
10-30 21:58:20.267  8711  8711 E unknown:ReactHost: 	at com.facebook.react.runtime.ReactHostImpl.raiseSoftException$default(ReactHostImpl.kt:817)
10-30 21:58:20.281  8711  8749 E ReactNativeJS: [runtime not ready]: Error: Non-js exception: AppRegistryBinding::stopSurface failed. Global was not installed.
10-30 21:58:20.285  8711  8759 W unknown:BridgelessReact: ReactHost{0}.raiseSoftException(callWithExistingReactInstance(callFunctionOnModule("RCTDeviceEventEmitter", "emit"))): Execute: reactInstance is null. Dropping work.
10-30 21:58:20.285  8711  8759 E unknown:ReactHost: Unhandled SoftException
10-30 21:58:20.285  8711  8759 E unknown:ReactHost: com.facebook.react.bridge.ReactNoCrashSoftException: raiseSoftException(callWithExistingReactInstance(callFunctionOnModule("RCTDeviceEventEmitter", "emit"))): Execute: reactInstance is null. Dropping work.
10-30 21:58:20.285  8711  8759 E unknown:ReactHost: 	at com.facebook.react.runtime.ReactHostImpl.raiseSoftException(ReactHostImpl.kt:826)
10-30 21:58:20.285  8711  8759 E unknown:ReactHost: 	at com.facebook.react.runtime.ReactHostImpl.raiseSoftException$default(ReactHostImpl.kt:817)
10-30 21:58:20.307  8711  8711 W unknown:BridgelessReact: ReactHost{0}.raiseSoftException(onWindowFocusChange(hasFocus = "false")): Tried to access onWindowFocusChange while context is not ready
10-30 21:58:20.307  8711  8711 E unknown:ReactHost: Unhandled SoftException
10-30 21:58:20.307  8711  8711 E unknown:ReactHost: com.facebook.react.bridge.ReactNoCrashSoftException: raiseSoftException(onWindowFocusChange(hasFocus = "false")): Tried to access onWindowFocusChange while context is not ready
10-30 21:58:20.307  8711  8711 E unknown:ReactHost: 	at com.facebook.react.runtime.ReactHostImpl.raiseSoftException(ReactHostImpl.kt:826)
10-30 21:58:20.307  8711  8711 E unknown:ReactHost: 	at com.facebook.react.runtime.ReactHostImpl.raiseSoftException$default(ReactHostImpl.kt:817)
10-30 21:59:02.922  8711  8711 W unknown:BridgelessReact: ReactHost{0}.raiseSoftException(onWindowFocusChange(hasFocus = "true")): Tried to access onWindowFocusChange while context is not ready
10-30 21:59:02.923  8711  8711 E unknown:ReactHost: Unhandled SoftException
10-30 21:59:02.923  8711  8711 E unknown:ReactHost: com.facebook.react.bridge.ReactNoCrashSoftException: raiseSoftException(onWindowFocusChange(hasFocus = "true")): Tried to access onWindowFocusChange while context is not ready
10-30 21:59:02.923  8711  8711 E unknown:ReactHost: 	at com.facebook.react.runtime.ReactHostImpl.raiseSoftException(ReactHostImpl.kt:826)
10-30 21:59:02.923  8711  8711 E unknown:ReactHost: 	at com.facebook.react.runtime.ReactHostImpl.raiseSoftException$default(ReactHostImpl.kt:817)
10-30 21:59:08.396   690   813 W InputDispatcher: channel '8c97937 com.mindgardenmobile/com.mindgardenmobile.MainActivity' ~ Consumer closed input channel or an error occurred.  events=0x9
10-30 21:59:08.500  8783  8783 E libbinder.IPCThreadState: Binder transaction failure. id: 940131, cmd: BR_FAILED_REPLY (29201), error: -1 (Operation not permitted)
10-30 21:59:08.500  8783  8783 E libbinder.IPCThreadState: Binder transaction failure. id: 940135, cmd: BR_FAILED_REPLY (29201), error: -1 (Operation not permitted)
10-30 21:59:08.500  8783  8783 E libbinder.IPCThreadState: Binder transaction failure. id: 940139, cmd: BR_FAILED_REPLY (29201), error: -1 (Operation not permitted)
10-30 21:59:08.501  8783  8783 E libbinder.IPCThreadState: Binder transaction failure. id: 940144, cmd: BR_FAILED_REPLY (29201), error: -1 (Operation not permitted)
10-30 21:59:08.501  8783  8783 E libbinder.IPCThreadState: Binder transaction failure. id: 940149, cmd: BR_FAILED_REPLY (29201), error: -1 (Operation not permitted)
10-30 21:59:08.501  8783  8783 E libbinder.IPCThreadState: Binder transaction failure. id: 940154, cmd: BR_FAILED_REPLY (29201), error: -1 (Operation not permitted)
10-30 21:59:08.501  8783  8783 E libbinder.IPCThreadState: Binder transaction failure. id: 940158, cmd: BR_FAILED_REPLY (29201), error: -1 (Operation not permitted)
10-30 21:59:08.502  8783  8783 E libbinder.IPCThreadState: Binder transaction failure. id: 940168, cmd: BR_FAILED_REPLY (29201), error: -1 (Operation not permitted)
10-30 21:59:08.504  8783  8783 E libbinder.IPCThreadState: Binder transaction failure. id: 940183, cmd: BR_FAILED_REPLY (29201), error: -1 (Operation not permitted)
10-30 21:59:08.504  8783  8783 E libbinder.IPCThreadState: Binder transaction failure. id: 940189, cmd: BR_FAILED_REPLY (29201), error: -1 (Operation not permitted)
10-30 21:59:08.505  8783  8783 E libbinder.IPCThreadState: Binder transaction failure. id: 940199, cmd: BR_FAILED_REPLY (29201), error: -1 (Operation not permitted)
10-30 21:59:08.505  8783  8783 E libbinder.IPCThreadState: Binder transaction failure. id: 940204, cmd: BR_FAILED_REPLY (29201), error: -1 (Operation not permitted)
10-30 21:59:08.506  8783  8783 E libbinder.IPCThreadState: Binder transaction failure. id: 940209, cmd: BR_FAILED_REPLY (29201), error: -1 (Operation not permitted)
10-30 21:59:08.506  8783  8783 E libbinder.IPCThreadState: Binder transaction failure. id: 940213, cmd: BR_FAILED_REPLY (29201), error: -1 (Operation not permitted)
10-30 21:59:08.508  8783  8783 E libbinder.IPCThreadState: Binder transaction failure. id: 940237, cmd: BR_FAILED_REPLY (29201), error: -1 (Operation not permitted)
10-30 21:59:08.509  8783  8783 E libbinder.IPCThreadState: Binder transaction failure. id: 940243, cmd: BR_FAILED_REPLY (29201), error: -1 (Operation not permitted)
10-30 21:59:08.509  8783  8783 E libbinder.IPCThreadState: Binder transaction failure. id: 940247, cmd: BR_FAILED_REPLY (29201), error: -1 (Operation not permitted)
10-30 21:59:08.510  8783  8783 E libbinder.IPCThreadState: Binder transaction failure. id: 940251, cmd: BR_FAILED_REPLY (29201), error: -1 (Operation not permitted)
10-30 21:59:08.510  8783  8783 E libbinder.IPCThreadState: Binder transaction failure. id: 940255, cmd: BR_FAILED_REPLY (29201), error: -1 (Operation not permitted)
10-30 21:59:08.510  8783  8783 E libbinder.IPCThreadState: Binder transaction failure. id: 940259, cmd: BR_FAILED_REPLY (29201), error: -1 (Operation not permitted)
10-30 21:59:08.510  8783  8783 E libbinder.IPCThreadState: Binder transaction failure. id: 940271, cmd: BR_FAILED_REPLY (29201), error: -1 (Operation not permitted)
10-30 21:59:08.510  8783  8783 E libbinder.IPCThreadState: Binder transaction failure. id: 940275, cmd: BR_FAILED_REPLY (29201), error: -1 (Operation not permitted)
10-30 21:59:08.510  8783  8783 E libbinder.IPCThreadState: Binder transaction failure. id: 940279, cmd: BR_FAILED_REPLY (29201), error: -1 (Operation not permitted)
10-30 21:59:08.511  8783  8783 E libbinder.IPCThreadState: Binder transaction failure. id: 940283, cmd: BR_FAILED_REPLY (29201), error: -1 (Operation not permitted)
10-30 21:59:08.511  8783  8783 E libbinder.IPCThreadState: Binder transaction failure. id: 940289, cmd: BR_FAILED_REPLY (29201), error: -1 (Operation not permitted)
10-30 21:59:08.511  8783  8783 E libbinder.IPCThreadState: Binder transaction failure. id: 940293, cmd: BR_FAILED_REPLY (29201), error: -1 (Operation not permitted)
10-30 21:59:08.512  8783  8783 E libbinder.IPCThreadState: Binder transaction failure. id: 940297, cmd: BR_FAILED_REPLY (29201), error: -1 (Operation not permitted)
10-30 21:59:08.514  8783  8783 E libbinder.IPCThreadState: Binder transaction failure. id: 940315, cmd: BR_FAILED_REPLY (29201), error: -1 (Operation not permitted)
10-30 21:59:08.514  8783  8783 E libbinder.IPCThreadState: Binder transaction failure. id: 940320, cmd: BR_FAILED_REPLY (29201), error: -1 (Operation not permitted)
10-30 21:59:08.514  8783  8783 E libbinder.IPCThreadState: Binder transaction failure. id: 940324, cmd: BR_FAILED_REPLY (29201), error: -1 (Operation not permitted)
10-30 21:59:08.514  8783  8783 E libbinder.IPCThreadState: Binder transaction failure. id: 940328, cmd: BR_FAILED_REPLY (29201), error: -1 (Operation not permitted)
10-30 21:59:08.514  8783  8783 E libbinder.IPCThreadState: Binder transaction failure. id: 940332, cmd: BR_FAILED_REPLY (29201), error: -1 (Operation not permitted)
10-30 21:59:08.515  8783  8783 E libbinder.IPCThreadState: Binder transaction failure. id: 940383, cmd: BR_FAILED_REPLY (29201), error: -1 (Operation not permitted)
10-30 21:59:08.515  8783  8783 E libbinder.IPCThreadState: Binder transaction failure. id: 940387, cmd: BR_FAILED_REPLY (29201), error: -1 (Operation not permitted)
10-30 21:59:08.516  8783  8783 E libbinder.IPCThreadState: Binder transaction failure. id: 940393, cmd: BR_FAILED_REPLY (29201), error: -1 (Operation not permitted)
10-30 21:59:08.516  8783  8783 E libbinder.IPCThreadState: Binder transaction failure. id: 940397, cmd: BR_FAILED_REPLY (29201), error: -1 (Operation not permitted)
10-30 21:59:08.516  8783  8783 E libbinder.IPCThreadState: Binder transaction failure. id: 940401, cmd: BR_FAILED_REPLY (29201), error: -1 (Operation not permitted)
10-30 21:59:08.521  8783  8783 E libbinder.IPCThreadState: Binder transaction failure. id: 940460, cmd: BR_FAILED_REPLY (29201), error: -1 (Operation not permitted)
10-30 21:59:08.522  8783  8783 E libbinder.IPCThreadState: Binder transaction failure. id: 940466, cmd: BR_FAILED_REPLY (29201), error: -1 (Operation not permitted)
10-30 21:59:08.522  8783  8783 E libbinder.IPCThreadState: Binder transaction failure. id: 940470, cmd: BR_FAILED_REPLY (29201), error: -1 (Operation not permitted)
10-30 21:59:08.529   690   710 V WindowManager:     startWCT=WindowContainerTransaction { changes= {} hops= [] errorCallbackToken=null taskFragmentOrganizer=null }
10-30 21:59:08.678  8783  8783 E libbinder.IPCThreadState: Binder transaction failure. id: 941355, cmd: BR_FAILED_REPLY (29201), error: -1 (Operation not permitted)
10-30 21:59:08.731  8783  8783 E libbinder.IPCThreadState: Binder transaction failure. id: 941935, cmd: BR_FAILED_REPLY (29201), error: -1 (Operation not permitted)
10-30 21:59:08.747  8291  8291 E studio.deploy: ERROR: Could not remove dir '/data/data/com.mindgardenmobile/code_cache/.ll/': No such file or directory
10-30 21:59:08.908  8799  8799 E libbinder.IPCThreadState: Binder transaction failure. id: 942261, cmd: BR_FAILED_REPLY (29201), error: -1 (Operation not permitted)
10-30 21:59:08.911  8799  8799 E libbinder.IPCThreadState: Binder transaction failure. id: 942265, cmd: BR_FAILED_REPLY (29201), error: -1 (Operation not permitted)
10-30 21:59:08.911  8799  8799 E libbinder.IPCThreadState: Binder transaction failure. id: 942269, cmd: BR_FAILED_REPLY (29201), error: -1 (Operation not permitted)
10-30 21:59:08.911  8799  8799 E libbinder.IPCThreadState: Binder transaction failure. id: 942273, cmd: BR_FAILED_REPLY (29201), error: -1 (Operation not permitted)
10-30 21:59:08.911  8799  8799 E libbinder.IPCThreadState: Binder transaction failure. id: 942277, cmd: BR_FAILED_REPLY (29201), error: -1 (Operation not permitted)
10-30 21:59:08.911  8799  8799 E libbinder.IPCThreadState: Binder transaction failure. id: 942281, cmd: BR_FAILED_REPLY (29201), error: -1 (Operation not permitted)
10-30 21:59:08.911  8799  8799 E libbinder.IPCThreadState: Binder transaction failure. id: 942285, cmd: BR_FAILED_REPLY (29201), error: -1 (Operation not permitted)
10-30 21:59:08.912  8799  8799 E libbinder.IPCThreadState: Binder transaction failure. id: 942294, cmd: BR_FAILED_REPLY (29201), error: -1 (Operation not permitted)
10-30 21:59:08.912  8799  8799 E libbinder.IPCThreadState: Binder transaction failure. id: 942303, cmd: BR_FAILED_REPLY (29201), error: -1 (Operation not permitted)
10-30 21:59:08.912  8799  8799 E libbinder.IPCThreadState: Binder transaction failure. id: 942309, cmd: BR_FAILED_REPLY (29201), error: -1 (Operation not permitted)
10-30 21:59:08.912  8799  8799 E libbinder.IPCThreadState: Binder transaction failure. id: 942318, cmd: BR_FAILED_REPLY (29201), error: -1 (Operation not permitted)
10-30 21:59:08.912  8799  8799 E libbinder.IPCThreadState: Binder transaction failure. id: 942322, cmd: BR_FAILED_REPLY (29201), error: -1 (Operation not permitted)
10-30 21:59:08.912  8799  8799 E libbinder.IPCThreadState: Binder transaction failure. id: 942326, cmd: BR_FAILED_REPLY (29201), error: -1 (Operation not permitted)
10-30 21:59:08.912  8799  8799 E libbinder.IPCThreadState: Binder transaction failure. id: 942330, cmd: BR_FAILED_REPLY (29201), error: -1 (Operation not permitted)
10-30 21:59:08.913  8799  8799 E libbinder.IPCThreadState: Binder transaction failure. id: 942354, cmd: BR_FAILED_REPLY (29201), error: -1 (Operation not permitted)
10-30 21:59:08.913  8799  8799 E libbinder.IPCThreadState: Binder transaction failure. id: 942358, cmd: BR_FAILED_REPLY (29201), error: -1 (Operation not permitted)
10-30 21:59:08.913  8799  8799 E libbinder.IPCThreadState: Binder transaction failure. id: 942363, cmd: BR_FAILED_REPLY (29201), error: -1 (Operation not permitted)
10-30 21:59:08.914  8799  8799 E libbinder.IPCThreadState: Binder transaction failure. id: 942370, cmd: BR_FAILED_REPLY (29201), error: -1 (Operation not permitted)
10-30 21:59:08.914  8799  8799 E libbinder.IPCThreadState: Binder transaction failure. id: 942374, cmd: BR_FAILED_REPLY (29201), error: -1 (Operation not permitted)
10-30 21:59:08.914  8799  8799 E libbinder.IPCThreadState: Binder transaction failure. id: 942378, cmd: BR_FAILED_REPLY (29201), error: -1 (Operation not permitted)
10-30 21:59:08.914  8799  8799 E libbinder.IPCThreadState: Binder transaction failure. id: 942382, cmd: BR_FAILED_REPLY (29201), error: -1 (Operation not permitted)
10-30 21:59:08.915  8799  8799 E libbinder.IPCThreadState: Binder transaction failure. id: 942388, cmd: BR_FAILED_REPLY (29201), error: -1 (Operation not permitted)
10-30 21:59:08.915  8799  8799 E libbinder.IPCThreadState: Binder transaction failure. id: 942392, cmd: BR_FAILED_REPLY (29201), error: -1 (Operation not permitted)
10-30 21:59:08.915  8799  8799 E libbinder.IPCThreadState: Binder transaction failure. id: 942396, cmd: BR_FAILED_REPLY (29201), error: -1 (Operation not permitted)
10-30 21:59:08.935  8799  8799 E libbinder.IPCThreadState: Binder transaction failure. id: 942407, cmd: BR_FAILED_REPLY (29201), error: -1 (Operation not permitted)
10-30 21:59:08.936  8799  8799 E libbinder.IPCThreadState: Binder transaction failure. id: 942419, cmd: BR_FAILED_REPLY (29201), error: -1 (Operation not permitted)
10-30 21:59:08.936  8799  8799 E libbinder.IPCThreadState: Binder transaction failure. id: 942423, cmd: BR_FAILED_REPLY (29201), error: -1 (Operation not permitted)
10-30 21:59:08.936  8799  8799 E libbinder.IPCThreadState: Binder transaction failure. id: 942438, cmd: BR_FAILED_REPLY (29201), error: -1 (Operation not permitted)
10-30 21:59:08.937  8799  8799 E libbinder.IPCThreadState: Binder transaction failure. id: 942442, cmd: BR_FAILED_REPLY (29201), error: -1 (Operation not permitted)
10-30 21:59:08.937  8799  8799 E libbinder.IPCThreadState: Binder transaction failure. id: 942446, cmd: BR_FAILED_REPLY (29201), error: -1 (Operation not permitted)
10-30 21:59:08.937  8799  8799 E libbinder.IPCThreadState: Binder transaction failure. id: 942450, cmd: BR_FAILED_REPLY (29201), error: -1 (Operation not permitted)
10-30 21:59:08.937  8799  8799 E libbinder.IPCThreadState: Binder transaction failure. id: 942454, cmd: BR_FAILED_REPLY (29201), error: -1 (Operation not permitted)
10-30 21:59:08.937  8799  8799 E libbinder.IPCThreadState: Binder transaction failure. id: 942458, cmd: BR_FAILED_REPLY (29201), error: -1 (Operation not permitted)
10-30 21:59:08.937  8799  8799 E libbinder.IPCThreadState: Binder transaction failure. id: 942462, cmd: BR_FAILED_REPLY (29201), error: -1 (Operation not permitted)
10-30 21:59:08.937  8799  8799 E libbinder.IPCThreadState: Binder transaction failure. id: 942466, cmd: BR_FAILED_REPLY (29201), error: -1 (Operation not permitted)
10-30 21:59:08.937  8799  8799 E libbinder.IPCThreadState: Binder transaction failure. id: 942470, cmd: BR_FAILED_REPLY (29201), error: -1 (Operation not permitted)
10-30 21:59:08.937  8799  8799 E libbinder.IPCThreadState: Binder transaction failure. id: 942474, cmd: BR_FAILED_REPLY (29201), error: -1 (Operation not permitted)
10-30 21:59:08.938  8799  8799 E libbinder.IPCThreadState: Binder transaction failure. id: 942534, cmd: BR_FAILED_REPLY (29201), error: -1 (Operation not permitted)
10-30 21:59:08.938  8799  8799 E libbinder.IPCThreadState: Binder transaction failure. id: 942538, cmd: BR_FAILED_REPLY (29201), error: -1 (Operation not permitted)
10-30 21:59:08.938  8799  8799 E libbinder.IPCThreadState: Binder transaction failure. id: 942542, cmd: BR_FAILED_REPLY (29201), error: -1 (Operation not permitted)
10-30 21:59:09.051  8799  8799 E libbinder.IPCThreadState: Binder transaction failure. id: 943248, cmd: BR_FAILED_REPLY (29201), error: -1 (Operation not permitted)
10-30 21:59:09.109  8799  8799 E libbinder.IPCThreadState: Binder transaction failure. id: 943798, cmd: BR_FAILED_REPLY (29201), error: -1 (Operation not permitted)
10-30 21:59:09.508   690   710 V WindowManager:     startWCT=WindowContainerTransaction { changes= {} hops= [] errorCallbackToken=null taskFragmentOrganizer=null }
10-30 21:59:09.584   690  2242 E libbinder.IPCThreadState: Binder transaction failure. id: 944485, cmd: BR_DEAD_REPLY (29189), error: -22 (Invalid argument)
10-30 21:59:09.584   690  2242 W ActivityManager: pid 690 system sent binder code 7 with flags 1 and got error -32
10-30 21:59:09.584   690  2242 W WindowManager: Exception thrown during dispatchAppVisibility Window{8c97937 u0 com.mindgardenmobile/com.mindgardenmobile.MainActivity EXITING}
10-30 21:59:09.584   690  2242 W WindowManager: android.os.DeadObjectException
10-30 21:59:10.553  8809  8836 W HWUI    : Failed to initialize 101010-2 format, error = EGL_SUCCESS
10-30 21:59:10.655  8809  8809 W unknown:BridgelessReact: ReactHost{0}.raiseSoftException(onWindowFocusChange(hasFocus = "true")): Tried to access onWindowFocusChange while context is not ready
10-30 21:59:10.661  8809  8809 E unknown:ReactHost: Unhandled SoftException
10-30 21:59:10.661  8809  8809 E unknown:ReactHost: com.facebook.react.bridge.ReactNoCrashSoftException: raiseSoftException(onWindowFocusChange(hasFocus = "true")): Tried to access onWindowFocusChange while context is not ready
10-30 21:59:10.661  8809  8809 E unknown:ReactHost: 	at com.facebook.react.runtime.ReactHostImpl.raiseSoftException(ReactHostImpl.kt:826)
10-30 21:59:10.661  8809  8809 E unknown:ReactHost: 	at com.facebook.react.runtime.ReactHostImpl.raiseSoftException$default(ReactHostImpl.kt:817)
10-30 21:59:10.708  6436  6801 W GLSUser : [AppCertManager] Exception while requesting key: 
10-30 21:59:10.708  6436  6801 W GLSUser : java.util.concurrent.ExecutionException: cnwu: Parse Proto Exception with response code 400
10-30 21:59:10.708  6436  6801 W GLSUser : Caused by: cnwu: Parse Proto Exception with response code 400
10-30 21:59:10.872  6419  6818 W Conscrypt: Could not set socket write timeout: java.net.SocketException: Socket closed
10-30 21:59:11.017  6419  6818 W Conscrypt: Could not set socket write timeout: java.net.SocketException: Socket closed
10-30 21:59:12.378  6419  8824 E constellation: Exception: 
10-30 21:59:12.399  7073  8801 W BugleRcsEngine: UPI - verifyPhoneNumber API returned an exception: 5008: sync [32fe9f8f-b133-4271-92aa-7207f9b5da8e] [CONTEXT log_prefix="(PEv2-SM216483131-DefaultCallSmsData-1-e2f)" thread_id=126 ]
10-30 21:59:13.238   690  3158 E TaskPersister: File error accessing recents directory (directory doesn't exist?).
10-30 21:59:14.969   690   730 E BluetoothPowerStatsCollector: java.util.concurrent.ExecutionException: java.lang.RuntimeException: error: 11
10-30 21:59:14.969   690   730 E BluetoothPowerStatsCollector: Caused by: java.lang.RuntimeException: error: 11
10-30 21:59:14.969   690   730 E BluetoothPowerStatsCollector: 	at com.android.server.power.stats.BluetoothPowerStatsCollector$1.onBluetoothActivityEnergyInfoError(BluetoothPowerStatsCollector.java:180)
10-30 21:59:14.970  8809  8874 E ReactNativeJS: [runtime not ready]: TypeError: Cannot read property 'SM' of undefined
10-30 21:59:14.975  8809  8874 W unknown:BridgelessReact: ReactHost{0}.handleHostException(message = "[runtime not ready]: TypeError: Cannot read property 'SM' of undefined, stack:
10-30 21:59:14.981  8809  8874 E unknown:ReactNative: Exception in native call from JS
10-30 21:59:14.981  8809  8874 E unknown:ReactNative: com.facebook.react.common.JavascriptException: [runtime not ready]: TypeError: Cannot read property 'SM' of undefined, stack:
10-30 21:59:14.981  8809  8874 E unknown:ReactNative: 	at com.facebook.react.modules.core.ExceptionsManagerModule.reportException(ExceptionsManagerModule.kt:52)
10-30 21:59:14.981  8809  8874 E unknown:ReactNative: 	at com.facebook.react.runtime.ReactInstance$ReactJsExceptionHandlerImpl.reportJsException(ReactInstance.kt:293)
10-30 21:59:14.984  8809  8842 W unknown:BridgelessReact: ReactHost{0}.raiseSoftException(getOrCreateDestroyTask()): handleHostException(message = "[runtime not ready]: TypeError: Cannot read property 'SM' of undefined, stack:
10-30 21:59:14.984  8809  8842 E unknown:ReactHost: Unhandled SoftException
10-30 21:59:14.984  8809  8842 E unknown:ReactHost: com.facebook.react.bridge.ReactNoCrashSoftException: raiseSoftException(getOrCreateDestroyTask()): handleHostException(message = "[runtime not ready]: TypeError: Cannot read property 'SM' of undefined, stack:
10-30 21:59:14.984  8809  8842 E unknown:ReactHost: 	at com.facebook.react.runtime.ReactHostImpl.raiseSoftException(ReactHostImpl.kt:826)
10-30 21:59:14.984  8809  8842 E unknown:ReactHost: Caused by: com.facebook.react.common.JavascriptException: [runtime not ready]: TypeError: Cannot read property 'SM' of undefined, stack:
10-30 21:59:14.984  8809  8842 E unknown:ReactHost: 	at com.facebook.react.modules.core.ExceptionsManagerModule.reportException(ExceptionsManagerModule.kt:52)
10-30 21:59:14.984  8809  8842 E unknown:ReactHost: 	at com.facebook.react.runtime.ReactInstance$ReactJsExceptionHandlerImpl.reportJsException(ReactInstance.kt:293)
10-30 21:59:14.995  8809  8874 E ReactNativeJS: * A module failed to load due to an error and `AppRegistry.registerComponent` wasn't called.
10-30 21:59:15.014  8809  8880 E chromium: [1030/215915.014075:ERROR:variations_seed_loader.cc(39)] Seed missing signature.
10-30 21:59:15.034  8809  8809 W unknown:BridgelessReact: ReactHost{0}.raiseSoftException(callWithExistingReactInstance(callFunctionOnModule("RCTDeviceEventEmitter", "emit"))): Execute: reactInstance is null. Dropping work.
10-30 21:59:15.034  8809  8809 E unknown:ReactHost: Unhandled SoftException
10-30 21:59:15.034  8809  8809 E unknown:ReactHost: com.facebook.react.bridge.ReactNoCrashSoftException: raiseSoftException(callWithExistingReactInstance(callFunctionOnModule("RCTDeviceEventEmitter", "emit"))): Execute: reactInstance is null. Dropping work.
10-30 21:59:15.034  8809  8809 E unknown:ReactHost: 	at com.facebook.react.runtime.ReactHostImpl.raiseSoftException(ReactHostImpl.kt:826)
10-30 21:59:15.034  8809  8809 E unknown:ReactHost: 	at com.facebook.react.runtime.ReactHostImpl.raiseSoftException$default(ReactHostImpl.kt:817)
10-30 21:59:15.044  8809  8874 E ReactNativeJS: [runtime not ready]: Error: Non-js exception: AppRegistryBinding::stopSurface failed. Global was not installed.
10-30 21:59:15.078  8809  8809 W unknown:BridgelessReact: ReactHost{0}.raiseSoftException(onWindowFocusChange(hasFocus = "false")): Tried to access onWindowFocusChange while context is not ready
10-30 21:59:15.079  8809  8809 E unknown:ReactHost: Unhandled SoftException
10-30 21:59:15.079  8809  8809 E unknown:ReactHost: com.facebook.react.bridge.ReactNoCrashSoftException: raiseSoftException(onWindowFocusChange(hasFocus = "false")): Tried to access onWindowFocusChange while context is not ready
10-30 21:59:15.079  8809  8809 E unknown:ReactHost: 	at com.facebook.react.runtime.ReactHostImpl.raiseSoftException(ReactHostImpl.kt:826)
10-30 21:59:15.079  8809  8809 E unknown:ReactHost: 	at com.facebook.react.runtime.ReactHostImpl.raiseSoftException$default(ReactHostImpl.kt:817)
10-30 22:00:00.143   690   730 E BluetoothPowerStatsCollector: java.util.concurrent.ExecutionException: java.lang.RuntimeException: error: 11
10-30 22:00:00.143   690   730 E BluetoothPowerStatsCollector: Caused by: java.lang.RuntimeException: error: 11
10-30 22:00:00.143   690   730 E BluetoothPowerStatsCollector: 	at com.android.server.power.stats.BluetoothPowerStatsCollector$1.onBluetoothActivityEnergyInfoError(BluetoothPowerStatsCollector.java:180)
10-30 22:00:00.180   690   730 E BluetoothPowerStatsCollector: java.util.concurrent.ExecutionException: java.lang.RuntimeException: error: 11
10-30 22:00:00.180   690   730 E BluetoothPowerStatsCollector: Caused by: java.lang.RuntimeException: error: 11
10-30 22:00:00.180   690   730 E BluetoothPowerStatsCollector: 	at com.android.server.power.stats.BluetoothPowerStatsCollector$1.onBluetoothActivityEnergyInfoError(BluetoothPowerStatsCollector.java:180)
10-30 22:00:55.538   690   813 W InputDispatcher: channel '29fa245 com.mindgardenmobile/com.mindgardenmobile.MainActivity' ~ Consumer closed input channel or an error occurred.  events=0x9
10-30 22:00:55.563   690   813 W InputDispatcher: channel '56c6521 com.mindgardenmobile/com.mindgardenmobile.MainActivity' ~ Consumer closed input channel or an error occurred.  events=0x9
10-30 22:00:55.755  8913  8913 E libbinder.IPCThreadState: Binder transaction failure. id: 956575, cmd: BR_FAILED_REPLY (29201), error: -1 (Operation not permitted)
10-30 22:00:55.755  8913  8913 E libbinder.IPCThreadState: Binder transaction failure. id: 956579, cmd: BR_FAILED_REPLY (29201), error: -1 (Operation not permitted)
10-30 22:00:55.756  8913  8913 E libbinder.IPCThreadState: Binder transaction failure. id: 956584, cmd: BR_FAILED_REPLY (29201), error: -1 (Operation not permitted)
10-30 22:00:55.756  8913  8913 E libbinder.IPCThreadState: Binder transaction failure. id: 956588, cmd: BR_FAILED_REPLY (29201), error: -1 (Operation not permitted)
10-30 22:00:55.756  8913  8913 E libbinder.IPCThreadState: Binder transaction failure. id: 956592, cmd: BR_FAILED_REPLY (29201), error: -1 (Operation not permitted)
10-30 22:00:55.757  8913  8913 E libbinder.IPCThreadState: Binder transaction failure. id: 956596, cmd: BR_FAILED_REPLY (29201), error: -1 (Operation not permitted)
10-30 22:00:55.757  8913  8913 E libbinder.IPCThreadState: Binder transaction failure. id: 956600, cmd: BR_FAILED_REPLY (29201), error: -1 (Operation not permitted)
10-30 22:00:55.758  8913  8913 E libbinder.IPCThreadState: Binder transaction failure. id: 956609, cmd: BR_FAILED_REPLY (29201), error: -1 (Operation not permitted)
10-30 22:00:55.758  8913  8913 E libbinder.IPCThreadState: Binder transaction failure. id: 956618, cmd: BR_FAILED_REPLY (29201), error: -1 (Operation not permitted)
10-30 22:00:55.759  8913  8913 E libbinder.IPCThreadState: Binder transaction failure. id: 956622, cmd: BR_FAILED_REPLY (29201), error: -1 (Operation not permitted)
10-30 22:00:55.760  8913  8913 E libbinder.IPCThreadState: Binder transaction failure. id: 956634, cmd: BR_FAILED_REPLY (29201), error: -1 (Operation not permitted)
10-30 22:00:55.760  8913  8913 E libbinder.IPCThreadState: Binder transaction failure. id: 956638, cmd: BR_FAILED_REPLY (29201), error: -1 (Operation not permitted)
10-30 22:00:55.760  8913  8913 E libbinder.IPCThreadState: Binder transaction failure. id: 956642, cmd: BR_FAILED_REPLY (29201), error: -1 (Operation not permitted)
10-30 22:00:55.760  8913  8913 E libbinder.IPCThreadState: Binder transaction failure. id: 956646, cmd: BR_FAILED_REPLY (29201), error: -1 (Operation not permitted)
10-30 22:00:55.762  8913  8913 E libbinder.IPCThreadState: Binder transaction failure. id: 956672, cmd: BR_FAILED_REPLY (29201), error: -1 (Operation not permitted)
10-30 22:00:55.762  8913  8913 E libbinder.IPCThreadState: Binder transaction failure. id: 956676, cmd: BR_FAILED_REPLY (29201), error: -1 (Operation not permitted)
10-30 22:00:55.763  8913  8913 E libbinder.IPCThreadState: Binder transaction failure. id: 956680, cmd: BR_FAILED_REPLY (29201), error: -1 (Operation not permitted)
10-30 22:00:55.763  8913  8913 E libbinder.IPCThreadState: Binder transaction failure. id: 956684, cmd: BR_FAILED_REPLY (29201), error: -1 (Operation not permitted)
10-30 22:00:55.763  8913  8913 E libbinder.IPCThreadState: Binder transaction failure. id: 956688, cmd: BR_FAILED_REPLY (29201), error: -1 (Operation not permitted)
10-30 22:00:55.763  8913  8913 E libbinder.IPCThreadState: Binder transaction failure. id: 956692, cmd: BR_FAILED_REPLY (29201), error: -1 (Operation not permitted)
10-30 22:00:55.763  8913  8913 E libbinder.IPCThreadState: Binder transaction failure. id: 956697, cmd: BR_FAILED_REPLY (29201), error: -1 (Operation not permitted)
10-30 22:00:55.764  8913  8913 E libbinder.IPCThreadState: Binder transaction failure. id: 956701, cmd: BR_FAILED_REPLY (29201), error: -1 (Operation not permitted)
10-30 22:00:55.764  8913  8913 E libbinder.IPCThreadState: Binder transaction failure. id: 956705, cmd: BR_FAILED_REPLY (29201), error: -1 (Operation not permitted)
10-30 22:00:55.764  8913  8913 E libbinder.IPCThreadState: Binder transaction failure. id: 956709, cmd: BR_FAILED_REPLY (29201), error: -1 (Operation not permitted)
10-30 22:00:55.764  8913  8913 E libbinder.IPCThreadState: Binder transaction failure. id: 956713, cmd: BR_FAILED_REPLY (29201), error: -1 (Operation not permitted)
10-30 22:00:55.764  8913  8913 E libbinder.IPCThreadState: Binder transaction failure. id: 956717, cmd: BR_FAILED_REPLY (29201), error: -1 (Operation not permitted)
10-30 22:00:55.764  8913  8913 E libbinder.IPCThreadState: Binder transaction failure. id: 956721, cmd: BR_FAILED_REPLY (29201), error: -1 (Operation not permitted)
10-30 22:00:55.766  8913  8913 E libbinder.IPCThreadState: Binder transaction failure. id: 956737, cmd: BR_FAILED_REPLY (29201), error: -1 (Operation not permitted)
10-30 22:00:55.766  8913  8913 E libbinder.IPCThreadState: Binder transaction failure. id: 956742, cmd: BR_FAILED_REPLY (29201), error: -1 (Operation not permitted)
10-30 22:00:55.766  8913  8913 E libbinder.IPCThreadState: Binder transaction failure. id: 956746, cmd: BR_FAILED_REPLY (29201), error: -1 (Operation not permitted)
10-30 22:00:55.767  8913  8913 E libbinder.IPCThreadState: Binder transaction failure. id: 956751, cmd: BR_FAILED_REPLY (29201), error: -1 (Operation not permitted)
10-30 22:00:55.767  8913  8913 E libbinder.IPCThreadState: Binder transaction failure. id: 956755, cmd: BR_FAILED_REPLY (29201), error: -1 (Operation not permitted)
10-30 22:00:55.767  8913  8913 E libbinder.IPCThreadState: Binder transaction failure. id: 956759, cmd: BR_FAILED_REPLY (29201), error: -1 (Operation not permitted)
10-30 22:00:55.767  8913  8913 E libbinder.IPCThreadState: Binder transaction failure. id: 956763, cmd: BR_FAILED_REPLY (29201), error: -1 (Operation not permitted)
10-30 22:00:55.767  8913  8913 E libbinder.IPCThreadState: Binder transaction failure. id: 956767, cmd: BR_FAILED_REPLY (29201), error: -1 (Operation not permitted)
10-30 22:00:55.767  8913  8913 E libbinder.IPCThreadState: Binder transaction failure. id: 956771, cmd: BR_FAILED_REPLY (29201), error: -1 (Operation not permitted)
10-30 22:00:55.768  8913  8913 E libbinder.IPCThreadState: Binder transaction failure. id: 956776, cmd: BR_FAILED_REPLY (29201), error: -1 (Operation not permitted)
10-30 22:00:55.771  8913  8913 E libbinder.IPCThreadState: Binder transaction failure. id: 956833, cmd: BR_FAILED_REPLY (29201), error: -1 (Operation not permitted)
10-30 22:00:55.772  8913  8913 E libbinder.IPCThreadState: Binder transaction failure. id: 956838, cmd: BR_FAILED_REPLY (29201), error: -1 (Operation not permitted)
10-30 22:00:55.772  8913  8913 E libbinder.IPCThreadState: Binder transaction failure. id: 956842, cmd: BR_FAILED_REPLY (29201), error: -1 (Operation not permitted)
10-30 22:00:55.782   690   710 V WindowManager:     startWCT=WindowContainerTransaction { changes= {} hops= [] errorCallbackToken=null taskFragmentOrganizer=null }
10-30 22:00:55.835  8913  8913 E libbinder.IPCThreadState: Binder transaction failure. id: 957626, cmd: BR_FAILED_REPLY (29201), error: -1 (Operation not permitted)
10-30 22:00:55.863  8913  8913 E libbinder.IPCThreadState: Binder transaction failure. id: 958165, cmd: BR_FAILED_REPLY (29201), error: -1 (Operation not permitted)
10-30 22:00:55.882  8291  8291 E studio.deploy: ERROR: Could not remove dir '/data/data/com.mindgardenmobile/code_cache/.ll/': No such file or directory
10-30 22:00:55.980  8923  8923 E libbinder.IPCThreadState: Binder transaction failure. id: 958445, cmd: BR_FAILED_REPLY (29201), error: -1 (Operation not permitted)
10-30 22:00:55.980  8923  8923 E libbinder.IPCThreadState: Binder transaction failure. id: 958449, cmd: BR_FAILED_REPLY (29201), error: -1 (Operation not permitted)
10-30 22:00:55.980  8923  8923 E libbinder.IPCThreadState: Binder transaction failure. id: 958453, cmd: BR_FAILED_REPLY (29201), error: -1 (Operation not permitted)
10-30 22:00:55.980  8923  8923 E libbinder.IPCThreadState: Binder transaction failure. id: 958457, cmd: BR_FAILED_REPLY (29201), error: -1 (Operation not permitted)
10-30 22:00:55.980  8923  8923 E libbinder.IPCThreadState: Binder transaction failure. id: 958461, cmd: BR_FAILED_REPLY (29201), error: -1 (Operation not permitted)
10-30 22:00:55.981  8923  8923 E libbinder.IPCThreadState: Binder transaction failure. id: 958465, cmd: BR_FAILED_REPLY (29201), error: -1 (Operation not permitted)
10-30 22:00:55.981  8923  8923 E libbinder.IPCThreadState: Binder transaction failure. id: 958469, cmd: BR_FAILED_REPLY (29201), error: -1 (Operation not permitted)
10-30 22:00:55.981  8923  8923 E libbinder.IPCThreadState: Binder transaction failure. id: 958478, cmd: BR_FAILED_REPLY (29201), error: -1 (Operation not permitted)
10-30 22:00:55.982  8923  8923 E libbinder.IPCThreadState: Binder transaction failure. id: 958487, cmd: BR_FAILED_REPLY (29201), error: -1 (Operation not permitted)
10-30 22:00:55.982  8923  8923 E libbinder.IPCThreadState: Binder transaction failure. id: 958491, cmd: BR_FAILED_REPLY (29201), error: -1 (Operation not permitted)
10-30 22:00:55.982  8923  8923 E libbinder.IPCThreadState: Binder transaction failure. id: 958500, cmd: BR_FAILED_REPLY (29201), error: -1 (Operation not permitted)
10-30 22:00:55.982  8923  8923 E libbinder.IPCThreadState: Binder transaction failure. id: 958504, cmd: BR_FAILED_REPLY (29201), error: -1 (Operation not permitted)
10-30 22:00:55.982  8923  8923 E libbinder.IPCThreadState: Binder transaction failure. id: 958508, cmd: BR_FAILED_REPLY (29201), error: -1 (Operation not permitted)
10-30 22:00:55.983  8923  8923 E libbinder.IPCThreadState: Binder transaction failure. id: 958515, cmd: BR_FAILED_REPLY (29201), error: -1 (Operation not permitted)
10-30 22:00:55.988  8923  8923 E libbinder.IPCThreadState: Binder transaction failure. id: 958550, cmd: BR_FAILED_REPLY (29201), error: -1 (Operation not permitted)
10-30 22:00:55.988  8923  8923 E libbinder.IPCThreadState: Binder transaction failure. id: 958554, cmd: BR_FAILED_REPLY (29201), error: -1 (Operation not permitted)
10-30 22:00:55.989  8923  8923 E libbinder.IPCThreadState: Binder transaction failure. id: 958558, cmd: BR_FAILED_REPLY (29201), error: -1 (Operation not permitted)
10-30 22:00:55.989  8923  8923 E libbinder.IPCThreadState: Binder transaction failure. id: 958562, cmd: BR_FAILED_REPLY (29201), error: -1 (Operation not permitted)
10-30 22:00:55.989  8923  8923 E libbinder.IPCThreadState: Binder transaction failure. id: 958566, cmd: BR_FAILED_REPLY (29201), error: -1 (Operation not permitted)
10-30 22:00:55.989  8923  8923 E libbinder.IPCThreadState: Binder transaction failure. id: 958570, cmd: BR_FAILED_REPLY (29201), error: -1 (Operation not permitted)
10-30 22:00:55.989  8923  8923 E libbinder.IPCThreadState: Binder transaction failure. id: 958574, cmd: BR_FAILED_REPLY (29201), error: -1 (Operation not permitted)
10-30 22:00:55.989  8923  8923 E libbinder.IPCThreadState: Binder transaction failure. id: 958578, cmd: BR_FAILED_REPLY (29201), error: -1 (Operation not permitted)
10-30 22:00:55.989  8923  8923 E libbinder.IPCThreadState: Binder transaction failure. id: 958582, cmd: BR_FAILED_REPLY (29201), error: -1 (Operation not permitted)
10-30 22:00:55.989  8923  8923 E libbinder.IPCThreadState: Binder transaction failure. id: 958586, cmd: BR_FAILED_REPLY (29201), error: -1 (Operation not permitted)
10-30 22:00:55.990  8923  8923 E libbinder.IPCThreadState: Binder transaction failure. id: 958590, cmd: BR_FAILED_REPLY (29201), error: -1 (Operation not permitted)
10-30 22:00:55.990  8923  8923 E libbinder.IPCThreadState: Binder transaction failure. id: 958594, cmd: BR_FAILED_REPLY (29201), error: -1 (Operation not permitted)
10-30 22:00:55.990  8923  8923 E libbinder.IPCThreadState: Binder transaction failure. id: 958598, cmd: BR_FAILED_REPLY (29201), error: -1 (Operation not permitted)
10-30 22:00:55.991  8923  8923 E libbinder.IPCThreadState: Binder transaction failure. id: 958613, cmd: BR_FAILED_REPLY (29201), error: -1 (Operation not permitted)
10-30 22:00:55.991  8923  8923 E libbinder.IPCThreadState: Binder transaction failure. id: 958617, cmd: BR_FAILED_REPLY (29201), error: -1 (Operation not permitted)
10-30 22:00:55.991  8923  8923 E libbinder.IPCThreadState: Binder transaction failure. id: 958621, cmd: BR_FAILED_REPLY (29201), error: -1 (Operation not permitted)
10-30 22:00:55.992  8923  8923 E libbinder.IPCThreadState: Binder transaction failure. id: 958626, cmd: BR_FAILED_REPLY (29201), error: -1 (Operation not permitted)
10-30 22:00:55.992  8923  8923 E libbinder.IPCThreadState: Binder transaction failure. id: 958630, cmd: BR_FAILED_REPLY (29201), error: -1 (Operation not permitted)
10-30 22:00:55.993  8923  8923 E libbinder.IPCThreadState: Binder transaction failure. id: 958634, cmd: BR_FAILED_REPLY (29201), error: -1 (Operation not permitted)
10-30 22:00:55.993  8923  8923 E libbinder.IPCThreadState: Binder transaction failure. id: 958638, cmd: BR_FAILED_REPLY (29201), error: -1 (Operation not permitted)
10-30 22:00:55.995  8923  8923 E libbinder.IPCThreadState: Binder transaction failure. id: 958642, cmd: BR_FAILED_REPLY (29201), error: -1 (Operation not permitted)
10-30 22:00:55.995  8923  8923 E libbinder.IPCThreadState: Binder transaction failure. id: 958646, cmd: BR_FAILED_REPLY (29201), error: -1 (Operation not permitted)
10-30 22:00:55.995  8923  8923 E libbinder.IPCThreadState: Binder transaction failure. id: 958650, cmd: BR_FAILED_REPLY (29201), error: -1 (Operation not permitted)
10-30 22:00:55.996  8923  8923 E libbinder.IPCThreadState: Binder transaction failure. id: 958696, cmd: BR_FAILED_REPLY (29201), error: -1 (Operation not permitted)
10-30 22:00:55.996  8923  8923 E libbinder.IPCThreadState: Binder transaction failure. id: 958700, cmd: BR_FAILED_REPLY (29201), error: -1 (Operation not permitted)
10-30 22:00:55.996  8923  8923 E libbinder.IPCThreadState: Binder transaction failure. id: 958704, cmd: BR_FAILED_REPLY (29201), error: -1 (Operation not permitted)
