10-30 22:00:56.051  8923  8923 E libbinder.IPCThreadState: Binder transaction failure. id: 959375, cmd: BR_FAILED_REPLY (29201), error: -1 (Operation not permitted)
10-30 22:00:56.065  8923  8923 E libbinder.IPCThreadState: Binder transaction failure. id: 959890, cmd: BR_FAILED_REPLY (29201), error: -1 (Operation not permitted)
10-30 22:00:56.446   690   710 V WindowManager:     startWCT=WindowContainerTransaction { changes= {} hops= [] errorCallbackToken=null taskFragmentOrganizer=null }
10-30 22:00:56.463   690  2100 E libbinder.IPCThreadState: Binder transaction failure. id: 960464, cmd: BR_DEAD_REPLY (29189), error: -22 (Invalid argument)
10-30 22:00:56.463   690  2100 W ActivityManager: pid 690 system sent binder code 7 with flags 1 and got error -32
10-30 22:00:56.464   690  2100 W WindowManager: Exception thrown during dispatchAppVisibility Window{56c6521 u0 com.mindgardenmobile/com.mindgardenmobile.MainActivity EXITING}
10-30 22:00:56.464   690  2100 W WindowManager: android.os.DeadObjectException
10-30 22:00:57.227  8931  8947 W HWUI    : Failed to initialize 101010-2 format, error = EGL_SUCCESS
10-30 22:00:57.414  8931  8931 W unknown:BridgelessReact: ReactHost{0}.raiseSoftException(onWindowFocusChange(hasFocus = "true")): Tried to access onWindowFocusChange while context is not ready
10-30 22:00:57.414  8931  8931 E unknown:ReactHost: Unhandled SoftException
10-30 22:00:57.414  8931  8931 E unknown:ReactHost: com.facebook.react.bridge.ReactNoCrashSoftException: raiseSoftException(onWindowFocusChange(hasFocus = "true")): Tried to access onWindowFocusChange while context is not ready
10-30 22:00:57.414  8931  8931 E unknown:ReactHost: 	at com.facebook.react.runtime.ReactHostImpl.raiseSoftException(ReactHostImpl.kt:826)
10-30 22:00:57.414  8931  8931 E unknown:ReactHost: 	at com.facebook.react.runtime.ReactHostImpl.raiseSoftException$default(ReactHostImpl.kt:817)
10-30 22:01:00.221   690  3158 E TaskPersister: File error accessing recents directory (directory doesn't exist?).
10-30 22:01:00.571  8931  8972 E ReactNativeJS: [runtime not ready]: TypeError: Cannot read property 'SM' of undefined
10-30 22:01:00.579  8931  8972 W unknown:BridgelessReact: ReactHost{0}.handleHostException(message = "[runtime not ready]: TypeError: Cannot read property 'SM' of undefined, stack:
10-30 22:01:00.579  8931  8972 E unknown:ReactNative: Exception in native call from JS
10-30 22:01:00.579  8931  8972 E unknown:ReactNative: com.facebook.react.common.JavascriptException: [runtime not ready]: TypeError: Cannot read property 'SM' of undefined, stack:
10-30 22:01:00.579  8931  8972 E unknown:ReactNative: 	at com.facebook.react.modules.core.ExceptionsManagerModule.reportException(ExceptionsManagerModule.kt:52)
10-30 22:01:00.579  8931  8972 E unknown:ReactNative: 	at com.facebook.react.runtime.ReactInstance$ReactJsExceptionHandlerImpl.reportJsException(ReactInstance.kt:293)
10-30 22:01:00.594  8931  8953 W unknown:BridgelessReact: ReactHost{0}.raiseSoftException(getOrCreateDestroyTask()): handleHostException(message = "[runtime not ready]: TypeError: Cannot read property 'SM' of undefined, stack:
10-30 22:01:00.595  8931  8953 E unknown:ReactHost: Unhandled SoftException
10-30 22:01:00.595  8931  8953 E unknown:ReactHost: com.facebook.react.bridge.ReactNoCrashSoftException: raiseSoftException(getOrCreateDestroyTask()): handleHostException(message = "[runtime not ready]: TypeError: Cannot read property 'SM' of undefined, stack:
10-30 22:01:00.595  8931  8953 E unknown:ReactHost: 	at com.facebook.react.runtime.ReactHostImpl.raiseSoftException(ReactHostImpl.kt:826)
10-30 22:01:00.595  8931  8953 E unknown:ReactHost: Caused by: com.facebook.react.common.JavascriptException: [runtime not ready]: TypeError: Cannot read property 'SM' of undefined, stack:
10-30 22:01:00.595  8931  8953 E unknown:ReactHost: 	at com.facebook.react.modules.core.ExceptionsManagerModule.reportException(ExceptionsManagerModule.kt:52)
10-30 22:01:00.595  8931  8953 E unknown:ReactHost: 	at com.facebook.react.runtime.ReactInstance$ReactJsExceptionHandlerImpl.reportJsException(ReactInstance.kt:293)
10-30 22:01:00.608  8931  8972 E ReactNativeJS: * A module failed to load due to an error and `AppRegistry.registerComponent` wasn't called.
10-30 22:01:00.624  8931  8978 E chromium: [1030/220100.624488:ERROR:variations_seed_loader.cc(39)] Seed missing signature.
10-30 22:01:00.639  8931  8931 W unknown:BridgelessReact: ReactHost{0}.raiseSoftException(callWithExistingReactInstance(callFunctionOnModule("RCTDeviceEventEmitter", "emit"))): Execute: reactInstance is null. Dropping work.
10-30 22:01:00.639  8931  8931 E unknown:ReactHost: Unhandled SoftException
10-30 22:01:00.639  8931  8931 E unknown:ReactHost: com.facebook.react.bridge.ReactNoCrashSoftException: raiseSoftException(callWithExistingReactInstance(callFunctionOnModule("RCTDeviceEventEmitter", "emit"))): Execute: reactInstance is null. Dropping work.
10-30 22:01:00.639  8931  8931 E unknown:ReactHost: 	at com.facebook.react.runtime.ReactHostImpl.raiseSoftException(ReactHostImpl.kt:826)
10-30 22:01:00.639  8931  8931 E unknown:ReactHost: 	at com.facebook.react.runtime.ReactHostImpl.raiseSoftException$default(ReactHostImpl.kt:817)
10-30 22:01:00.646  8931  8931 W unknown:BridgelessReact: ReactHost{0}.raiseSoftException(callWithExistingReactInstance(callFunctionOnModule("RCTDeviceEventEmitter", "emit"))): Execute: reactInstance is null. Dropping work.
10-30 22:01:00.654  8931  8931 E unknown:ReactHost: Unhandled SoftException
10-30 22:01:00.654  8931  8931 E unknown:ReactHost: com.facebook.react.bridge.ReactNoCrashSoftException: raiseSoftException(callWithExistingReactInstance(callFunctionOnModule("RCTDeviceEventEmitter", "emit"))): Execute: reactInstance is null. Dropping work.
10-30 22:01:00.654  8931  8931 E unknown:ReactHost: 	at com.facebook.react.runtime.ReactHostImpl.raiseSoftException(ReactHostImpl.kt:826)
10-30 22:01:00.654  8931  8931 E unknown:ReactHost: 	at com.facebook.react.runtime.ReactHostImpl.raiseSoftException$default(ReactHostImpl.kt:817)
10-30 22:01:00.657  8931  8972 E ReactNativeJS: [runtime not ready]: Error: Non-js exception: AppRegistryBinding::stopSurface failed. Global was not installed.
10-30 22:14:43.349   690   813 W InputDispatcher: channel '473cd50 com.mindgardenmobile/com.mindgardenmobile.MainActivity' ~ Consumer closed input channel or an error occurred.  events=0x9
10-30 22:14:43.388   690   813 W InputDispatcher: channel 'f3e30f2 com.mindgardenmobile/com.mindgardenmobile.MainActivity' ~ Consumer closed input channel or an error occurred.  events=0x9
10-30 22:14:43.587  9031  9031 E libbinder.IPCThreadState: Binder transaction failure. id: 1023250, cmd: BR_FAILED_REPLY (29201), error: -1 (Operation not permitted)
10-30 22:14:43.588  9031  9031 E libbinder.IPCThreadState: Binder transaction failure. id: 1023263, cmd: BR_FAILED_REPLY (29201), error: -1 (Operation not permitted)
10-30 22:14:43.589  9031  9031 E libbinder.IPCThreadState: Binder transaction failure. id: 1023268, cmd: BR_FAILED_REPLY (29201), error: -1 (Operation not permitted)
10-30 22:14:43.589  9031  9031 E libbinder.IPCThreadState: Binder transaction failure. id: 1023273, cmd: BR_FAILED_REPLY (29201), error: -1 (Operation not permitted)
10-30 22:14:43.590  9031  9031 E libbinder.IPCThreadState: Binder transaction failure. id: 1023277, cmd: BR_FAILED_REPLY (29201), error: -1 (Operation not permitted)
10-30 22:14:43.590  9031  9031 E libbinder.IPCThreadState: Binder transaction failure. id: 1023281, cmd: BR_FAILED_REPLY (29201), error: -1 (Operation not permitted)
10-30 22:14:43.591  9031  9031 E libbinder.IPCThreadState: Binder transaction failure. id: 1023286, cmd: BR_FAILED_REPLY (29201), error: -1 (Operation not permitted)
10-30 22:14:43.591  9031  9031 E libbinder.IPCThreadState: Binder transaction failure. id: 1023295, cmd: BR_FAILED_REPLY (29201), error: -1 (Operation not permitted)
10-30 22:14:43.591  9031  9031 E libbinder.IPCThreadState: Binder transaction failure. id: 1023304, cmd: BR_FAILED_REPLY (29201), error: -1 (Operation not permitted)
10-30 22:14:43.592  9031  9031 E libbinder.IPCThreadState: Binder transaction failure. id: 1023308, cmd: BR_FAILED_REPLY (29201), error: -1 (Operation not permitted)
10-30 22:14:43.592  9031  9031 E libbinder.IPCThreadState: Binder transaction failure. id: 1023317, cmd: BR_FAILED_REPLY (29201), error: -1 (Operation not permitted)
10-30 22:14:43.592  9031  9031 E libbinder.IPCThreadState: Binder transaction failure. id: 1023321, cmd: BR_FAILED_REPLY (29201), error: -1 (Operation not permitted)
10-30 22:14:43.592  9031  9031 E libbinder.IPCThreadState: Binder transaction failure. id: 1023325, cmd: BR_FAILED_REPLY (29201), error: -1 (Operation not permitted)
10-30 22:14:43.593  9031  9031 E libbinder.IPCThreadState: Binder transaction failure. id: 1023329, cmd: BR_FAILED_REPLY (29201), error: -1 (Operation not permitted)
10-30 22:14:43.595  9031  9031 E libbinder.IPCThreadState: Binder transaction failure. id: 1023360, cmd: BR_FAILED_REPLY (29201), error: -1 (Operation not permitted)
10-30 22:14:43.595  9031  9031 E libbinder.IPCThreadState: Binder transaction failure. id: 1023364, cmd: BR_FAILED_REPLY (29201), error: -1 (Operation not permitted)
10-30 22:14:43.595  9031  9031 E libbinder.IPCThreadState: Binder transaction failure. id: 1023368, cmd: BR_FAILED_REPLY (29201), error: -1 (Operation not permitted)
10-30 22:14:43.596  9031  9031 E libbinder.IPCThreadState: Binder transaction failure. id: 1023372, cmd: BR_FAILED_REPLY (29201), error: -1 (Operation not permitted)
10-30 22:14:43.596  9031  9031 E libbinder.IPCThreadState: Binder transaction failure. id: 1023376, cmd: BR_FAILED_REPLY (29201), error: -1 (Operation not permitted)
10-30 22:14:43.596  9031  9031 E libbinder.IPCThreadState: Binder transaction failure. id: 1023380, cmd: BR_FAILED_REPLY (29201), error: -1 (Operation not permitted)
10-30 22:14:43.596  9031  9031 E libbinder.IPCThreadState: Binder transaction failure. id: 1023384, cmd: BR_FAILED_REPLY (29201), error: -1 (Operation not permitted)
10-30 22:14:43.597  9031  9031 E libbinder.IPCThreadState: Binder transaction failure. id: 1023389, cmd: BR_FAILED_REPLY (29201), error: -1 (Operation not permitted)
10-30 22:14:43.597  9031  9031 E libbinder.IPCThreadState: Binder transaction failure. id: 1023394, cmd: BR_FAILED_REPLY (29201), error: -1 (Operation not permitted)
10-30 22:14:43.597  9031  9031 E libbinder.IPCThreadState: Binder transaction failure. id: 1023398, cmd: BR_FAILED_REPLY (29201), error: -1 (Operation not permitted)
10-30 22:14:43.597   690   710 V WindowManager:     startWCT=WindowContainerTransaction { changes= {} hops= [] errorCallbackToken=null taskFragmentOrganizer=null }
10-30 22:14:43.598  9031  9031 E libbinder.IPCThreadState: Binder transaction failure. id: 1023402, cmd: BR_FAILED_REPLY (29201), error: -1 (Operation not permitted)
10-30 22:14:43.598  9031  9031 E libbinder.IPCThreadState: Binder transaction failure. id: 1023406, cmd: BR_FAILED_REPLY (29201), error: -1 (Operation not permitted)
10-30 22:14:43.598  9031  9031 E libbinder.IPCThreadState: Binder transaction failure. id: 1023410, cmd: BR_FAILED_REPLY (29201), error: -1 (Operation not permitted)
10-30 22:14:43.599  9031  9031 E libbinder.IPCThreadState: Binder transaction failure. id: 1023426, cmd: BR_FAILED_REPLY (29201), error: -1 (Operation not permitted)
10-30 22:14:43.600  9031  9031 E libbinder.IPCThreadState: Binder transaction failure. id: 1023430, cmd: BR_FAILED_REPLY (29201), error: -1 (Operation not permitted)
10-30 22:14:43.600  9031  9031 E libbinder.IPCThreadState: Binder transaction failure. id: 1023435, cmd: BR_FAILED_REPLY (29201), error: -1 (Operation not permitted)
10-30 22:14:43.600  9031  9031 E libbinder.IPCThreadState: Binder transaction failure. id: 1023439, cmd: BR_FAILED_REPLY (29201), error: -1 (Operation not permitted)
10-30 22:14:43.600  9031  9031 E libbinder.IPCThreadState: Binder transaction failure. id: 1023443, cmd: BR_FAILED_REPLY (29201), error: -1 (Operation not permitted)
10-30 22:14:43.601  9031  9031 E libbinder.IPCThreadState: Binder transaction failure. id: 1023447, cmd: BR_FAILED_REPLY (29201), error: -1 (Operation not permitted)
10-30 22:14:43.601  9031  9031 E libbinder.IPCThreadState: Binder transaction failure. id: 1023452, cmd: BR_FAILED_REPLY (29201), error: -1 (Operation not permitted)
10-30 22:14:43.601  9031  9031 E libbinder.IPCThreadState: Binder transaction failure. id: 1023456, cmd: BR_FAILED_REPLY (29201), error: -1 (Operation not permitted)
10-30 22:14:43.602  9031  9031 E libbinder.IPCThreadState: Binder transaction failure. id: 1023460, cmd: BR_FAILED_REPLY (29201), error: -1 (Operation not permitted)
10-30 22:14:43.603  9031  9031 E libbinder.IPCThreadState: Binder transaction failure. id: 1023471, cmd: BR_FAILED_REPLY (29201), error: -1 (Operation not permitted)
10-30 22:14:43.606  9031  9031 E libbinder.IPCThreadState: Binder transaction failure. id: 1023526, cmd: BR_FAILED_REPLY (29201), error: -1 (Operation not permitted)
10-30 22:14:43.606  9031  9031 E libbinder.IPCThreadState: Binder transaction failure. id: 1023530, cmd: BR_FAILED_REPLY (29201), error: -1 (Operation not permitted)
10-30 22:14:43.607  9031  9031 E libbinder.IPCThreadState: Binder transaction failure. id: 1023535, cmd: BR_FAILED_REPLY (29201), error: -1 (Operation not permitted)
10-30 22:14:43.726  9031  9031 E libbinder.IPCThreadState: Binder transaction failure. id: 1024350, cmd: BR_FAILED_REPLY (29201), error: -1 (Operation not permitted)
10-30 22:14:43.761  9031  9031 E libbinder.IPCThreadState: Binder transaction failure. id: 1024890, cmd: BR_FAILED_REPLY (29201), error: -1 (Operation not permitted)
10-30 22:14:43.774  8291  8291 E studio.deploy: ERROR: Could not remove dir '/data/data/com.mindgardenmobile/code_cache/.ll/': No such file or directory
10-30 22:14:44.023  9044  9044 E libbinder.IPCThreadState: Binder transaction failure. id: 1025236, cmd: BR_FAILED_REPLY (29201), error: -1 (Operation not permitted)
10-30 22:14:44.025  9044  9044 E libbinder.IPCThreadState: Binder transaction failure. id: 1025240, cmd: BR_FAILED_REPLY (29201), error: -1 (Operation not permitted)
10-30 22:14:44.025  9044  9044 E libbinder.IPCThreadState: Binder transaction failure. id: 1025244, cmd: BR_FAILED_REPLY (29201), error: -1 (Operation not permitted)
10-30 22:14:44.025  9044  9044 E libbinder.IPCThreadState: Binder transaction failure. id: 1025248, cmd: BR_FAILED_REPLY (29201), error: -1 (Operation not permitted)
10-30 22:14:44.026  9044  9044 E libbinder.IPCThreadState: Binder transaction failure. id: 1025252, cmd: BR_FAILED_REPLY (29201), error: -1 (Operation not permitted)
10-30 22:14:44.026  9044  9044 E libbinder.IPCThreadState: Binder transaction failure. id: 1025256, cmd: BR_FAILED_REPLY (29201), error: -1 (Operation not permitted)
10-30 22:14:44.026  9044  9044 E libbinder.IPCThreadState: Binder transaction failure. id: 1025260, cmd: BR_FAILED_REPLY (29201), error: -1 (Operation not permitted)
10-30 22:14:44.026  9044  9044 E libbinder.IPCThreadState: Binder transaction failure. id: 1025269, cmd: BR_FAILED_REPLY (29201), error: -1 (Operation not permitted)
10-30 22:14:44.026  9044  9044 E libbinder.IPCThreadState: Binder transaction failure. id: 1025278, cmd: BR_FAILED_REPLY (29201), error: -1 (Operation not permitted)
10-30 22:14:44.026  9044  9044 E libbinder.IPCThreadState: Binder transaction failure. id: 1025282, cmd: BR_FAILED_REPLY (29201), error: -1 (Operation not permitted)
10-30 22:14:44.027  9044  9044 E libbinder.IPCThreadState: Binder transaction failure. id: 1025291, cmd: BR_FAILED_REPLY (29201), error: -1 (Operation not permitted)
10-30 22:14:44.027  9044  9044 E libbinder.IPCThreadState: Binder transaction failure. id: 1025295, cmd: BR_FAILED_REPLY (29201), error: -1 (Operation not permitted)
10-30 22:14:44.027  9044  9044 E libbinder.IPCThreadState: Binder transaction failure. id: 1025299, cmd: BR_FAILED_REPLY (29201), error: -1 (Operation not permitted)
10-30 22:14:44.027  9044  9044 E libbinder.IPCThreadState: Binder transaction failure. id: 1025303, cmd: BR_FAILED_REPLY (29201), error: -1 (Operation not permitted)
10-30 22:14:44.029  9044  9044 E libbinder.IPCThreadState: Binder transaction failure. id: 1025327, cmd: BR_FAILED_REPLY (29201), error: -1 (Operation not permitted)
10-30 22:14:44.029  9044  9044 E libbinder.IPCThreadState: Binder transaction failure. id: 1025331, cmd: BR_FAILED_REPLY (29201), error: -1 (Operation not permitted)
10-30 22:14:44.029  9044  9044 E libbinder.IPCThreadState: Binder transaction failure. id: 1025335, cmd: BR_FAILED_REPLY (29201), error: -1 (Operation not permitted)
10-30 22:14:44.029  9044  9044 E libbinder.IPCThreadState: Binder transaction failure. id: 1025339, cmd: BR_FAILED_REPLY (29201), error: -1 (Operation not permitted)
10-30 22:14:44.029  9044  9044 E libbinder.IPCThreadState: Binder transaction failure. id: 1025343, cmd: BR_FAILED_REPLY (29201), error: -1 (Operation not permitted)
10-30 22:14:44.029  9044  9044 E libbinder.IPCThreadState: Binder transaction failure. id: 1025347, cmd: BR_FAILED_REPLY (29201), error: -1 (Operation not permitted)
10-30 22:14:44.029  9044  9044 E libbinder.IPCThreadState: Binder transaction failure. id: 1025351, cmd: BR_FAILED_REPLY (29201), error: -1 (Operation not permitted)
10-30 22:14:44.029  9044  9044 E libbinder.IPCThreadState: Binder transaction failure. id: 1025355, cmd: BR_FAILED_REPLY (29201), error: -1 (Operation not permitted)
10-30 22:14:44.030  9044  9044 E libbinder.IPCThreadState: Binder transaction failure. id: 1025359, cmd: BR_FAILED_REPLY (29201), error: -1 (Operation not permitted)
10-30 22:14:44.030  9044  9044 E libbinder.IPCThreadState: Binder transaction failure. id: 1025363, cmd: BR_FAILED_REPLY (29201), error: -1 (Operation not permitted)
10-30 22:14:44.030  9044  9044 E libbinder.IPCThreadState: Binder transaction failure. id: 1025367, cmd: BR_FAILED_REPLY (29201), error: -1 (Operation not permitted)
10-30 22:14:44.030  9044  9044 E libbinder.IPCThreadState: Binder transaction failure. id: 1025371, cmd: BR_FAILED_REPLY (29201), error: -1 (Operation not permitted)
10-30 22:14:44.030  9044  9044 E libbinder.IPCThreadState: Binder transaction failure. id: 1025375, cmd: BR_FAILED_REPLY (29201), error: -1 (Operation not permitted)
10-30 22:14:44.031  9044  9044 E libbinder.IPCThreadState: Binder transaction failure. id: 1025390, cmd: BR_FAILED_REPLY (29201), error: -1 (Operation not permitted)
10-30 22:14:44.031  9044  9044 E libbinder.IPCThreadState: Binder transaction failure. id: 1025394, cmd: BR_FAILED_REPLY (29201), error: -1 (Operation not permitted)
10-30 22:14:44.031  9044  9044 E libbinder.IPCThreadState: Binder transaction failure. id: 1025398, cmd: BR_FAILED_REPLY (29201), error: -1 (Operation not permitted)
10-30 22:14:44.032  9044  9044 E libbinder.IPCThreadState: Binder transaction failure. id: 1025402, cmd: BR_FAILED_REPLY (29201), error: -1 (Operation not permitted)
10-30 22:14:44.032  9044  9044 E libbinder.IPCThreadState: Binder transaction failure. id: 1025406, cmd: BR_FAILED_REPLY (29201), error: -1 (Operation not permitted)
10-30 22:14:44.032  9044  9044 E libbinder.IPCThreadState: Binder transaction failure. id: 1025410, cmd: BR_FAILED_REPLY (29201), error: -1 (Operation not permitted)
10-30 22:14:44.032  9044  9044 E libbinder.IPCThreadState: Binder transaction failure. id: 1025414, cmd: BR_FAILED_REPLY (29201), error: -1 (Operation not permitted)
10-30 22:14:44.032  9044  9044 E libbinder.IPCThreadState: Binder transaction failure. id: 1025418, cmd: BR_FAILED_REPLY (29201), error: -1 (Operation not permitted)
10-30 22:14:44.032  9044  9044 E libbinder.IPCThreadState: Binder transaction failure. id: 1025422, cmd: BR_FAILED_REPLY (29201), error: -1 (Operation not permitted)
10-30 22:14:44.032  9044  9044 E libbinder.IPCThreadState: Binder transaction failure. id: 1025426, cmd: BR_FAILED_REPLY (29201), error: -1 (Operation not permitted)
10-30 22:14:44.032  9044  9044 E libbinder.IPCThreadState: Binder transaction failure. id: 1025472, cmd: BR_FAILED_REPLY (29201), error: -1 (Operation not permitted)
10-30 22:14:44.032  9044  9044 E libbinder.IPCThreadState: Binder transaction failure. id: 1025476, cmd: BR_FAILED_REPLY (29201), error: -1 (Operation not permitted)
10-30 22:14:44.032  9044  9044 E libbinder.IPCThreadState: Binder transaction failure. id: 1025480, cmd: BR_FAILED_REPLY (29201), error: -1 (Operation not permitted)
10-30 22:14:44.056  9044  9044 E libbinder.IPCThreadState: Binder transaction failure. id: 1026136, cmd: BR_FAILED_REPLY (29201), error: -1 (Operation not permitted)
10-30 22:14:44.066  9044  9044 E libbinder.IPCThreadState: Binder transaction failure. id: 1026643, cmd: BR_FAILED_REPLY (29201), error: -1 (Operation not permitted)
10-30 22:14:44.270   690   710 V WindowManager:     startWCT=WindowContainerTransaction { changes= {} hops= [] errorCallbackToken=null taskFragmentOrganizer=null }
10-30 22:14:44.292   690  1029 E libbinder.IPCThreadState: Binder transaction failure. id: 1027068, cmd: BR_DEAD_REPLY (29189), error: -22 (Invalid argument)
10-30 22:14:44.292   690  1029 W ActivityManager: pid 690 system sent binder code 7 with flags 1 and got error -32
10-30 22:14:44.293   690  1029 W WindowManager: Exception thrown during dispatchAppVisibility Window{f3e30f2 u0 com.mindgardenmobile/com.mindgardenmobile.MainActivity EXITING}
10-30 22:14:44.293   690  1029 W WindowManager: android.os.DeadObjectException
10-30 22:14:44.885  9053  9068 W HWUI    : Failed to initialize 101010-2 format, error = EGL_SUCCESS
10-30 22:14:44.970  9053  9053 W unknown:BridgelessReact: ReactHost{0}.raiseSoftException(onWindowFocusChange(hasFocus = "true")): Tried to access onWindowFocusChange while context is not ready
10-30 22:14:44.971  9053  9053 E unknown:ReactHost: Unhandled SoftException
10-30 22:14:44.971  9053  9053 E unknown:ReactHost: com.facebook.react.bridge.ReactNoCrashSoftException: raiseSoftException(onWindowFocusChange(hasFocus = "true")): Tried to access onWindowFocusChange while context is not ready
10-30 22:14:44.971  9053  9053 E unknown:ReactHost: 	at com.facebook.react.runtime.ReactHostImpl.raiseSoftException(ReactHostImpl.kt:826)
10-30 22:14:44.971  9053  9053 E unknown:ReactHost: 	at com.facebook.react.runtime.ReactHostImpl.raiseSoftException$default(ReactHostImpl.kt:817)
10-30 22:14:47.543  9053  9099 E chromium: [ERROR:variations_seed_loader.cc(39)] Seed missing signature.
10-30 22:14:47.544  9053  9093 E ReactNativeJS: [runtime not ready]: TypeError: Cannot read property 'SM' of undefined
10-30 22:14:47.555  9053  9093 W unknown:BridgelessReact: ReactHost{0}.handleHostException(message = "[runtime not ready]: TypeError: Cannot read property 'SM' of undefined, stack:
10-30 22:14:47.556  9053  9093 E unknown:ReactNative: Exception in native call from JS
10-30 22:14:47.556  9053  9093 E unknown:ReactNative: com.facebook.react.common.JavascriptException: [runtime not ready]: TypeError: Cannot read property 'SM' of undefined, stack:
10-30 22:14:47.556  9053  9093 E unknown:ReactNative: 	at com.facebook.react.modules.core.ExceptionsManagerModule.reportException(ExceptionsManagerModule.kt:52)
10-30 22:14:47.556  9053  9093 E unknown:ReactNative: 	at com.facebook.react.runtime.ReactInstance$ReactJsExceptionHandlerImpl.reportJsException(ReactInstance.kt:293)
10-30 22:14:47.560  9053  9074 W unknown:BridgelessReact: ReactHost{0}.raiseSoftException(getOrCreateDestroyTask()): handleHostException(message = "[runtime not ready]: TypeError: Cannot read property 'SM' of undefined, stack:
10-30 22:14:47.560  9053  9074 E unknown:ReactHost: Unhandled SoftException
10-30 22:14:47.560  9053  9074 E unknown:ReactHost: com.facebook.react.bridge.ReactNoCrashSoftException: raiseSoftException(getOrCreateDestroyTask()): handleHostException(message = "[runtime not ready]: TypeError: Cannot read property 'SM' of undefined, stack:
10-30 22:14:47.560  9053  9074 E unknown:ReactHost: 	at com.facebook.react.runtime.ReactHostImpl.raiseSoftException(ReactHostImpl.kt:826)
10-30 22:14:47.560  9053  9074 E unknown:ReactHost: Caused by: com.facebook.react.common.JavascriptException: [runtime not ready]: TypeError: Cannot read property 'SM' of undefined, stack:
10-30 22:14:47.560  9053  9074 E unknown:ReactHost: 	at com.facebook.react.modules.core.ExceptionsManagerModule.reportException(ExceptionsManagerModule.kt:52)
10-30 22:14:47.560  9053  9074 E unknown:ReactHost: 	at com.facebook.react.runtime.ReactInstance$ReactJsExceptionHandlerImpl.reportJsException(ReactInstance.kt:293)
10-30 22:14:47.581  9053  9093 E ReactNativeJS: * A module failed to load due to an error and `AppRegistry.registerComponent` wasn't called.
10-30 22:14:47.598  9053  9053 W unknown:BridgelessReact: ReactHost{0}.raiseSoftException(callWithExistingReactInstance(callFunctionOnModule("RCTDeviceEventEmitter", "emit"))): Execute: reactInstance is null. Dropping work.
10-30 22:14:47.598  9053  9053 E unknown:ReactHost: Unhandled SoftException
10-30 22:14:47.598  9053  9053 E unknown:ReactHost: com.facebook.react.bridge.ReactNoCrashSoftException: raiseSoftException(callWithExistingReactInstance(callFunctionOnModule("RCTDeviceEventEmitter", "emit"))): Execute: reactInstance is null. Dropping work.
10-30 22:14:47.598  9053  9053 E unknown:ReactHost: 	at com.facebook.react.runtime.ReactHostImpl.raiseSoftException(ReactHostImpl.kt:826)
10-30 22:14:47.598  9053  9053 E unknown:ReactHost: 	at com.facebook.react.runtime.ReactHostImpl.raiseSoftException$default(ReactHostImpl.kt:817)
10-30 22:14:47.607  9053  9093 E ReactNativeJS: [runtime not ready]: Error: Non-js exception: AppRegistryBinding::stopSurface failed. Global was not installed.
10-30 22:14:47.623  9053  9102 W unknown:BridgelessReact: ReactHost{0}.raiseSoftException(callWithExistingReactInstance(callFunctionOnModule("RCTDeviceEventEmitter", "emit"))): Execute: reactInstance is null. Dropping work.
10-30 22:14:47.624  9053  9102 E unknown:ReactHost: Unhandled SoftException
10-30 22:14:47.624  9053  9102 E unknown:ReactHost: com.facebook.react.bridge.ReactNoCrashSoftException: raiseSoftException(callWithExistingReactInstance(callFunctionOnModule("RCTDeviceEventEmitter", "emit"))): Execute: reactInstance is null. Dropping work.
10-30 22:14:47.624  9053  9102 E unknown:ReactHost: 	at com.facebook.react.runtime.ReactHostImpl.raiseSoftException(ReactHostImpl.kt:826)
10-30 22:14:47.624  9053  9102 E unknown:ReactHost: 	at com.facebook.react.runtime.ReactHostImpl.raiseSoftException$default(ReactHostImpl.kt:817)
10-30 22:14:47.624  9053  9104 W unknown:BridgelessReact: ReactHost{0}.raiseSoftException(callWithExistingReactInstance(callFunctionOnModule("RCTDeviceEventEmitter", "emit"))): Execute: reactInstance is null. Dropping work.
10-30 22:14:47.624  9053  9104 E unknown:ReactHost: Unhandled SoftException
10-30 22:14:47.624  9053  9104 E unknown:ReactHost: com.facebook.react.bridge.ReactNoCrashSoftException: raiseSoftException(callWithExistingReactInstance(callFunctionOnModule("RCTDeviceEventEmitter", "emit"))): Execute: reactInstance is null. Dropping work.
10-30 22:14:47.624  9053  9104 E unknown:ReactHost: 	at com.facebook.react.runtime.ReactHostImpl.raiseSoftException(ReactHostImpl.kt:826)
10-30 22:14:47.624  9053  9104 E unknown:ReactHost: 	at com.facebook.react.runtime.ReactHostImpl.raiseSoftException$default(ReactHostImpl.kt:817)
10-30 22:14:47.636  9053  9053 W unknown:BridgelessReact: ReactHost{0}.raiseSoftException(onWindowFocusChange(hasFocus = "false")): Tried to access onWindowFocusChange while context is not ready
10-30 22:14:47.636  9053  9053 E unknown:ReactHost: Unhandled SoftException
10-30 22:14:47.636  9053  9053 E unknown:ReactHost: com.facebook.react.bridge.ReactNoCrashSoftException: raiseSoftException(onWindowFocusChange(hasFocus = "false")): Tried to access onWindowFocusChange while context is not ready
10-30 22:14:47.636  9053  9053 E unknown:ReactHost: 	at com.facebook.react.runtime.ReactHostImpl.raiseSoftException(ReactHostImpl.kt:826)
10-30 22:14:47.636  9053  9053 E unknown:ReactHost: 	at com.facebook.react.runtime.ReactHostImpl.raiseSoftException$default(ReactHostImpl.kt:817)
10-30 22:14:48.123   690  3158 E TaskPersister: File error accessing recents directory (directory doesn't exist?).
10-30 22:15:43.320   690   730 E BluetoothPowerStatsCollector: java.util.concurrent.ExecutionException: java.lang.RuntimeException: error: 11
10-30 22:15:43.320   690   730 E BluetoothPowerStatsCollector: Caused by: java.lang.RuntimeException: error: 11
10-30 22:15:43.320   690   730 E BluetoothPowerStatsCollector: 	at com.android.server.power.stats.BluetoothPowerStatsCollector$1.onBluetoothActivityEnergyInfoError(BluetoothPowerStatsCollector.java:180)
10-30 22:16:03.091  6436  6476 W GLSUser : [AppCertManager] Exception while requesting key: 
10-30 22:16:03.091  6436  6476 W GLSUser : java.util.concurrent.ExecutionException: cnwu: Parse Proto Exception with response code 400
10-30 22:16:03.091  6436  6476 W GLSUser : Caused by: cnwu: Parse Proto Exception with response code 400
10-30 22:17:08.940   690   813 W InputDispatcher: channel '3127a08 com.mindgardenmobile/com.mindgardenmobile.MainActivity' ~ Consumer closed input channel or an error occurred.  events=0x9
10-30 22:17:08.951   690   813 W InputDispatcher: channel '8934351 com.mindgardenmobile/com.mindgardenmobile.MainActivity' ~ Consumer closed input channel or an error occurred.  events=0x9
10-30 22:17:09.124  9145  9145 E libbinder.IPCThreadState: Binder transaction failure. id: 1040935, cmd: BR_FAILED_REPLY (29201), error: -1 (Operation not permitted)
10-30 22:17:09.124  9145  9145 E libbinder.IPCThreadState: Binder transaction failure. id: 1040940, cmd: BR_FAILED_REPLY (29201), error: -1 (Operation not permitted)
10-30 22:17:09.124  9145  9145 E libbinder.IPCThreadState: Binder transaction failure. id: 1040944, cmd: BR_FAILED_REPLY (29201), error: -1 (Operation not permitted)
10-30 22:17:09.125  9145  9145 E libbinder.IPCThreadState: Binder transaction failure. id: 1040948, cmd: BR_FAILED_REPLY (29201), error: -1 (Operation not permitted)
10-30 22:17:09.125  9145  9145 E libbinder.IPCThreadState: Binder transaction failure. id: 1040952, cmd: BR_FAILED_REPLY (29201), error: -1 (Operation not permitted)
10-30 22:17:09.125  9145  9145 E libbinder.IPCThreadState: Binder transaction failure. id: 1040957, cmd: BR_FAILED_REPLY (29201), error: -1 (Operation not permitted)
10-30 22:17:09.125  9145  9145 E libbinder.IPCThreadState: Binder transaction failure. id: 1040961, cmd: BR_FAILED_REPLY (29201), error: -1 (Operation not permitted)
10-30 22:17:09.126  9145  9145 E libbinder.IPCThreadState: Binder transaction failure. id: 1040970, cmd: BR_FAILED_REPLY (29201), error: -1 (Operation not permitted)
10-30 22:17:09.126  9145  9145 E libbinder.IPCThreadState: Binder transaction failure. id: 1040979, cmd: BR_FAILED_REPLY (29201), error: -1 (Operation not permitted)
10-30 22:17:09.126  9145  9145 E libbinder.IPCThreadState: Binder transaction failure. id: 1040987, cmd: BR_FAILED_REPLY (29201), error: -1 (Operation not permitted)
10-30 22:17:09.127  9145  9145 E libbinder.IPCThreadState: Binder transaction failure. id: 1040996, cmd: BR_FAILED_REPLY (29201), error: -1 (Operation not permitted)
10-30 22:17:09.127  9145  9145 E libbinder.IPCThreadState: Binder transaction failure. id: 1041001, cmd: BR_FAILED_REPLY (29201), error: -1 (Operation not permitted)
10-30 22:17:09.127  9145  9145 E libbinder.IPCThreadState: Binder transaction failure. id: 1041005, cmd: BR_FAILED_REPLY (29201), error: -1 (Operation not permitted)
10-30 22:17:09.127  9145  9145 E libbinder.IPCThreadState: Binder transaction failure. id: 1041009, cmd: BR_FAILED_REPLY (29201), error: -1 (Operation not permitted)
10-30 22:17:09.128   690   710 V WindowManager:     startWCT=WindowContainerTransaction { changes= {} hops= [] errorCallbackToken=null taskFragmentOrganizer=null }
10-30 22:17:09.129  9145  9145 E libbinder.IPCThreadState: Binder transaction failure. id: 1041037, cmd: BR_FAILED_REPLY (29201), error: -1 (Operation not permitted)
10-30 22:17:09.129  9145  9145 E libbinder.IPCThreadState: Binder transaction failure. id: 1041041, cmd: BR_FAILED_REPLY (29201), error: -1 (Operation not permitted)
10-30 22:17:09.130  9145  9145 E libbinder.IPCThreadState: Binder transaction failure. id: 1041045, cmd: BR_FAILED_REPLY (29201), error: -1 (Operation not permitted)
10-30 22:17:09.130  9145  9145 E libbinder.IPCThreadState: Binder transaction failure. id: 1041049, cmd: BR_FAILED_REPLY (29201), error: -1 (Operation not permitted)
10-30 22:17:09.130  9145  9145 E libbinder.IPCThreadState: Binder transaction failure. id: 1041053, cmd: BR_FAILED_REPLY (29201), error: -1 (Operation not permitted)
10-30 22:17:09.130  9145  9145 E libbinder.IPCThreadState: Binder transaction failure. id: 1041057, cmd: BR_FAILED_REPLY (29201), error: -1 (Operation not permitted)
10-30 22:17:09.130  9145  9145 E libbinder.IPCThreadState: Binder transaction failure. id: 1041061, cmd: BR_FAILED_REPLY (29201), error: -1 (Operation not permitted)
10-30 22:17:09.130  9145  9145 E libbinder.IPCThreadState: Binder transaction failure. id: 1041065, cmd: BR_FAILED_REPLY (29201), error: -1 (Operation not permitted)
10-30 22:17:09.130  9145  9145 E libbinder.IPCThreadState: Binder transaction failure. id: 1041069, cmd: BR_FAILED_REPLY (29201), error: -1 (Operation not permitted)
10-30 22:17:09.131  9145  9145 E libbinder.IPCThreadState: Binder transaction failure. id: 1041073, cmd: BR_FAILED_REPLY (29201), error: -1 (Operation not permitted)
10-30 22:17:09.131  9145  9145 E libbinder.IPCThreadState: Binder transaction failure. id: 1041077, cmd: BR_FAILED_REPLY (29201), error: -1 (Operation not permitted)
10-30 22:17:09.131  9145  9145 E libbinder.IPCThreadState: Binder transaction failure. id: 1041081, cmd: BR_FAILED_REPLY (29201), error: -1 (Operation not permitted)
10-30 22:17:09.131  9145  9145 E libbinder.IPCThreadState: Binder transaction failure. id: 1041085, cmd: BR_FAILED_REPLY (29201), error: -1 (Operation not permitted)
10-30 22:17:09.133  9145  9145 E libbinder.IPCThreadState: Binder transaction failure. id: 1041100, cmd: BR_FAILED_REPLY (29201), error: -1 (Operation not permitted)
10-30 22:17:09.133  9145  9145 E libbinder.IPCThreadState: Binder transaction failure. id: 1041104, cmd: BR_FAILED_REPLY (29201), error: -1 (Operation not permitted)
10-30 22:17:09.133  9145  9145 E libbinder.IPCThreadState: Binder transaction failure. id: 1041108, cmd: BR_FAILED_REPLY (29201), error: -1 (Operation not permitted)
10-30 22:17:09.133  9145  9145 E libbinder.IPCThreadState: Binder transaction failure. id: 1041112, cmd: BR_FAILED_REPLY (29201), error: -1 (Operation not permitted)
10-30 22:17:09.134  9145  9145 E libbinder.IPCThreadState: Binder transaction failure. id: 1041116, cmd: BR_FAILED_REPLY (29201), error: -1 (Operation not permitted)
10-30 22:17:09.134  9145  9145 E libbinder.IPCThreadState: Binder transaction failure. id: 1041121, cmd: BR_FAILED_REPLY (29201), error: -1 (Operation not permitted)
10-30 22:17:09.134  9145  9145 E libbinder.IPCThreadState: Binder transaction failure. id: 1041125, cmd: BR_FAILED_REPLY (29201), error: -1 (Operation not permitted)
10-30 22:17:09.134  9145  9145 E libbinder.IPCThreadState: Binder transaction failure. id: 1041129, cmd: BR_FAILED_REPLY (29201), error: -1 (Operation not permitted)
10-30 22:17:09.134  9145  9145 E libbinder.IPCThreadState: Binder transaction failure. id: 1041133, cmd: BR_FAILED_REPLY (29201), error: -1 (Operation not permitted)
10-30 22:17:09.135  9145  9145 E libbinder.IPCThreadState: Binder transaction failure. id: 1041137, cmd: BR_FAILED_REPLY (29201), error: -1 (Operation not permitted)
10-30 22:17:09.139  9145  9145 E libbinder.IPCThreadState: Binder transaction failure. id: 1041199, cmd: BR_FAILED_REPLY (29201), error: -1 (Operation not permitted)
10-30 22:17:09.139  9145  9145 E libbinder.IPCThreadState: Binder transaction failure. id: 1041203, cmd: BR_FAILED_REPLY (29201), error: -1 (Operation not permitted)
10-30 22:17:09.139  9145  9145 E libbinder.IPCThreadState: Binder transaction failure. id: 1041207, cmd: BR_FAILED_REPLY (29201), error: -1 (Operation not permitted)
10-30 22:17:09.192  9145  9145 E libbinder.IPCThreadState: Binder transaction failure. id: 1041957, cmd: BR_FAILED_REPLY (29201), error: -1 (Operation not permitted)
10-30 22:17:09.222  9145  9145 E libbinder.IPCThreadState: Binder transaction failure. id: 1042499, cmd: BR_FAILED_REPLY (29201), error: -1 (Operation not permitted)
10-30 22:17:09.247  8291  8291 E studio.deploy: ERROR: Could not remove dir '/data/data/com.mindgardenmobile/code_cache/.ll/': No such file or directory
10-30 22:17:09.382  9155  9155 E libbinder.IPCThreadState: Binder transaction failure. id: 1042819, cmd: BR_FAILED_REPLY (29201), error: -1 (Operation not permitted)
10-30 22:17:09.382  9155  9155 E libbinder.IPCThreadState: Binder transaction failure. id: 1042823, cmd: BR_FAILED_REPLY (29201), error: -1 (Operation not permitted)
10-30 22:17:09.382  9155  9155 E libbinder.IPCThreadState: Binder transaction failure. id: 1042828, cmd: BR_FAILED_REPLY (29201), error: -1 (Operation not permitted)
10-30 22:17:09.383  9155  9155 E libbinder.IPCThreadState: Binder transaction failure. id: 1042832, cmd: BR_FAILED_REPLY (29201), error: -1 (Operation not permitted)
10-30 22:17:09.383  9155  9155 E libbinder.IPCThreadState: Binder transaction failure. id: 1042836, cmd: BR_FAILED_REPLY (29201), error: -1 (Operation not permitted)
10-30 22:17:09.383  9155  9155 E libbinder.IPCThreadState: Binder transaction failure. id: 1042840, cmd: BR_FAILED_REPLY (29201), error: -1 (Operation not permitted)
10-30 22:17:09.383  9155  9155 E libbinder.IPCThreadState: Binder transaction failure. id: 1042844, cmd: BR_FAILED_REPLY (29201), error: -1 (Operation not permitted)
10-30 22:17:09.395  9155  9155 E libbinder.IPCThreadState: Binder transaction failure. id: 1042863, cmd: BR_FAILED_REPLY (29201), error: -1 (Operation not permitted)
10-30 22:17:09.395  9155  9155 E libbinder.IPCThreadState: Binder transaction failure. id: 1042872, cmd: BR_FAILED_REPLY (29201), error: -1 (Operation not permitted)
10-30 22:17:09.395  9155  9155 E libbinder.IPCThreadState: Binder transaction failure. id: 1042876, cmd: BR_FAILED_REPLY (29201), error: -1 (Operation not permitted)
10-30 22:17:09.396  9155  9155 E libbinder.IPCThreadState: Binder transaction failure. id: 1042888, cmd: BR_FAILED_REPLY (29201), error: -1 (Operation not permitted)
10-30 22:17:09.396  9155  9155 E libbinder.IPCThreadState: Binder transaction failure. id: 1042892, cmd: BR_FAILED_REPLY (29201), error: -1 (Operation not permitted)
10-30 22:17:09.396  9155  9155 E libbinder.IPCThreadState: Binder transaction failure. id: 1042896, cmd: BR_FAILED_REPLY (29201), error: -1 (Operation not permitted)
10-30 22:17:09.397  9155  9155 E libbinder.IPCThreadState: Binder transaction failure. id: 1042901, cmd: BR_FAILED_REPLY (29201), error: -1 (Operation not permitted)
10-30 22:17:09.410  9155  9155 E libbinder.IPCThreadState: Binder transaction failure. id: 1042936, cmd: BR_FAILED_REPLY (29201), error: -1 (Operation not permitted)
10-30 22:17:09.410  9155  9155 E libbinder.IPCThreadState: Binder transaction failure. id: 1042940, cmd: BR_FAILED_REPLY (29201), error: -1 (Operation not permitted)
10-30 22:17:09.411  9155  9155 E libbinder.IPCThreadState: Binder transaction failure. id: 1042944, cmd: BR_FAILED_REPLY (29201), error: -1 (Operation not permitted)
10-30 22:17:09.411  9155  9155 E libbinder.IPCThreadState: Binder transaction failure. id: 1042948, cmd: BR_FAILED_REPLY (29201), error: -1 (Operation not permitted)
10-30 22:17:09.411  9155  9155 E libbinder.IPCThreadState: Binder transaction failure. id: 1042952, cmd: BR_FAILED_REPLY (29201), error: -1 (Operation not permitted)
10-30 22:17:09.412  9155  9155 E libbinder.IPCThreadState: Binder transaction failure. id: 1042956, cmd: BR_FAILED_REPLY (29201), error: -1 (Operation not permitted)
10-30 22:17:09.412  9155  9155 E libbinder.IPCThreadState: Binder transaction failure. id: 1042960, cmd: BR_FAILED_REPLY (29201), error: -1 (Operation not permitted)
10-30 22:17:09.416  9155  9155 E libbinder.IPCThreadState: Binder transaction failure. id: 1042964, cmd: BR_FAILED_REPLY (29201), error: -1 (Operation not permitted)
10-30 22:17:09.417  9155  9155 E libbinder.IPCThreadState: Binder transaction failure. id: 1042968, cmd: BR_FAILED_REPLY (29201), error: -1 (Operation not permitted)
10-30 22:17:09.418  9155  9155 E libbinder.IPCThreadState: Binder transaction failure. id: 1042973, cmd: BR_FAILED_REPLY (29201), error: -1 (Operation not permitted)
10-30 22:17:09.419  9155  9155 E libbinder.IPCThreadState: Binder transaction failure. id: 1042977, cmd: BR_FAILED_REPLY (29201), error: -1 (Operation not permitted)
10-30 22:17:09.419  9155  9155 E libbinder.IPCThreadState: Binder transaction failure. id: 1042981, cmd: BR_FAILED_REPLY (29201), error: -1 (Operation not permitted)
10-30 22:17:09.419  9155  9155 E libbinder.IPCThreadState: Binder transaction failure. id: 1042985, cmd: BR_FAILED_REPLY (29201), error: -1 (Operation not permitted)
10-30 22:17:09.422  9155  9155 E libbinder.IPCThreadState: Binder transaction failure. id: 1043000, cmd: BR_FAILED_REPLY (29201), error: -1 (Operation not permitted)
10-30 22:17:09.422  9155  9155 E libbinder.IPCThreadState: Binder transaction failure. id: 1043004, cmd: BR_FAILED_REPLY (29201), error: -1 (Operation not permitted)
10-30 22:17:09.424  9155  9155 E libbinder.IPCThreadState: Binder transaction failure. id: 1043008, cmd: BR_FAILED_REPLY (29201), error: -1 (Operation not permitted)
10-30 22:17:09.424  9155  9155 E libbinder.IPCThreadState: Binder transaction failure. id: 1043012, cmd: BR_FAILED_REPLY (29201), error: -1 (Operation not permitted)
10-30 22:17:09.424  9155  9155 E libbinder.IPCThreadState: Binder transaction failure. id: 1043016, cmd: BR_FAILED_REPLY (29201), error: -1 (Operation not permitted)
10-30 22:17:09.425  9155  9155 E libbinder.IPCThreadState: Binder transaction failure. id: 1043020, cmd: BR_FAILED_REPLY (29201), error: -1 (Operation not permitted)
10-30 22:17:09.425  9155  9155 E libbinder.IPCThreadState: Binder transaction failure. id: 1043024, cmd: BR_FAILED_REPLY (29201), error: -1 (Operation not permitted)
10-30 22:17:09.425  9155  9155 E libbinder.IPCThreadState: Binder transaction failure. id: 1043028, cmd: BR_FAILED_REPLY (29201), error: -1 (Operation not permitted)
10-30 22:17:09.425  9155  9155 E libbinder.IPCThreadState: Binder transaction failure. id: 1043032, cmd: BR_FAILED_REPLY (29201), error: -1 (Operation not permitted)
10-30 22:17:09.425  9155  9155 E libbinder.IPCThreadState: Binder transaction failure. id: 1043036, cmd: BR_FAILED_REPLY (29201), error: -1 (Operation not permitted)
10-30 22:17:09.427  9155  9155 E libbinder.IPCThreadState: Binder transaction failure. id: 1043087, cmd: BR_FAILED_REPLY (29201), error: -1 (Operation not permitted)
10-30 22:17:09.427  9155  9155 E libbinder.IPCThreadState: Binder transaction failure. id: 1043091, cmd: BR_FAILED_REPLY (29201), error: -1 (Operation not permitted)
10-30 22:17:09.427  9155  9155 E libbinder.IPCThreadState: Binder transaction failure. id: 1043095, cmd: BR_FAILED_REPLY (29201), error: -1 (Operation not permitted)
10-30 22:17:09.466  9155  9155 E libbinder.IPCThreadState: Binder transaction failure. id: 1043764, cmd: BR_FAILED_REPLY (29201), error: -1 (Operation not permitted)
10-30 22:17:09.513  9155  9155 E libbinder.IPCThreadState: Binder transaction failure. id: 1044300, cmd: BR_FAILED_REPLY (29201), error: -1 (Operation not permitted)
10-30 22:17:10.001   690   710 V WindowManager:     startWCT=WindowContainerTransaction { changes= {} hops= [] errorCallbackToken=null taskFragmentOrganizer=null }
10-30 22:17:10.028   690  1198 E libbinder.IPCThreadState: Binder transaction failure. id: 1044897, cmd: BR_DEAD_REPLY (29189), error: -22 (Invalid argument)
10-30 22:17:10.028   690  1198 W ActivityManager: pid 690 system sent binder code 7 with flags 1 and got error -32
10-30 22:17:10.028   690  1198 W WindowManager: Exception thrown during dispatchAppVisibility Window{8934351 u0 com.mindgardenmobile/com.mindgardenmobile.MainActivity EXITING}
10-30 22:17:10.028   690  1198 W WindowManager: android.os.DeadObjectException
10-30 22:17:10.667  9163  9178 W HWUI    : Failed to initialize 101010-2 format, error = EGL_SUCCESS
10-30 22:17:10.870  9163  9163 W unknown:BridgelessReact: ReactHost{0}.raiseSoftException(onWindowFocusChange(hasFocus = "true")): Tried to access onWindowFocusChange while context is not ready
10-30 22:17:10.873  9163  9163 E unknown:ReactHost: Unhandled SoftException
10-30 22:17:10.873  9163  9163 E unknown:ReactHost: com.facebook.react.bridge.ReactNoCrashSoftException: raiseSoftException(onWindowFocusChange(hasFocus = "true")): Tried to access onWindowFocusChange while context is not ready
10-30 22:17:10.873  9163  9163 E unknown:ReactHost: 	at com.facebook.react.runtime.ReactHostImpl.raiseSoftException(ReactHostImpl.kt:826)
10-30 22:17:10.873  9163  9163 E unknown:ReactHost: 	at com.facebook.react.runtime.ReactHostImpl.raiseSoftException$default(ReactHostImpl.kt:817)
10-30 22:17:13.755   690  3158 E TaskPersister: File error accessing recents directory (directory doesn't exist?).
10-30 22:17:14.579  9163  9208 E chromium: [1030/221714.579036:ERROR:variations_seed_loader.cc(39)] Seed missing signature.
10-30 22:17:14.594  9163  9202 E ReactNativeJS: [runtime not ready]: TypeError: Cannot read property 'SM' of undefined
10-30 22:17:14.597  9163  9202 W unknown:BridgelessReact: ReactHost{0}.handleHostException(message = "[runtime not ready]: TypeError: Cannot read property 'SM' of undefined, stack:
10-30 22:17:14.599  9163  9202 E unknown:ReactNative: Exception in native call from JS
10-30 22:17:14.599  9163  9202 E unknown:ReactNative: com.facebook.react.common.JavascriptException: [runtime not ready]: TypeError: Cannot read property 'SM' of undefined, stack:
10-30 22:17:14.599  9163  9202 E unknown:ReactNative: 	at com.facebook.react.modules.core.ExceptionsManagerModule.reportException(ExceptionsManagerModule.kt:52)
10-30 22:17:14.599  9163  9202 E unknown:ReactNative: 	at com.facebook.react.runtime.ReactInstance$ReactJsExceptionHandlerImpl.reportJsException(ReactInstance.kt:293)
10-30 22:17:14.603  9163  9184 W unknown:BridgelessReact: ReactHost{0}.raiseSoftException(getOrCreateDestroyTask()): handleHostException(message = "[runtime not ready]: TypeError: Cannot read property 'SM' of undefined, stack:
10-30 22:17:14.603  9163  9184 E unknown:ReactHost: Unhandled SoftException
10-30 22:17:14.603  9163  9184 E unknown:ReactHost: com.facebook.react.bridge.ReactNoCrashSoftException: raiseSoftException(getOrCreateDestroyTask()): handleHostException(message = "[runtime not ready]: TypeError: Cannot read property 'SM' of undefined, stack:
10-30 22:17:14.603  9163  9184 E unknown:ReactHost: 	at com.facebook.react.runtime.ReactHostImpl.raiseSoftException(ReactHostImpl.kt:826)
10-30 22:17:14.603  9163  9184 E unknown:ReactHost: Caused by: com.facebook.react.common.JavascriptException: [runtime not ready]: TypeError: Cannot read property 'SM' of undefined, stack:
10-30 22:17:14.603  9163  9184 E unknown:ReactHost: 	at com.facebook.react.modules.core.ExceptionsManagerModule.reportException(ExceptionsManagerModule.kt:52)
10-30 22:17:14.603  9163  9184 E unknown:ReactHost: 	at com.facebook.react.runtime.ReactInstance$ReactJsExceptionHandlerImpl.reportJsException(ReactInstance.kt:293)
10-30 22:17:14.609  9163  9202 E ReactNativeJS: * A module failed to load due to an error and `AppRegistry.registerComponent` wasn't called.
10-30 22:17:14.615  9163  9211 W unknown:BridgelessReact: ReactHost{0}.raiseSoftException(callWithExistingReactInstance(callFunctionOnModule("RCTDeviceEventEmitter", "emit"))): Execute: reactInstance is null. Dropping work.
10-30 22:17:14.615  9163  9211 E unknown:ReactHost: Unhandled SoftException
10-30 22:17:14.615  9163  9211 E unknown:ReactHost: com.facebook.react.bridge.ReactNoCrashSoftException: raiseSoftException(callWithExistingReactInstance(callFunctionOnModule("RCTDeviceEventEmitter", "emit"))): Execute: reactInstance is null. Dropping work.
10-30 22:17:14.615  9163  9211 E unknown:ReactHost: 	at com.facebook.react.runtime.ReactHostImpl.raiseSoftException(ReactHostImpl.kt:826)
10-30 22:17:14.615  9163  9211 E unknown:ReactHost: 	at com.facebook.react.runtime.ReactHostImpl.raiseSoftException$default(ReactHostImpl.kt:817)
10-30 22:17:14.654  9163  9163 W unknown:BridgelessReact: ReactHost{0}.raiseSoftException(callWithExistingReactInstance(callFunctionOnModule("RCTDeviceEventEmitter", "emit"))): Execute: reactInstance is null. Dropping work.
10-30 22:17:14.654  9163  9163 E unknown:ReactHost: Unhandled SoftException
10-30 22:17:14.654  9163  9163 E unknown:ReactHost: com.facebook.react.bridge.ReactNoCrashSoftException: raiseSoftException(callWithExistingReactInstance(callFunctionOnModule("RCTDeviceEventEmitter", "emit"))): Execute: reactInstance is null. Dropping work.
10-30 22:17:14.654  9163  9163 E unknown:ReactHost: 	at com.facebook.react.runtime.ReactHostImpl.raiseSoftException(ReactHostImpl.kt:826)
10-30 22:17:14.654  9163  9163 E unknown:ReactHost: 	at com.facebook.react.runtime.ReactHostImpl.raiseSoftException$default(ReactHostImpl.kt:817)
10-30 22:17:14.658  9163  9163 W unknown:BridgelessReact: ReactHost{0}.raiseSoftException(callWithExistingReactInstance(callFunctionOnModule("RCTDeviceEventEmitter", "emit"))): Execute: reactInstance is null. Dropping work.
10-30 22:17:14.658  9163  9163 E unknown:ReactHost: Unhandled SoftException
